07-22 17:38:23.589   589  3752 E SettingsToPropertiesMapper: key=persist.device_config.configuration.AdbWritableFlags__adb_writable_flags_list value=adservices/disable_sdk_sandbox,adservices/enforce_broadcast_receiver_restrictions,adservices/fledge_ad_selection_enforce_foreground_status_custom_audience,adservices/fledge_custom_audience_max_count,adservices/fledge_custom_audience_max_num_ads,adservices/fledge_custom_audience_max_owner_count,adservices/fledge_custom_audience_per_app_max_count,adservices/fledge_js_isolate_enforce_max_heap_size,adservices/fledge_js_isolate_max_heap_size_bytes,adservices/sdk_request_permits_per_second,adservices/sdksandbox_customized_sdk_context_enabled,configuration/namespace_to_package_mapping,constrain_display_apis/always_constrain_display_apis,constrain_display_apis/never_constrain_display_apis,constrain_display_apis/never_constrain_display_apis_all_packages,device_policy_manager/disable_resources_updatability,flipendo/default_savings_mode_launch,flipendo/essential_apps,flipendo/flipendo_enabled_launch,flipendo/grayscale_enabled_launch,flipendo/lever_ble_scanning_enabled_launch,flipendo/lever_hotspot_enabled_launch,flipendo/lever_work_profile_enabled_launch,flipendo/resuspend_delay_minutes,namespace/key,namespace1/key1,namespace1/key2,namespace2/key1,namespace2/key2,package_manager_service/incfs_default_timeouts,package_manager_service/known_digesters_list,privacy/location_access_check_periodic_interval_millis,rollback/enable_rollback_timeout,rollback/watchdog_explicit_health_check_enabled,rollback/watchdog_request_timeout_millis,rollback/watchdog_trigger_failure_count,rollback/watchdog_trigger_failure_duration_millis,rollback_boot/rollback_lifetime_in_millis,systemui/nas_generate_actions,systemui/nas_generate_replies,systemui/nas_max_messages_to_extract,systemui/nas_max_suggestions,testspace/another,testspace/flagname,textclassifier/config_updater_model_enabled,textclassifier/key,textclassifier/key2,textclassifier/manifest_url_annotator_en,textclassifier/manifest_url_annotator_ru,textclassifier/model_download_backoff_delay_in_millis,textclassifier/model_download_manager_enabled,textclassifier/multi_language_support_enabled,textclassifier/testing_locale_list_override,textclassifier/textclassifier_service_package_override,window_manager/enable_default_rescind_bal_privileges_from_pending_intent_sender,wrong/nas_generate_replies, exceeds system property max length.
07-22 17:38:23.589   589  3752 E SettingsToPropertiesMapper: key=persist.device_config.aconfig_flags.configuration.AdbWritableFlags__adb_writable_flags_list value=adservices/disable_sdk_sandbox,adservices/enforce_broadcast_receiver_restrictions,adservices/fledge_ad_selection_enforce_foreground_status_custom_audience,adservices/fledge_custom_audience_max_count,adservices/fledge_custom_audience_max_num_ads,adservices/fledge_custom_audience_max_owner_count,adservices/fledge_custom_audience_per_app_max_count,adservices/fledge_js_isolate_enforce_max_heap_size,adservices/fledge_js_isolate_max_heap_size_bytes,adservices/sdk_request_permits_per_second,adservices/sdksandbox_customized_sdk_context_enabled,configuration/namespace_to_package_mapping,constrain_display_apis/always_constrain_display_apis,constrain_display_apis/never_constrain_display_apis,constrain_display_apis/never_constrain_display_apis_all_packages,device_policy_manager/disable_resources_updatability,flipendo/default_savings_mode_launch,flipendo/essential_apps,flipendo/flipendo_enabled_launch,flipendo/grayscale_enabled_launch,flipendo/lever_ble_scanning_enabled_launch,flipendo/lever_hotspot_enabled_launch,flipendo/lever_work_profile_enabled_launch,flipendo/resuspend_delay_minutes,namespace/key,namespace1/key1,namespace1/key2,namespace2/key1,namespace2/key2,package_manager_service/incfs_default_timeouts,package_manager_service/known_digesters_list,privacy/location_access_check_periodic_interval_millis,rollback/enable_rollback_timeout,rollback/watchdog_explicit_health_check_enabled,rollback/watchdog_request_timeout_millis,rollback/watchdog_trigger_failure_count,rollback/watchdog_trigger_failure_duration_millis,rollback_boot/rollback_lifetime_in_millis,systemui/nas_generate_actions,systemui/nas_generate_replies,systemui/nas_max_messages_to_extract,systemui/nas_max_suggestions,testspace/another,testspace/flagname,textclassifier/config_updater_model_enabled,textclassifier/key,textclassifier/key2,textclassifier/manifest_url_annotator_en,textclassifier/manifest_url_annotator_ru,textclassifier/model_download_backoff_delay_in_millis,textclassifier/model_download_manager_enabled,textclassifier/multi_language_support_enabled,textclassifier/testing_locale_list_override,textclassifier/textclassifier_service_package_override,window_manager/enable_default_rescind_bal_privileges_from_pending_intent_sender,wrong/nas_generate_replies, exceeds system property max length.
07-22 17:38:24.123  7268  8167 I NearbySharing: onBindSlice failed since shareTargets is empty [CONTEXT service_id=194 ]
07-22 17:38:24.722  7238  7983 W NetworkScheduler: java.lang.IllegalArgumentException: Only the following extra parameter types are supported: Integer, Long, Double, String, Boolean, and nested Bundles with the same restrictions.
07-22 17:38:30.351  7238  7359 W TapAndPay: java.lang.NullPointerException: NfcAdapter is null
07-22 17:38:31.081  7238  7321 W AsyncOperation: OperationException[Status{statusCode=Stale snapshot for com.google.android.gms.maps#com.google.android.gms(change count changed - expected 8  but was 1), resolution=null}]
07-22 17:38:31.643  7238  7922 W NetworkScheduler: java.lang.IllegalArgumentException: Only the following extra parameter types are supported: Integer, Long, Double, String, Boolean, and nested Bundles with the same restrictions.
07-22 17:38:31.679  7268  8178 W PeoplePU: getComponentEnabledSetting failed.
07-22 17:38:31.679  7268  8178 W PeoplePU: java.lang.IllegalArgumentException: Unknown component: ComponentInfo{com.google.android.syncadapters.contacts/com.google.android.syncadapters.contacts.ContactsSyncAdapterService}
07-22 17:38:31.679  7268  8178 W PeoplePU: 	at android.os.Parcel.createExceptionOrNull(Parcel.java:3246)
07-22 17:38:31.679  7268  8178 W PeoplePU: 	at android.os.Parcel.createException(Parcel.java:3226)
07-22 17:38:31.679  7268  8178 W PeoplePU: 	at android.os.Parcel.readException(Parcel.java:3209)
07-22 17:38:31.679  7268  8178 W PeoplePU: 	at android.os.Parcel.readException(Parcel.java:3151)
07-22 17:38:31.679  7268  8178 W PeoplePU: Caused by: android.os.RemoteException: Remote stack trace:
07-22 17:38:31.681  7268  8178 W PeoplePU: getComponentEnabledSetting failed.
07-22 17:38:31.681  7268  8178 W PeoplePU: java.lang.IllegalArgumentException: Unknown component: ComponentInfo{com.google.android.syncadapters.contacts/com.google.android.syncadapters.contacts.ContactsSyncAdapterService}
07-22 17:38:31.681  7268  8178 W PeoplePU: 	at android.os.Parcel.createExceptionOrNull(Parcel.java:3246)
07-22 17:38:31.681  7268  8178 W PeoplePU: 	at android.os.Parcel.createException(Parcel.java:3226)
07-22 17:38:31.681  7268  8178 W PeoplePU: 	at android.os.Parcel.readException(Parcel.java:3209)
07-22 17:38:31.681  7268  8178 W PeoplePU: 	at android.os.Parcel.readException(Parcel.java:3151)
07-22 17:38:31.682  7268  8178 W PeoplePU: getComponentEnabledSetting failed.
07-22 17:38:31.682  7268  8178 W PeoplePU: java.lang.IllegalArgumentException: Unknown component: ComponentInfo{com.google.android.syncadapters.contacts/com.google.android.syncadapters.contacts.ProxyGalProvider}
07-22 17:38:31.682  7268  8178 W PeoplePU: 	at android.os.Parcel.createExceptionOrNull(Parcel.java:3246)
07-22 17:38:31.682  7268  8178 W PeoplePU: 	at android.os.Parcel.createException(Parcel.java:3226)
07-22 17:38:31.682  7268  8178 W PeoplePU: 	at android.os.Parcel.readException(Parcel.java:3209)
07-22 17:38:31.682  7268  8178 W PeoplePU: 	at android.os.Parcel.readException(Parcel.java:3151)
07-22 17:38:31.770  7238  7427 E gdbt    : java.lang.RuntimeException: ManagedChannel allocation site
07-22 17:38:31.915   589   715 W AppOpService: java.lang.RuntimeException
07-22 17:38:31.966   589  1951 W AppOpService: java.lang.RuntimeException
07-22 17:38:31.980   589   715 W AppOpService: java.lang.RuntimeException
07-22 17:38:31.989   589  1384 W AppOpService: java.lang.RuntimeException
07-22 17:38:31.995   589  1384 W AppOpService: java.lang.RuntimeException
07-22 17:38:31.998   589  1964 W AppOpService: java.lang.RuntimeException
07-22 17:38:32.601  7238  7922 W SemanticLocation: [MDD] ModelBundleMetadata: File not found: java.io.FileNotFoundException: /data/user/0/com.google.android.gms/files/model_bundle_metadata.pb: open failed: ENOENT (No such file or directory) [CONTEXT service_id=173 ]
07-22 17:38:32.601  7238  7922 W SemanticLocation: java.io.FileNotFoundException: /data/user/0/com.google.android.gms/files/model_bundle_metadata.pb: open failed: ENOENT (No such file or directory)
07-22 17:38:32.601  7238  7922 W SemanticLocation: Caused by: android.system.ErrnoException: open failed: ENOENT (No such file or directory)
07-22 17:38:32.623  7238  7922 W SemanticLocation: [MDD] ModelBundleMetadata: File not found: java.io.FileNotFoundException: /data/user/0/com.google.android.gms/files/model_bundle_metadata.pb: open failed: ENOENT (No such file or directory) [CONTEXT service_id=173 ]
07-22 17:38:32.623  7238  7922 W SemanticLocation: java.io.FileNotFoundException: /data/user/0/com.google.android.gms/files/model_bundle_metadata.pb: open failed: ENOENT (No such file or directory)
07-22 17:38:32.623  7238  7922 W SemanticLocation: Caused by: android.system.ErrnoException: open failed: ENOENT (No such file or directory)
07-22 17:38:32.800  7268  7325 W Conscrypt: Could not set socket write timeout: java.net.SocketException: Socket closed
07-22 17:38:32.874  7268  7325 W Conscrypt: Could not set socket write timeout: java.net.SocketException: Socket closed
07-22 17:38:33.142   589   713 W AppOpService: java.lang.RuntimeException
07-22 17:38:33.233   589   715 W AppOpService: java.lang.RuntimeException
07-22 17:38:33.241   589  1964 W AppOpService: java.lang.RuntimeException
07-22 17:38:33.246   589  1940 W AppOpService: java.lang.RuntimeException
07-22 17:38:33.250   589   715 W AppOpService: java.lang.RuntimeException
07-22 17:38:33.253   589   715 W AppOpService: java.lang.RuntimeException
07-22 17:38:33.325   472  8336 I CCodecConfig: query failed after returning 8 values (BAD_INDEX)
07-22 17:38:33.330   472  8336 I CCodecConfig: query failed after returning 8 values (BAD_INDEX)
07-22 17:38:33.359   488  1099 E Codec2-ComponentInterface: We have a failed config
07-22 17:38:33.541   431  3188 D audioserver: logFgsApiBegin: FGS Logger Transaction failed, -129
07-22 17:38:34.110  7268  7325 E gdbt    : java.lang.RuntimeException: ManagedChannel allocation site
07-22 17:38:34.110  7268  7325 E gdbt    : java.lang.RuntimeException: ManagedChannel allocation site
07-22 17:38:34.697   589  1940 W AppOpService: java.lang.RuntimeException
07-22 17:38:34.705   589  1922 W AppOpService: java.lang.RuntimeException
07-22 17:38:34.706   589  1922 W AppOpService: java.lang.RuntimeException
07-22 17:38:34.707   589  1964 W AppOpService: java.lang.RuntimeException
07-22 17:38:34.707   589  1922 W AppOpService: java.lang.RuntimeException
07-22 17:38:34.708   589  1922 W AppOpService: java.lang.RuntimeException
07-22 17:38:35.563   472  3041 W AMessage: failed to post message as target looper for handler 0 is gone.
07-22 17:38:35.610   431   541 D audioserver: logFgsApiEnd: FGS Logger Transaction failed, -129
07-22 17:38:35.623   431   541 D audioserver: logFgsApiEnd: FGS Logger Transaction failed, -129
07-22 17:39:49.301  7238  7944 W GLSUser : [AppCertManager] Exception while requesting key: 
07-22 17:39:49.301  7238  7944 W GLSUser : java.util.concurrent.ExecutionException: bpka: Parse Proto Exception with response code 400
07-22 17:39:49.301  7238  7944 W GLSUser : Caused by: bpka: Parse Proto Exception with response code 400
07-22 17:39:50.217  7238  8364 W TapAndPay: java.lang.NullPointerException: NfcAdapter is null
07-22 17:41:05.553  7238  7379 W NetworkScheduler: android.database.sqlite.SQLiteConstraintException: UNIQUE constraint failed: pending_ops.tag, pending_ops.target_class, pending_ops.target_package, pending_ops.user_id (code 2067 SQLITE_CONSTRAINT_UNIQUE)
07-22 17:41:06.012  7238  7247 W GLSUser : [AppCertManager] Exception while requesting key: 
07-22 17:41:06.012  7238  7247 W GLSUser : java.util.concurrent.ExecutionException: bpka: Parse Proto Exception with response code 400
07-22 17:41:06.012  7238  7247 W GLSUser : Caused by: bpka: Parse Proto Exception with response code 400
07-22 17:41:06.059  7268  8396 W Conscrypt: Could not set socket write timeout: java.net.SocketException: Socket closed
07-22 17:41:06.127  7268  8396 W Conscrypt: Could not set socket write timeout: java.net.SocketException: Socket closed
07-22 17:41:06.828  7268  8397 E constellation: [rpc_manager] SetConsent failed with status: gcqg{code=PERMISSION_DENIED, description=The caller does not have permission, cause=null}
07-22 17:41:06.828  7268  8397 E constellation: Exception: 
07-22 17:41:06.831  7572  7699 E BugleRcsEngine: cirm: ContentProvider request failed, failureReason: UID_NOT_VERIFIED_ERROR
07-22 17:41:06.831  7572  7699 E BugleRcsEngine: 	at doji.setException(PG:19)
07-22 17:41:06.831  7572  7699 E BugleRcsEngine: 	at doji.setException(PG:19)
07-22 17:41:06.831  7572  7699 W BugleRcsEngine: setAsterismConsent failure: sessionId=983b3c9f-b01a-473a-9b98-7bf84fec0b0e requestCode=1 consent=0 googleToSConsentSource=4 [CONTEXT thread_id=62 ]
07-22 17:41:06.834  7572  8392 W BugleRcsEngine: googleToSConsentApi.setConsent 0 failed [983b3c9f-b01a-473a-9b98-7bf84fec0b0e] [CONTEXT log_prefix="(PEv2-SM222641428-DefaultCallSmsData-1-e94)" thread_id=92 ]
07-22 17:41:08.239  7572  8393 I BugleJobs: GenericWorkerQueueAction: Bailing early, no work found, no failed work found
07-22 17:41:10.661  7268  8422 W PeoplePU: getComponentEnabledSetting failed.
07-22 17:41:10.661  7268  8422 W PeoplePU: java.lang.IllegalArgumentException: Unknown component: ComponentInfo{com.google.android.syncadapters.contacts/com.google.android.syncadapters.contacts.ContactsSyncAdapterService}
07-22 17:41:10.661  7268  8422 W PeoplePU: 	at android.os.Parcel.createExceptionOrNull(Parcel.java:3246)
07-22 17:41:10.661  7268  8422 W PeoplePU: 	at android.os.Parcel.createException(Parcel.java:3226)
07-22 17:41:10.661  7268  8422 W PeoplePU: 	at android.os.Parcel.readException(Parcel.java:3209)
07-22 17:41:10.661  7268  8422 W PeoplePU: 	at android.os.Parcel.readException(Parcel.java:3151)
07-22 17:41:10.661  7268  8422 W PeoplePU: Caused by: android.os.RemoteException: Remote stack trace:
07-22 17:41:10.670  7268  8422 W PeoplePU: getComponentEnabledSetting failed.
07-22 17:41:10.670  7268  8422 W PeoplePU: java.lang.IllegalArgumentException: Unknown component: ComponentInfo{com.google.android.syncadapters.contacts/com.google.android.syncadapters.contacts.ContactsSyncAdapterService}
07-22 17:41:10.670  7268  8422 W PeoplePU: 	at android.os.Parcel.createExceptionOrNull(Parcel.java:3246)
07-22 17:41:10.670  7268  8422 W PeoplePU: 	at android.os.Parcel.createException(Parcel.java:3226)
07-22 17:41:10.670  7268  8422 W PeoplePU: 	at android.os.Parcel.readException(Parcel.java:3209)
07-22 17:41:10.670  7268  8422 W PeoplePU: 	at android.os.Parcel.readException(Parcel.java:3151)
07-22 17:41:10.672  7268  8422 W PeoplePU: getComponentEnabledSetting failed.
07-22 17:41:10.672  7268  8422 W PeoplePU: java.lang.IllegalArgumentException: Unknown component: ComponentInfo{com.google.android.syncadapters.contacts/com.google.android.syncadapters.contacts.ProxyGalProvider}
07-22 17:41:10.672  7268  8422 W PeoplePU: 	at android.os.Parcel.createExceptionOrNull(Parcel.java:3246)
07-22 17:41:10.672  7268  8422 W PeoplePU: 	at android.os.Parcel.createException(Parcel.java:3226)
07-22 17:41:10.672  7268  8422 W PeoplePU: 	at android.os.Parcel.readException(Parcel.java:3209)
07-22 17:41:10.672  7268  8422 W PeoplePU: 	at android.os.Parcel.readException(Parcel.java:3151)
07-22 17:42:14.115  7238  7386 W TapAndPay: java.lang.NullPointerException: NfcAdapter is null
07-22 17:42:14.429  7238  7248 W GLSUser : [AppCertManager] Exception while requesting key: 
07-22 17:42:14.429  7238  7248 W GLSUser : java.util.concurrent.ExecutionException: bpka: Parse Proto Exception with response code 400
07-22 17:42:14.429  7238  7248 W GLSUser : Caused by: bpka: Parse Proto Exception with response code 400
07-22 17:42:14.432  7268  7863 E gdbt    : java.lang.RuntimeException: ManagedChannel allocation site
07-22 17:42:14.433  7268  7863 E gdbt    : java.lang.RuntimeException: ManagedChannel allocation site
07-22 17:42:14.433  7268  7863 E gdbt    : java.lang.RuntimeException: ManagedChannel allocation site
07-22 17:42:14.433  7268  7863 E gdbt    : java.lang.RuntimeException: ManagedChannel allocation site
07-22 17:43:59.112  7238  7247 W GLSUser : [AppCertManager] Exception while requesting key: 
07-22 17:43:59.112  7238  7247 W GLSUser : java.util.concurrent.ExecutionException: bpka: Parse Proto Exception with response code 400
07-22 17:43:59.112  7238  7247 W GLSUser : Caused by: bpka: Parse Proto Exception with response code 400
07-22 17:44:08.363  7268  8287 W Conscrypt: Could not set socket write timeout: java.net.SocketException: Socket closed
07-22 17:44:08.516  7268  8287 W Conscrypt: Could not set socket write timeout: java.net.SocketException: Socket closed
07-22 17:47:49.974  7238  8508 W TapAndPay: java.lang.NullPointerException: NfcAdapter is null
07-22 17:47:50.496  7238  7247 W GLSUser : [AppCertManager] Exception while requesting key: 
07-22 17:47:50.496  7238  7247 W GLSUser : java.util.concurrent.ExecutionException: bpka: Parse Proto Exception with response code 400
07-22 17:47:50.496  7238  7247 W GLSUser : Caused by: bpka: Parse Proto Exception with response code 400
07-22 17:47:50.547  7268  8538 W Conscrypt: Could not set socket write timeout: java.net.SocketException: Socket closed
07-22 17:47:50.620  7268  8538 W Conscrypt: Could not set socket write timeout: java.net.SocketException: Socket closed
07-22 17:47:51.316  7268  8531 E constellation: [rpc_manager] SetConsent failed with status: gcqg{code=PERMISSION_DENIED, description=The caller does not have permission, cause=null}
07-22 17:47:51.316  7268  8531 E constellation: Exception: 
07-22 17:47:51.320  7572  7640 E BugleRcsEngine: cirm: ContentProvider request failed, failureReason: UID_NOT_VERIFIED_ERROR
07-22 17:47:51.320  7572  7640 E BugleRcsEngine: 	at doji.setException(PG:19)
07-22 17:47:51.320  7572  7640 E BugleRcsEngine: 	at doji.setException(PG:19)
07-22 17:47:51.321  7572  7640 W BugleRcsEngine: setAsterismConsent failure: sessionId=5bf648a1-97e8-4375-99f8-8c5ffdc86209 requestCode=1 consent=0 googleToSConsentSource=4 [CONTEXT thread_id=57 ]
07-22 17:47:51.322  7572  8515 W BugleRcsEngine: googleToSConsentApi.setConsent 0 failed [5bf648a1-97e8-4375-99f8-8c5ffdc86209] [CONTEXT log_prefix="(PEv2-SM31070742-DefaultCallSmsData-1-e94)" thread_id=97 ]
07-22 17:48:25.107  7238  7684 V NativeCrypto: SSL shutdown failed: ssl=0x70fded192758: I/O error during system call, Broken pipe
07-22 17:48:25.135  7238  7378 I TrafficStats: tagSocketFd(-1, 536871943, -1) failed with errno-9
07-22 17:48:25.227  1205  8550 D NetworkMonitor/100: PROBE_HTTP http://connectivitycheck.gstatic.com/generate_204 Probe failed with exception java.io.IOException: unexpected end of stream on com.android.okhttp.Address@b543077c
07-22 17:57:39.316  7238  8625 W TapAndPay: java.lang.NullPointerException: NfcAdapter is null
07-22 17:57:42.189  7238  7248 W GLSUser : [AppCertManager] Exception while requesting key: 
07-22 17:57:42.189  7238  7248 W GLSUser : java.util.concurrent.ExecutionException: bpka: Parse Proto Exception with response code 400
07-22 17:57:42.189  7238  7248 W GLSUser : Caused by: bpka: Parse Proto Exception with response code 400
07-22 17:57:42.434  7364  8640 I Finsky  : [149] kuz.apply(1204): AF: Checkbox is disabled because isCheckboxEnabled() returned false, or was cancelled, or failed.
07-22 17:57:42.807  7268  8209 W Conscrypt: Could not set socket write timeout: java.net.SocketException: Socket closed
07-22 17:57:42.922  7268  8209 W Conscrypt: Could not set socket write timeout: java.net.SocketException: Socket closed
07-22 17:57:43.733  7268  8644 E constellation: [rpc_manager] SetConsent failed with status: gcqg{code=PERMISSION_DENIED, description=The caller does not have permission, cause=null}
07-22 17:57:43.733  7268  8644 E constellation: Exception: 
07-22 17:57:43.746  7572  8619 E BugleRcsEngine: cirm: ContentProvider request failed, failureReason: UID_NOT_VERIFIED_ERROR
07-22 17:57:43.746  7572  8619 E BugleRcsEngine: 	at doji.setException(PG:19)
07-22 17:57:43.746  7572  8619 E BugleRcsEngine: 	at doji.setException(PG:19)
07-22 17:57:43.747  7572  8619 W BugleRcsEngine: setAsterismConsent failure: sessionId=0fbd00f2-86c4-44be-ba02-d35e05a5d03e requestCode=1 consent=0 googleToSConsentSource=4 [CONTEXT thread_id=102 ]
07-22 17:57:43.761  7572  8622 W BugleRcsEngine: googleToSConsentApi.setConsent 0 failed [0fbd00f2-86c4-44be-ba02-d35e05a5d03e] [CONTEXT log_prefix="(PEv2-SM138447914-DefaultCallSmsData-1-e94)" thread_id=103 ]
07-22 18:00:01.003   589  1964 W AppOpService: java.lang.RuntimeException
07-22 18:00:01.017   589  1964 W AppOpService: java.lang.RuntimeException
07-22 18:00:01.019   589  1964 W AppOpService: java.lang.RuntimeException
07-22 18:00:01.019   589  1964 W AppOpService: java.lang.RuntimeException
07-22 18:00:01.020   589  1964 W AppOpService: java.lang.RuntimeException
07-22 18:00:01.020   589  1964 W AppOpService: java.lang.RuntimeException
07-22 18:00:01.030   589  1964 W AppOpService: java.lang.RuntimeException
07-22 18:00:01.035   589  1964 W AppOpService: java.lang.RuntimeException
07-22 18:00:01.036   589  1964 W AppOpService: java.lang.RuntimeException
07-22 18:00:01.036   589  1964 W AppOpService: java.lang.RuntimeException
07-22 18:00:01.037   589  1964 W AppOpService: java.lang.RuntimeException
07-22 18:00:01.037   589  1964 W AppOpService: java.lang.RuntimeException
07-22 18:02:22.979  8708  8708 E crash_dump64: failed to get the guest state header for thread 8679: Bad address
07-22 18:02:22.981  8708  8708 E crash_dump64: failed to get the guest state header for thread 8680: Bad address
07-22 18:02:22.981  8708  8708 E crash_dump64: failed to get the guest state header for thread 8681: Bad address
07-22 18:02:22.982  8708  8708 E crash_dump64: failed to get the guest state header for thread 8682: Bad address
07-22 18:02:22.982  8708  8708 E crash_dump64: failed to get the guest state header for thread 8683: Bad address
07-22 18:02:22.983  8708  8708 E crash_dump64: failed to get the guest state header for thread 8684: Bad address
07-22 18:02:22.983  8708  8708 E crash_dump64: failed to get the guest state header for thread 8685: Bad address
07-22 18:02:22.983  8708  8708 E crash_dump64: failed to get the guest state header for thread 8686: Bad address
07-22 18:02:22.983  8708  8708 E crash_dump64: failed to get the guest state header for thread 8687: Bad address
07-22 18:02:22.984  8708  8708 E crash_dump64: failed to get the guest state header for thread 8688: Bad address
07-22 18:02:22.985  8708  8708 E crash_dump64: failed to get the guest state header for thread 8689: Bad address
07-22 18:02:22.985  8708  8708 E crash_dump64: failed to get the guest state header for thread 8691: Bad address
07-22 18:02:22.985  8708  8708 E crash_dump64: failed to get the guest state header for thread 8692: Bad address
07-22 18:02:22.986  8708  8708 E crash_dump64: failed to get the guest state header for thread 8693: Bad address
07-22 18:02:22.986  8708  8708 E crash_dump64: failed to get the guest state header for thread 8697: Bad address
07-22 18:02:22.987  8708  8708 E crash_dump64: failed to get the guest state header for thread 8698: Bad address
07-22 18:02:22.987  8708  8708 E crash_dump64: failed to get the guest state header for thread 8699: Bad address
07-22 18:02:22.988  8708  8708 E crash_dump64: failed to get the guest state header for thread 8700: Bad address
07-22 18:02:22.989  8708  8708 E crash_dump64: failed to get the guest state header for thread 8701: Bad address
07-22 18:02:22.989  8708  8708 E crash_dump64: failed to get the guest state header for thread 8702: Bad address
07-22 18:02:22.989  8708  8708 E crash_dump64: failed to get the guest state header for thread 8703: Bad address
07-22 18:02:22.990  8708  8708 E crash_dump64: failed to get the guest state header for thread 8704: Bad address
07-22 18:02:22.990  8708  8708 E crash_dump64: failed to get the guest state header for thread 8705: Bad address
07-22 18:02:23.051  8708  8708 E DEBUG   : failed to read process info: failed to open /proc/8679: No such file or directory
07-22 18:08:18.043  8737  8737 E IPCThreadState: Binder transaction failure: 964743/29201/-1
07-22 18:08:18.047  8737  8737 E IPCThreadState: Binder transaction failure: 964747/29201/-1
07-22 18:08:18.055  8737  8737 E IPCThreadState: Binder transaction failure: 964751/29201/-1
07-22 18:08:18.059  8737  8737 E IPCThreadState: Binder transaction failure: 964757/29201/-1
07-22 18:08:18.071  8737  8737 E IPCThreadState: Binder transaction failure: 964761/29201/-1
07-22 18:08:18.071  8737  8737 E IPCThreadState: Binder transaction failure: 964779/29201/-1
07-22 18:08:18.072  8737  8737 E IPCThreadState: Binder transaction failure: 964783/29201/-1
07-22 18:08:18.088  8737  8737 E IPCThreadState: Binder transaction failure: 964795/29201/-1
07-22 18:08:18.102  8737  8737 E IPCThreadState: Binder transaction failure: 964806/29201/-1
07-22 18:08:18.109  8737  8737 E IPCThreadState: Binder transaction failure: 964810/29201/-1
07-22 18:08:18.111  8737  8737 E IPCThreadState: Binder transaction failure: 964814/29201/-1
07-22 18:08:18.112  8737  8737 E IPCThreadState: Binder transaction failure: 964818/29201/-1
07-22 18:08:18.113  8737  8737 E IPCThreadState: Binder transaction failure: 964822/29201/-1
07-22 18:08:18.151  8737  8737 E IPCThreadState: Binder transaction failure: 964852/29201/-1
07-22 18:08:18.152  8737  8737 E IPCThreadState: Binder transaction failure: 964856/29201/-1
07-22 18:08:18.153  8737  8737 E IPCThreadState: Binder transaction failure: 964860/29201/-1
07-22 18:08:18.154  8737  8737 E IPCThreadState: Binder transaction failure: 964864/29201/-1
07-22 18:08:18.155  8737  8737 E IPCThreadState: Binder transaction failure: 964868/29201/-1
07-22 18:08:18.157  8737  8737 E IPCThreadState: Binder transaction failure: 964872/29201/-1
07-22 18:08:18.158  8737  8737 E IPCThreadState: Binder transaction failure: 964876/29201/-1
07-22 18:08:18.158  8737  8737 E IPCThreadState: Binder transaction failure: 964880/29201/-1
07-22 18:08:18.159  8737  8737 E IPCThreadState: Binder transaction failure: 964884/29201/-1
07-22 18:08:18.160  8737  8737 E IPCThreadState: Binder transaction failure: 964888/29201/-1
07-22 18:08:18.161  8737  8737 E IPCThreadState: Binder transaction failure: 964892/29201/-1
07-22 18:08:18.163  8737  8737 E IPCThreadState: Binder transaction failure: 964896/29201/-1
07-22 18:08:18.188  8737  8737 E IPCThreadState: Binder transaction failure: 964915/29201/-1
07-22 18:08:18.190  8737  8737 E IPCThreadState: Binder transaction failure: 964919/29201/-1
07-22 18:08:18.193  8737  8737 E IPCThreadState: Binder transaction failure: 964923/29201/-1
07-22 18:08:18.194  8737  8737 E IPCThreadState: Binder transaction failure: 964927/29201/-1
07-22 18:08:18.195  8737  8737 E IPCThreadState: Binder transaction failure: 964931/29201/-1
07-22 18:08:18.197  8737  8737 E IPCThreadState: Binder transaction failure: 964935/29201/-1
07-22 18:08:18.237  8737  8737 E IPCThreadState: Binder transaction failure: 964987/29201/-1
07-22 18:08:18.238  8737  8737 E IPCThreadState: Binder transaction failure: 964991/29201/-1
07-22 18:08:18.766  8737  8737 E IPCThreadState: Binder transaction failure: 966145/29201/-1
07-22 18:08:18.858  8740  8740 E IPCThreadState: Binder transaction failure: 966289/29201/-1
07-22 18:08:18.858  8740  8740 E IPCThreadState: Binder transaction failure: 966293/29201/-1
07-22 18:08:18.858  8740  8740 E IPCThreadState: Binder transaction failure: 966297/29201/-1
07-22 18:08:18.859  8740  8740 E IPCThreadState: Binder transaction failure: 966301/29201/-1
07-22 18:08:18.859  8740  8740 E IPCThreadState: Binder transaction failure: 966305/29201/-1
07-22 18:08:18.859  8740  8740 E IPCThreadState: Binder transaction failure: 966309/29201/-1
07-22 18:08:18.860  8740  8740 E IPCThreadState: Binder transaction failure: 966313/29201/-1
07-22 18:08:18.861  8740  8740 E IPCThreadState: Binder transaction failure: 966322/29201/-1
07-22 18:08:18.863  8740  8740 E IPCThreadState: Binder transaction failure: 966331/29201/-1
07-22 18:08:18.863  8740  8740 E IPCThreadState: Binder transaction failure: 966335/29201/-1
07-22 18:08:18.864  8740  8740 E IPCThreadState: Binder transaction failure: 966339/29201/-1
07-22 18:08:18.864  8740  8740 E IPCThreadState: Binder transaction failure: 966343/29201/-1
07-22 18:08:18.864  8740  8740 E IPCThreadState: Binder transaction failure: 966347/29201/-1
07-22 18:08:18.869  8740  8740 E IPCThreadState: Binder transaction failure: 966373/29201/-1
07-22 18:08:18.870  8740  8740 E IPCThreadState: Binder transaction failure: 966377/29201/-1
07-22 18:08:18.871  8740  8740 E IPCThreadState: Binder transaction failure: 966381/29201/-1
07-22 18:08:18.871  8740  8740 E IPCThreadState: Binder transaction failure: 966385/29201/-1
07-22 18:08:18.872  8740  8740 E IPCThreadState: Binder transaction failure: 966389/29201/-1
07-22 18:08:18.872  8740  8740 E IPCThreadState: Binder transaction failure: 966393/29201/-1
07-22 18:08:18.873  8740  8740 E IPCThreadState: Binder transaction failure: 966397/29201/-1
07-22 18:08:18.873  8740  8740 E IPCThreadState: Binder transaction failure: 966401/29201/-1
07-22 18:08:18.874  8740  8740 E IPCThreadState: Binder transaction failure: 966405/29201/-1
07-22 18:08:18.874  8740  8740 E IPCThreadState: Binder transaction failure: 966409/29201/-1
07-22 18:08:18.875  8740  8740 E IPCThreadState: Binder transaction failure: 966413/29201/-1
07-22 18:08:18.875  8740  8740 E IPCThreadState: Binder transaction failure: 966417/29201/-1
07-22 18:08:18.887  8740  8740 E IPCThreadState: Binder transaction failure: 966434/29201/-1
07-22 18:08:18.888  8740  8740 E IPCThreadState: Binder transaction failure: 966438/29201/-1
07-22 18:08:18.889  8740  8740 E IPCThreadState: Binder transaction failure: 966442/29201/-1
07-22 18:08:18.890  8740  8740 E IPCThreadState: Binder transaction failure: 966446/29201/-1
07-22 18:08:18.891  8740  8740 E IPCThreadState: Binder transaction failure: 966450/29201/-1
07-22 18:08:18.891  8740  8740 E IPCThreadState: Binder transaction failure: 966454/29201/-1
07-22 18:08:18.902  8740  8740 E IPCThreadState: Binder transaction failure: 966502/29201/-1
07-22 18:08:18.903  8740  8740 E IPCThreadState: Binder transaction failure: 966506/29201/-1
07-22 18:08:19.164  8740  8740 E IPCThreadState: Binder transaction failure: 967627/29201/-1
07-22 18:08:19.240  8742  8742 E IPCThreadState: Binder transaction failure: 967741/29201/-1
07-22 18:08:19.241  8742  8742 E IPCThreadState: Binder transaction failure: 967745/29201/-1
07-22 18:08:19.241  8742  8742 E IPCThreadState: Binder transaction failure: 967749/29201/-1
07-22 18:08:19.242  8742  8742 E IPCThreadState: Binder transaction failure: 967753/29201/-1
07-22 18:08:19.246  8742  8742 E IPCThreadState: Binder transaction failure: 967757/29201/-1
07-22 18:08:19.247  8742  8742 E IPCThreadState: Binder transaction failure: 967761/29201/-1
07-22 18:08:19.247  8742  8742 E IPCThreadState: Binder transaction failure: 967765/29201/-1
07-22 18:08:19.248  8742  8742 E IPCThreadState: Binder transaction failure: 967774/29201/-1
07-22 18:08:19.249  8742  8742 E IPCThreadState: Binder transaction failure: 967784/29201/-1
07-22 18:08:19.249  8742  8742 E IPCThreadState: Binder transaction failure: 967788/29201/-1
07-22 18:08:19.249  8742  8742 E IPCThreadState: Binder transaction failure: 967792/29201/-1
07-22 18:08:19.249  8742  8742 E IPCThreadState: Binder transaction failure: 967796/29201/-1
07-22 18:08:19.250  8742  8742 E IPCThreadState: Binder transaction failure: 967800/29201/-1
07-22 18:08:19.252  8742  8742 E IPCThreadState: Binder transaction failure: 967825/29201/-1
07-22 18:08:19.253  8742  8742 E IPCThreadState: Binder transaction failure: 967829/29201/-1
07-22 18:08:19.253  8742  8742 E IPCThreadState: Binder transaction failure: 967833/29201/-1
07-22 18:08:19.254  8742  8742 E IPCThreadState: Binder transaction failure: 967837/29201/-1
07-22 18:08:19.254  8742  8742 E IPCThreadState: Binder transaction failure: 967841/29201/-1
07-22 18:08:19.254  8742  8742 E IPCThreadState: Binder transaction failure: 967845/29201/-1
07-22 18:08:19.255  8742  8742 E IPCThreadState: Binder transaction failure: 967849/29201/-1
07-22 18:08:19.256  8742  8742 E IPCThreadState: Binder transaction failure: 967853/29201/-1
07-22 18:08:19.256  8742  8742 E IPCThreadState: Binder transaction failure: 967857/29201/-1
07-22 18:08:19.257  8742  8742 E IPCThreadState: Binder transaction failure: 967861/29201/-1
07-22 18:08:19.257  8742  8742 E IPCThreadState: Binder transaction failure: 967865/29201/-1
07-22 18:08:19.257  8742  8742 E IPCThreadState: Binder transaction failure: 967869/29201/-1
07-22 18:08:19.268  8742  8742 E IPCThreadState: Binder transaction failure: 967886/29201/-1
07-22 18:08:19.269  8742  8742 E IPCThreadState: Binder transaction failure: 967890/29201/-1
07-22 18:08:19.270  8742  8742 E IPCThreadState: Binder transaction failure: 967894/29201/-1
07-22 18:08:19.270  8742  8742 E IPCThreadState: Binder transaction failure: 967898/29201/-1
07-22 18:08:19.270  8742  8742 E IPCThreadState: Binder transaction failure: 967902/29201/-1
07-22 18:08:19.271  8742  8742 E IPCThreadState: Binder transaction failure: 967906/29201/-1
07-22 18:08:19.280  8742  8742 E IPCThreadState: Binder transaction failure: 967952/29201/-1
07-22 18:08:19.281  8742  8742 E IPCThreadState: Binder transaction failure: 967956/29201/-1
07-22 18:08:19.653  8742  8742 E IPCThreadState: Binder transaction failure: 969090/29201/-1
07-22 18:08:26.100   589   713 E SystemServiceRegistry: android.os.ServiceManager$ServiceNotFoundException: No service published for: persistent_data_block
07-22 18:08:28.114   589   651 E IPCThreadState: Binder transaction failure: 970540/29189/-22
07-22 18:08:28.180   589   616 E IPCThreadState: Binder transaction failure: 970602/29189/-3
07-22 18:08:28.254   589   616 W WindowManager: android.os.DeadObjectException
07-22 18:08:28.861   589  1922 W AppOpService: java.lang.RuntimeException
07-22 18:08:29.078   589  1922 W AppOpService: java.lang.RuntimeException
07-22 18:08:29.086   589  1484 W AppOpService: java.lang.RuntimeException
07-22 18:08:29.091   589  1484 W AppOpService: java.lang.RuntimeException
07-22 18:08:29.201   589  1484 W AppOpService: java.lang.RuntimeException
07-22 18:08:29.206   589  1940 W AppOpService: java.lang.RuntimeException
07-22 18:08:29.534   589  1922 W AppOpService: java.lang.RuntimeException
07-22 18:08:29.561   589  1922 W AppOpService: java.lang.RuntimeException
07-22 18:08:29.563   589  1922 W AppOpService: java.lang.RuntimeException
07-22 18:08:29.564   589  1922 W AppOpService: java.lang.RuntimeException
07-22 18:08:29.566   589  1922 W AppOpService: java.lang.RuntimeException
07-22 18:08:29.568   589  1922 W AppOpService: java.lang.RuntimeException
07-22 18:08:29.634   589   713 W AppOpService: java.lang.RuntimeException
07-22 18:08:29.639   589  1922 W AppOpService: java.lang.RuntimeException
07-22 18:08:29.640   589   713 W AppOpService: java.lang.RuntimeException
07-22 18:08:29.646   589   713 W AppOpService: java.lang.RuntimeException
07-22 18:08:29.646   589   713 W AppOpService: java.lang.RuntimeException
07-22 18:08:29.647   589   713 W AppOpService: java.lang.RuntimeException
07-22 18:08:31.222  1383  2087 D OneSearchSuggestProvider: java.util.concurrent.CompletionException: java.util.NoSuchElementException: No value present
07-22 18:08:31.222  1383  2087 D OneSearchSuggestProvider: 	at java.util.concurrent.CompletableFuture.completeExceptionally(CompletableFuture.java:2138)
07-22 18:08:31.222  1383  2087 D OneSearchSuggestProvider: Caused by: java.util.NoSuchElementException: No value present
07-22 18:08:31.823   589  1949 W WindowManager: Exception thrown during dispatchAppVisibility Window{709a7b6 u0 com.frontend/com.frontend.MainActivity}
07-22 18:08:31.823   589  1949 W WindowManager: android.os.DeadObjectException
07-22 18:08:31.831   589  1949 E IPCThreadState: Binder transaction failure: 973085/29189/-3
07-22 18:08:31.831   589  1949 W WindowManager: Exception thrown during dispatchAppVisibility Window{1fde476 u0 com.frontend/com.frontend.MainActivity}
07-22 18:08:31.831   589  1949 W WindowManager: android.os.DeadObjectException
07-22 18:08:32.067   589   757 E IPCThreadState: Binder transaction failure: 973316/29189/-3
07-22 18:08:32.457   589   589 E IPCThreadState: Binder transaction failure: 974023/29189/-3
07-22 18:08:32.900  1383  1391 W System  : A resource failed to call release. 
07-22 18:08:32.914  1383  1391 W System  : A resource failed to call release. 
07-22 18:08:32.914  1383  1391 W System  : A resource failed to call release. 
07-22 18:08:32.914  1383  1391 W System  : A resource failed to call release. 
07-22 18:08:33.182   589   605 W System  : A resource failed to call close. 
07-22 18:08:36.366  7740  7798 D StrictMode: 	at android.os.Parcel.readExceptionCode(Parcel.java:3187)
07-22 18:08:36.366  7740  7798 D StrictMode: 	at android.database.DatabaseUtils.readExceptionFromParcel(DatabaseUtils.java:152)
07-22 18:08:39.280  7740  8884 E chromium: [0722/180839.261777:ERROR:variations_seed_loader.cc(37)] Seed missing signature.
07-22 18:08:40.422  7740  7773 W A       : CompleteServer request has failed and can't show offline suggestions.
07-22 18:08:40.495  1383  8858 E OneSearchSuggestProvider: io.grpc.StatusRuntimeException: CANCELLED
07-22 18:08:43.965  8845  8951 E chromium: [0722/180843.957505:ERROR:variations_seed_loader.cc(37)] Seed missing signature.
07-22 18:08:48.502   431  2007 D audioserver: logFgsApiBegin: FGS Logger Transaction failed, -129
07-22 18:08:48.778   431   541 D audioserver: logFgsApiEnd: FGS Logger Transaction failed, -129
07-22 18:08:49.441   431  2007 D audioserver: logFgsApiBegin: FGS Logger Transaction failed, -129
07-22 18:08:49.660   431   541 D audioserver: logFgsApiEnd: FGS Logger Transaction failed, -129
07-22 18:08:50.205   431  2007 D audioserver: logFgsApiBegin: FGS Logger Transaction failed, -129
07-22 18:08:50.432   431   541 D audioserver: logFgsApiEnd: FGS Logger Transaction failed, -129
07-22 18:08:50.920   431  2007 D audioserver: logFgsApiBegin: FGS Logger Transaction failed, -129
07-22 18:08:51.154   431   541 D audioserver: logFgsApiEnd: FGS Logger Transaction failed, -129
07-22 18:08:53.494   431  2007 D audioserver: logFgsApiBegin: FGS Logger Transaction failed, -129
07-22 18:08:53.716   431   541 D audioserver: logFgsApiEnd: FGS Logger Transaction failed, -129
07-22 18:08:55.243  7364  7364 W Finsky  : [2] afeh.b(126): STU: Failed to get storage stats for package 'com.google.mainline.primary.libs' (1601: Error getting stats: android.content.pm.PackageManager.NameNotFoundException)
07-22 18:08:55.276  7364  7364 W Finsky  : [2] afeh.b(126): STU: Failed to get storage stats for package 'com.google.android.uwb' (1601: Error getting stats: android.content.pm.PackageManager.NameNotFoundException)
07-22 18:08:55.280  7364  7364 W Finsky  : [2] afeh.b(126): STU: Failed to get storage stats for package 'com.google.android.widevine.nonupdatable' (1601: Error getting stats: android.content.pm.PackageManager.NameNotFoundException)
07-22 18:08:55.282  7364  7364 W Finsky  : [2] afeh.b(126): STU: Failed to get storage stats for package 'com.android.nfcservices' (1601: Error getting stats: android.content.pm.PackageManager.NameNotFoundException)
07-22 18:08:55.285  7364  7364 W Finsky  : [2] afeh.b(126): STU: Failed to get storage stats for package 'com.google.android.tzdata6' (1601: Error getting stats: android.content.pm.PackageManager.NameNotFoundException)
07-22 18:08:55.309  7364  7364 W Finsky  : [2] afeh.b(126): STU: Failed to get storage stats for package 'com.google.android.permission' (1601: Error getting stats: android.content.pm.PackageManager.NameNotFoundException)
07-22 18:08:55.354  7364  7364 W Finsky  : [2] afeh.b(126): STU: Failed to get storage stats for package 'com.google.android.devicelock' (1601: Error getting stats: android.content.pm.PackageManager.NameNotFoundException)
07-22 18:08:55.361  7364  7364 W Finsky  : [2] afeh.b(126): STU: Failed to get storage stats for package 'com.google.android.wifi' (1601: Error getting stats: android.content.pm.PackageManager.NameNotFoundException)
07-22 18:08:55.421  7364  7364 W Finsky  : [2] afeh.b(126): STU: Failed to get storage stats for package 'com.android.hardware.authsecret' (1601: Error getting stats: android.content.pm.PackageManager.NameNotFoundException)
07-22 18:08:55.428  7364  7364 W Finsky  : [2] afeh.b(126): STU: Failed to get storage stats for package 'com.android.apex.cts.shim' (1601: Error getting stats: android.content.pm.PackageManager.NameNotFoundException)
07-22 18:08:55.936  7364  7364 W Finsky  : [2] afeh.b(126): STU: Failed to get storage stats for package 'com.google.android.appsearch' (1601: Error getting stats: android.content.pm.PackageManager.NameNotFoundException)
07-22 18:08:55.937  7364  7364 W Finsky  : [2] afeh.b(126): STU: Failed to get storage stats for package 'com.google.android.media.swcodec' (1601: Error getting stats: android.content.pm.PackageManager.NameNotFoundException)
07-22 18:08:55.941  7364  7364 W Finsky  : [2] afeh.b(126): STU: Failed to get storage stats for package 'com.google.android.art' (1601: Error getting stats: android.content.pm.PackageManager.NameNotFoundException)
07-22 18:08:55.958  7364  7364 W Finsky  : [2] afeh.b(126): STU: Failed to get storage stats for package 'com.google.android.profiling' (1601: Error getting stats: android.content.pm.PackageManager.NameNotFoundException)
07-22 18:08:55.992  7364  7364 W Finsky  : [2] afeh.b(126): STU: Failed to get storage stats for package 'com.google.android.mediaprovider' (1601: Error getting stats: android.content.pm.PackageManager.NameNotFoundException)
07-22 18:08:56.011  7364  7364 W Finsky  : [2] afeh.b(126): STU: Failed to get storage stats for package 'com.google.android.btservices' (1601: Error getting stats: android.content.pm.PackageManager.NameNotFoundException)
07-22 18:08:56.018  7364  7364 W Finsky  : [2] afeh.b(126): STU: Failed to get storage stats for package 'com.android.virt' (1601: Error getting stats: android.content.pm.PackageManager.NameNotFoundException)
07-22 18:08:56.019  7364  7364 W Finsky  : [2] afeh.b(126): STU: Failed to get storage stats for package 'com.android.hardware.neuralnetworks' (1601: Error getting stats: android.content.pm.PackageManager.NameNotFoundException)
07-22 18:08:56.019  7364  7364 W Finsky  : [2] afeh.b(126): STU: Failed to get storage stats for package 'com.google.android.adbd' (1601: Error getting stats: android.content.pm.PackageManager.NameNotFoundException)
07-22 18:08:56.022  7364  7364 W Finsky  : [2] afeh.b(126): STU: Failed to get storage stats for package 'com.google.android.resolv' (1601: Error getting stats: android.content.pm.PackageManager.NameNotFoundException)
07-22 18:08:56.044  7364  7364 W Finsky  : [2] afeh.b(126): STU: Failed to get storage stats for package 'com.android.i18n' (1601: Error getting stats: android.content.pm.PackageManager.NameNotFoundException)
07-22 18:08:56.054  7364  7364 W Finsky  : [2] afeh.b(126): STU: Failed to get storage stats for package 'com.google.android.configinfrastructure' (1601: Error getting stats: android.content.pm.PackageManager.NameNotFoundException)
07-22 18:08:56.054  7364  7364 W Finsky  : [2] afeh.b(126): STU: Failed to get storage stats for package 'com.google.android.media' (1601: Error getting stats: android.content.pm.PackageManager.NameNotFoundException)
07-22 18:08:56.055  7364  7364 W Finsky  : [2] afeh.b(126): STU: Failed to get storage stats for package 'com.google.android.conscrypt' (1601: Error getting stats: android.content.pm.PackageManager.NameNotFoundException)
07-22 18:08:56.064  7364  7364 W Finsky  : [2] afeh.b(126): STU: Failed to get storage stats for package 'com.android.hardware.cas' (1601: Error getting stats: android.content.pm.PackageManager.NameNotFoundException)
07-22 18:08:56.076  7364  7364 W Finsky  : [2] afeh.b(126): STU: Failed to get storage stats for package 'com.google.android.neuralnetworks' (1601: Error getting stats: android.content.pm.PackageManager.NameNotFoundException)
07-22 18:08:56.081  7364  7364 W Finsky  : [2] afeh.b(126): STU: Failed to get storage stats for package 'com.google.android.runtime' (1601: Error getting stats: android.content.pm.PackageManager.NameNotFoundException)
07-22 18:08:56.083  7364  7364 W Finsky  : [2] afeh.b(126): STU: Failed to get storage stats for package 'com.google.android.ipsec' (1601: Error getting stats: android.content.pm.PackageManager.NameNotFoundException)
07-22 18:08:56.104  7364  7364 W Finsky  : [2] afeh.b(126): STU: Failed to get storage stats for package 'com.google.android.ondevicepersonalization' (1601: Error getting stats: android.content.pm.PackageManager.NameNotFoundException)
07-22 18:08:56.123  7364  7364 W Finsky  : [2] afeh.b(126): STU: Failed to get storage stats for package 'com.google.android.sdkext' (1601: Error getting stats: android.content.pm.PackageManager.NameNotFoundException)
07-22 18:08:56.124  7364  7364 W Finsky  : [2] afeh.b(126): STU: Failed to get storage stats for package 'com.google.android.healthfitness' (1601: Error getting stats: android.content.pm.PackageManager.NameNotFoundException)
07-22 18:08:56.228  7364  7364 W Finsky  : [2] afeh.b(126): STU: Failed to get storage stats for package 'com.google.android.adservices' (1601: Error getting stats: android.content.pm.PackageManager.NameNotFoundException)
07-22 18:08:56.228  7364  7364 W Finsky  : [2] afeh.b(126): STU: Failed to get storage stats for package 'com.google.android.tethering' (1601: Error getting stats: android.content.pm.PackageManager.NameNotFoundException)
07-22 18:08:56.240  7364  7364 W Finsky  : [2] afeh.b(126): STU: Failed to get storage stats for package 'com.google.android.extservices' (1601: Error getting stats: android.content.pm.PackageManager.NameNotFoundException)
07-22 18:08:56.357  7364  7364 W Finsky  : [2] afeh.b(126): STU: Failed to get storage stats for package 'com.google.android.os.statsd' (1601: Error getting stats: android.content.pm.PackageManager.NameNotFoundException)
07-22 18:08:56.359  7364  7364 W Finsky  : [2] afeh.b(126): STU: Failed to get storage stats for package 'com.android.hardware.rebootescrow' (1601: Error getting stats: android.content.pm.PackageManager.NameNotFoundException)
07-22 18:08:56.364  7364  7364 W Finsky  : [2] afeh.b(126): STU: Failed to get storage stats for package 'com.google.android.cellbroadcast' (1601: Error getting stats: android.content.pm.PackageManager.NameNotFoundException)
07-22 18:08:56.383  7364  7364 W Finsky  : [2] afeh.b(126): STU: Failed to get storage stats for package 'com.google.android.rkpd' (1601: Error getting stats: android.content.pm.PackageManager.NameNotFoundException)
07-22 18:08:56.431  7364  7364 W Finsky  : [2] afeh.b(126): STU: Failed to get storage stats for package 'com.google.android.scheduling' (1601: Error getting stats: android.content.pm.PackageManager.NameNotFoundException)
07-22 18:09:53.836   431  2007 D audioserver: logFgsApiBegin: FGS Logger Transaction failed, -129
07-22 18:09:54.018   431   541 D audioserver: logFgsApiEnd: FGS Logger Transaction failed, -129
07-22 18:09:55.245   431  2007 D audioserver: logFgsApiBegin: FGS Logger Transaction failed, -129
07-22 18:09:55.474   431   541 D audioserver: logFgsApiEnd: FGS Logger Transaction failed, -129
07-22 18:09:55.855   431  2007 D audioserver: logFgsApiBegin: FGS Logger Transaction failed, -129
07-22 18:09:56.085   431   541 D audioserver: logFgsApiEnd: FGS Logger Transaction failed, -129
07-22 18:09:56.854   431  2007 D audioserver: logFgsApiBegin: FGS Logger Transaction failed, -129
07-22 18:09:57.084   431   541 D audioserver: logFgsApiEnd: FGS Logger Transaction failed, -129
07-22 18:09:57.478   431  2007 D audioserver: logFgsApiBegin: FGS Logger Transaction failed, -129
07-22 18:09:57.694   431   541 D audioserver: logFgsApiEnd: FGS Logger Transaction failed, -129
07-22 18:09:57.997   431  2007 D audioserver: logFgsApiBegin: FGS Logger Transaction failed, -129
07-22 18:09:58.218   431   541 D audioserver: logFgsApiEnd: FGS Logger Transaction failed, -129
07-22 18:09:58.599   431  2007 D audioserver: logFgsApiBegin: FGS Logger Transaction failed, -129
07-22 18:09:58.829   431   541 D audioserver: logFgsApiEnd: FGS Logger Transaction failed, -129
07-22 18:14:01.909  9007  9007 E IPCThreadState: Binder transaction failure: 1028725/29201/-1
07-22 18:14:01.912  9007  9007 E IPCThreadState: Binder transaction failure: 1028729/29201/-1
07-22 18:14:01.916  9007  9007 E IPCThreadState: Binder transaction failure: 1028733/29201/-1
07-22 18:14:01.922  9007  9007 E IPCThreadState: Binder transaction failure: 1028738/29201/-1
07-22 18:14:01.925  9007  9007 E IPCThreadState: Binder transaction failure: 1028743/29201/-1
