07-22 17:34:22.942   589  1921 E RecoverySnapshotStorage: Caused by: android.system.ErrnoException: open failed: ENOENT (No such file or directory)
07-22 17:34:23.400   589   624 I ActivityManager: Test idle failed due to 47df247 1452:com.google.android.gms.persistent/u0a134 runnable at -3m24s670ms because FOREGROUND
07-22 17:34:23.540   369  2079 W resolv  : TLS Handshake failed
07-22 17:34:23.541   369  2079 W resolv  : query failed
07-22 17:34:23.541   369  2079 W resolv  : Validation failed
07-22 17:34:23.753  1641  4546 I TrafficStats: tagSocketFd(249, 536877059, -1) failed with errno-93
07-22 17:34:24.646  1641  4550 E PhenotypeFlagCommitter: Retrieving snapshot for com.google.android.gms.playlog.uploader failed
07-22 17:34:24.646  1641  4550 E PhenotypeFlagCommitter: java.util.concurrent.TimeoutException: Timed out waiting for Task
07-22 17:34:25.590   589  1922 W AppOpService: java.lang.RuntimeException
07-22 17:34:25.833   589  2083 W AppOpService: java.lang.RuntimeException
07-22 17:34:25.847   589  2083 W AppOpService: java.lang.RuntimeException
07-22 17:34:25.847   589   607 W AppOpService: java.lang.RuntimeException
07-22 17:34:25.848   589   607 W AppOpService: java.lang.RuntimeException
07-22 17:34:25.849   589  1384 W AppOpService: java.lang.RuntimeException
07-22 17:34:26.310  1641  1652 W System  : A resource failed to call close. 
07-22 17:34:26.581  1641  4348 W Conscrypt: Could not set socket write timeout: java.net.SocketException: Socket closed
07-22 17:34:26.685  1641  4348 W Conscrypt: Could not set socket write timeout: java.net.SocketException: Socket closed
07-22 17:34:27.403  1641  4753 I NearbySharing: onBindSlice failed since shareTargets is empty [CONTEXT service_id=194 ]
07-22 17:34:27.848   153   162 E lowmemorykiller: process_mrelease 4557 failed: No such process
07-22 17:34:28.602  1641  4741 W Pay     : PerformIdCardOperation failed [CONTEXT service_id=198 ]
07-22 17:34:28.602  1641  4741 W Pay     : android.os.RemoteException: Active account is required to check/install mdocstore module
07-22 17:34:28.634  1452  4214 W SemanticLocation: [MDD] ModelBundleMetadata: File not found: java.io.FileNotFoundException: /data/user/0/com.google.android.gms/files/model_bundle_metadata.pb: open failed: ENOENT (No such file or directory) [CONTEXT service_id=173 ]
07-22 17:34:28.634  1452  4214 W SemanticLocation: java.io.FileNotFoundException: /data/user/0/com.google.android.gms/files/model_bundle_metadata.pb: open failed: ENOENT (No such file or directory)
07-22 17:34:28.634  1452  4214 W SemanticLocation: Caused by: android.system.ErrnoException: open failed: ENOENT (No such file or directory)
07-22 17:34:28.637  1452  4214 W SemanticLocation: [MDD] ModelBundleMetadata: File not found: java.io.FileNotFoundException: /data/user/0/com.google.android.gms/files/model_bundle_metadata.pb: open failed: ENOENT (No such file or directory) [CONTEXT service_id=173 ]
07-22 17:34:28.637  1452  4214 W SemanticLocation: java.io.FileNotFoundException: /data/user/0/com.google.android.gms/files/model_bundle_metadata.pb: open failed: ENOENT (No such file or directory)
07-22 17:34:28.637  1452  4214 W SemanticLocation: Caused by: android.system.ErrnoException: open failed: ENOENT (No such file or directory)
07-22 17:34:28.774   589  2083 W AppOpService: java.lang.RuntimeException
07-22 17:34:28.788  2158  2277 W A       : (REDACTED) Retrieving full configuration for %s failed with %s
07-22 17:34:28.866   589  1921 W AppOpService: java.lang.RuntimeException
07-22 17:34:28.898   589  1933 W AppOpService: java.lang.RuntimeException
07-22 17:34:28.933   589  2192 W AppOpService: java.lang.RuntimeException
07-22 17:34:28.933   589  2192 W AppOpService: java.lang.RuntimeException
07-22 17:34:28.934   589  2192 W AppOpService: java.lang.RuntimeException
07-22 17:34:29.510  1990  1996 W System  : A resource failed to call SQLiteConnectionPool.close. 
07-22 17:34:29.510  1990  1996 W System  : A resource failed to call SQLiteConnection.close. 
07-22 17:34:29.511  1990  1996 W System  : A resource failed to call SQLiteConnectionPool.close. 
07-22 17:34:29.511  1990  1996 W System  : A resource failed to call SQLiteConnection.close. 
07-22 17:34:29.572  4601  4697 W RcsClientLib: java.lang.IllegalStateException: JibeService Not Initialized
07-22 17:34:29.572  4601  4697 W RcsClientLib: 	at android.os.Parcel.createExceptionOrNull(Parcel.java:3250)
07-22 17:34:29.572  4601  4697 W RcsClientLib: 	at android.os.Parcel.createException(Parcel.java:3226)
07-22 17:34:29.572  4601  4697 W RcsClientLib: 	at android.os.Parcel.readException(Parcel.java:3209)
07-22 17:34:29.572  4601  4697 W RcsClientLib: 	at android.os.Parcel.readException(Parcel.java:3151)
07-22 17:34:29.572  4601  4697 W RcsClientLib: 	at com.google.android.aidl.BaseProxy.transactAndReadExceptionReturnVoid(PG:11)
07-22 17:34:29.581  4601  4705 W RcsClientLib: java.lang.IllegalStateException: JibeService Not Initialized
07-22 17:34:29.581  4601  4705 W RcsClientLib: 	at android.os.Parcel.createExceptionOrNull(Parcel.java:3250)
07-22 17:34:29.581  4601  4705 W RcsClientLib: 	at android.os.Parcel.createException(Parcel.java:3226)
07-22 17:34:29.581  4601  4705 W RcsClientLib: 	at android.os.Parcel.readException(Parcel.java:3209)
07-22 17:34:29.581  4601  4705 W RcsClientLib: 	at android.os.Parcel.readException(Parcel.java:3151)
07-22 17:34:29.581  4601  4705 W RcsClientLib: 	at com.google.android.aidl.BaseProxy.transactAndReadExceptionReturnVoid(PG:11)
07-22 17:34:29.874   589   715 W AppOpService: java.lang.RuntimeException
07-22 17:34:29.907   589  1942 W AppOpService: java.lang.RuntimeException
07-22 17:34:29.910   589  1937 W AppOpService: java.lang.RuntimeException
07-22 17:34:29.917   589  1933 W AppOpService: java.lang.RuntimeException
07-22 17:34:29.922   589  1933 W AppOpService: java.lang.RuntimeException
07-22 17:34:29.929   589  2192 W AppOpService: java.lang.RuntimeException
07-22 17:34:30.093  4601  4702 W RcsClientLib: java.lang.IllegalStateException: JibeService Not Initialized
07-22 17:34:30.093  4601  4702 W RcsClientLib: 	at android.os.Parcel.createExceptionOrNull(Parcel.java:3250)
07-22 17:34:30.093  4601  4702 W RcsClientLib: 	at android.os.Parcel.createException(Parcel.java:3226)
07-22 17:34:30.093  4601  4702 W RcsClientLib: 	at android.os.Parcel.readException(Parcel.java:3209)
07-22 17:34:30.093  4601  4702 W RcsClientLib: 	at android.os.Parcel.readException(Parcel.java:3151)
07-22 17:34:30.093  4601  4702 W RcsClientLib: 	at com.google.android.aidl.BaseProxy.transactAndReadExceptionReturnVoid(PG:11)
07-22 17:34:30.096  4601  4697 W RcsClientLib: java.lang.IllegalStateException: JibeService Not Initialized
07-22 17:34:30.096  4601  4697 W RcsClientLib: 	at android.os.Parcel.createExceptionOrNull(Parcel.java:3250)
07-22 17:34:30.096  4601  4697 W RcsClientLib: 	at android.os.Parcel.createException(Parcel.java:3226)
07-22 17:34:30.096  4601  4697 W RcsClientLib: 	at android.os.Parcel.readException(Parcel.java:3209)
07-22 17:34:30.096  4601  4697 W RcsClientLib: 	at android.os.Parcel.readException(Parcel.java:3151)
07-22 17:34:30.096  4601  4697 W RcsClientLib: 	at com.google.android.aidl.BaseProxy.transactAndReadExceptionReturnVoid(PG:11)
07-22 17:34:30.150  1452  2021 W SemanticLocation: [MDD] ModelBundleMetadata: File not found: java.io.FileNotFoundException: /data/user/0/com.google.android.gms/files/model_bundle_metadata.pb: open failed: ENOENT (No such file or directory) [CONTEXT service_id=173 ]
07-22 17:34:30.150  1452  2021 W SemanticLocation: java.io.FileNotFoundException: /data/user/0/com.google.android.gms/files/model_bundle_metadata.pb: open failed: ENOENT (No such file or directory)
07-22 17:34:30.150  1452  2021 W SemanticLocation: Caused by: android.system.ErrnoException: open failed: ENOENT (No such file or directory)
07-22 17:34:30.321  1292  1299 W System  : A resource failed to call AbstractCursor.close. 
07-22 17:34:30.322  1292  1299 W System  : A resource failed to call AbstractCursor.close. 
07-22 17:34:30.341  1292  1299 W System  : A resource failed to call AbstractCursor.close. 
07-22 17:34:30.341  1292  1299 W System  : A resource failed to call AbstractCursor.close. 
07-22 17:34:30.341  1292  1299 W System  : A resource failed to call AbstractCursor.close. 
07-22 17:34:30.341  1292  1299 W System  : A resource failed to call AbstractCursor.close. 
07-22 17:34:30.341  1292  1299 W System  : A resource failed to call AbstractCursor.close. 
07-22 17:34:30.341  1292  1299 W System  : A resource failed to call AbstractCursor.close. 
07-22 17:34:30.341  1292  1299 W System  : A resource failed to call AbstractCursor.close. 
07-22 17:34:30.657  4601  4697 I Bugle   : BugleStartup: Done initializing with enabled individual init failures.
07-22 17:34:30.733  1523  3039 W WellbeingSettingsProvid: <DWB> Call failed: get_actions
07-22 17:34:30.733  1523  3039 W WellbeingSettingsProvid: java.util.concurrent.TimeoutException: Waited 5000 milliseconds (plus 4 milliseconds, 52100 nanoseconds delay) for kzz@f37d169[status=PENDING, info=[inputFuture=[kzy@cc857ee[status=PENDING, setFuture=[kzg@c2c248f[status=PENDING, info=[inputFuture=[kzz@789531c[status=PENDING, info=[inputFuture=[kzz@731b25[status=PENDING, info=[inputFuture=[lau@6e604fa[status=PENDING, info=[futures=[kzz@8d07aab[status=PENDING, info=[inputFuture=[kzz@1668508[status=PENDING, info=[inputFuture=[lbs@15f44a1[status=PENDING, info=[delegate=[lcy@1ff76c6[status=PENDING, setFuture=[kzz@31a1687[status=PENDING, info=[inputFuture=[kzy@862e9b4[status=PENDING, info=[inputFuture=[lbs@a8a89dd[status=PENDING, info=[delegate=[lcy@ec3952[status=PENDING, setFuture=[kzy@5779423[status=PENDING, info=[function=[propagating=[cbx@91eed20]]]]]]]]]], function=[propagating=[byb@52ae6d9]]]]], function=[propagating=[bye@4390c7f]]]]]]]]]], function=[propagating=[bxq@a70989e]]]]], function=[propagating=[cjk@8a54f7f]]]]]]]], function=[propagating=[dci@28a41aa]]]]], function=[propagating=[bvd@7d5bb4c]]]]], exceptionType=[class java.lang.Throwable], fallback=[propagating=[bye@ba54938]]]]]]], function=[propagating=[bvd@dda1795]]]]
07-22 17:34:30.928  1452  4738 W SemanticLocation: [MDD] ModelBundleMetadata: File not found: java.io.FileNotFoundException: /data/user/0/com.google.android.gms/files/model_bundle_metadata.pb: open failed: ENOENT (No such file or directory) [CONTEXT service_id=173 ]
07-22 17:34:30.928  1452  4738 W SemanticLocation: java.io.FileNotFoundException: /data/user/0/com.google.android.gms/files/model_bundle_metadata.pb: open failed: ENOENT (No such file or directory)
07-22 17:34:30.928  1452  4738 W SemanticLocation: Caused by: android.system.ErrnoException: open failed: ENOENT (No such file or directory)
07-22 17:34:31.204   589  1942 W AppOpService: java.lang.RuntimeException
07-22 17:34:31.239   589  1662 W AppOpService: java.lang.RuntimeException
07-22 17:34:31.240   589  1312 W AppOpService: java.lang.RuntimeException
07-22 17:34:31.241   589  1312 W AppOpService: java.lang.RuntimeException
07-22 17:34:31.249   589  1312 W AppOpService: java.lang.RuntimeException
07-22 17:34:31.249   589  1312 W AppOpService: java.lang.RuntimeException
07-22 17:34:31.849  4601  4707 D StrictMode: 	at android.os.Parcel.readExceptionCode(Parcel.java:3187)
07-22 17:34:31.849  4601  4707 D StrictMode: 	at android.database.DatabaseUtils.readExceptionFromParcel(DatabaseUtils.java:152)
07-22 17:34:32.588   589  1384 W AppOpService: java.lang.RuntimeException
07-22 17:34:32.647   589   607 W AppOpService: java.lang.RuntimeException
07-22 17:34:32.649   589   607 W AppOpService: java.lang.RuntimeException
07-22 17:34:32.650   589  1384 W AppOpService: java.lang.RuntimeException
07-22 17:34:32.650   589   607 W AppOpService: java.lang.RuntimeException
07-22 17:34:32.651   589  1384 W AppOpService: java.lang.RuntimeException
07-22 17:34:32.856  4601  4691 W BugleWearable: Not retrying sync: Failed to sync conversations to wearable with ApiException[status=API_NOT_CONNECTED] [CONTEXT class_name="SyncDataToWearableAppHandler" ]
07-22 17:34:32.861  4601  4678 W BugleWearable: Failed to sync phone config to data client with ApiException[status=API_NOT_CONNECTED] [CONTEXT class_name="SyncDataToWearableAppHandler" ]
07-22 17:34:32.861  4601  4678 W BugleWearable: cdqt: 17: API: Wearable.API is not available on this device. Connection failed with: ConnectionResult{statusCode=API_UNAVAILABLE, resolution=null, message=null}
07-22 17:34:32.867  1452  2021 W SemanticLocation: [MDD] ModelBundleMetadata: File not found: java.io.FileNotFoundException: /data/user/0/com.google.android.gms/files/model_bundle_metadata.pb: open failed: ENOENT (No such file or directory) [CONTEXT service_id=173 ]
07-22 17:34:32.867  1452  2021 W SemanticLocation: java.io.FileNotFoundException: /data/user/0/com.google.android.gms/files/model_bundle_metadata.pb: open failed: ENOENT (No such file or directory)
07-22 17:34:32.867  1452  2021 W SemanticLocation: Caused by: android.system.ErrnoException: open failed: ENOENT (No such file or directory)
07-22 17:34:32.891   589   624 I ActivityManager: Test idle failed due to 8e732b3 1791:android.process.acore/u0a82 runnable at +90ms because NORMAL
07-22 17:34:32.924  4601  4659 D nativeloader: Load libcurve25519.so using ns product-clns-7 from class loader (caller=/product/priv-app/PrebuiltBugle/PrebuiltBugle.apk!classes6.dex): dlopen failed: library "libcurve25519.so" not found
07-22 17:34:34.494  1452  4740 W NetworkScheduler: java.lang.IllegalArgumentException: Only the following extra parameter types are supported: Integer, Long, Double, String, Boolean, and nested Bundles with the same restrictions.
07-22 17:34:36.569  1452  2487 W AsyncOperation: OperationException[Status{statusCode=Cannot unlock FRP because it is not active, resolution=null}]
07-22 17:34:36.569  1452  2487 E FRP     : [UnlockOperation] Unlocking FRP failed with status code 49750 (Cannot unlock FRP because it is not active)
07-22 17:34:36.585  3427  3722 E FRP     : [FrpUnlockTask] FRP unlock task failed with status 49750
07-22 17:34:36.758  1641  2726 E PhenotypeFlagCommitter: Retrieving snapshot for com.google.android.westworld failed
07-22 17:34:36.758  1641  2726 E PhenotypeFlagCommitter: java.util.concurrent.TimeoutException: Timed out waiting for Task
07-22 17:34:37.078  3427  3427 E chromium: [ERROR:aw_browser_terminator.cc(154)] Renderer process (3791) crash detected (code -1).
07-22 17:34:38.596  1990  2578 W atzg    : IOException thrown while closing Closeable.
07-22 17:34:38.596  1990  2578 W atzg    : java.io.IOException: write failed: EBADF (Bad file descriptor)
07-22 17:34:38.596  1990  2578 W atzg    : Caused by: android.system.ErrnoException: write failed: EBADF (Bad file descriptor)
07-22 17:34:38.624  1990  2578 W atzg    : IOException thrown while closing Closeable.
07-22 17:34:38.624  1990  2578 W atzg    : java.io.IOException: write failed: EBADF (Bad file descriptor)
07-22 17:34:38.624  1990  2578 W atzg    : Caused by: android.system.ErrnoException: write failed: EBADF (Bad file descriptor)
07-22 17:34:38.997  1990  2578 W atzg    : IOException thrown while closing Closeable.
07-22 17:34:38.997  1990  2578 W atzg    : java.io.IOException: write failed: EBADF (Bad file descriptor)
07-22 17:34:38.997  1990  2578 W atzg    : Caused by: android.system.ErrnoException: write failed: EBADF (Bad file descriptor)
07-22 17:34:39.014  1990  2578 W atzg    : IOException thrown while closing Closeable.
07-22 17:34:39.014  1990  2578 W atzg    : java.io.IOException: write failed: EBADF (Bad file descriptor)
07-22 17:34:39.014  1990  2578 W atzg    : Caused by: android.system.ErrnoException: write failed: EBADF (Bad file descriptor)
07-22 17:34:39.174  1990  2578 W atzg    : IOException thrown while closing Closeable.
07-22 17:34:39.174  1990  2578 W atzg    : java.io.IOException: write failed: EBADF (Bad file descriptor)
07-22 17:34:39.174  1990  2578 W atzg    : Caused by: android.system.ErrnoException: write failed: EBADF (Bad file descriptor)
07-22 17:34:39.416  4601  4696 I BugleJobs: GenericWorkerQueueAction: Bailing early, no work found, no failed work found
07-22 17:34:39.447   589   713 E SystemServiceRegistry: android.os.ServiceManager$ServiceNotFoundException: No service published for: persistent_data_block
07-22 17:34:39.972   589  2192 W AppOpService: java.lang.RuntimeException
07-22 17:34:40.150   589  1940 W AppOpService: java.lang.RuntimeException
07-22 17:34:40.180   589  1940 W AppOpService: java.lang.RuntimeException
07-22 17:34:40.182   589  1940 W AppOpService: java.lang.RuntimeException
07-22 17:34:40.215   589  1940 W AppOpService: java.lang.RuntimeException
07-22 17:34:40.354   589  1200 W AppOpService: java.lang.RuntimeException
07-22 17:34:40.433  1452  4061 W NetworkScheduler: java.lang.IllegalArgumentException: Only the following extra parameter types are supported: Integer, Long, Double, String, Boolean, and nested Bundles with the same restrictions.
07-22 17:34:41.247   589   624 I ActivityManager: Test idle failed due to 8e732b3 1791:android.process.acore/u0a82 runnable at -386ms because NORMAL
07-22 17:34:41.626   153   161 E lowmemorykiller: process_mrelease 4582 failed: No such process
07-22 17:34:41.626   153   162 E lowmemorykiller: process_mrelease 4615 failed: No such process
07-22 17:34:41.873   153   161 E lowmemorykiller: process_mrelease 4808 failed: No such process
07-22 17:34:42.449  1990  2954 E Finsky  : com.google.android.finsky.setup.fetchers.RawDocumentsFetchException[reason=pai_config, account=[zIM6FLA4W_Cn9FfpVkE0wNzAdkmMnFrsm08_-VBa5io]]
07-22 17:34:42.562  1598  2022 W SP.AiAi : koy: HTTP_ERROR 404, url: https://gstatic.com/webref-ondevice/aiai/19071200_pir/2/en-us/superpacks_manifest.zip
07-22 17:34:42.563  1598  2022 I SP.AiAi : Download stopped: manifests:webref-2-en-us-19071200, failed (permanent), size: 0
07-22 17:34:42.860  1641  4753 E PhenotypeFlagCommitter: Retrieving snapshot for com.google.android.westworld failed
07-22 17:34:42.860  1641  4753 E PhenotypeFlagCommitter: java.util.concurrent.TimeoutException: Timed out waiting for Task
07-22 17:34:43.394  1598  1606 W System  : A resource failed to call close. 
07-22 17:34:43.907  1598  2022 W AiAiTextClassifier: Model sync failed.
07-22 17:34:43.907  1598  2022 W AiAiTextClassifier: kit: Request of 1 packs for webref-2-en-us-manifest failed
07-22 17:34:43.907  1598  2022 W AiAiTextClassifier: Caused by: koy: HTTP_ERROR 404, url: https://gstatic.com/webref-ondevice/aiai/19071200_pir/2/en-us/superpacks_manifest.zip
07-22 17:34:43.907  1598  2022 W AiAiTextClassifier: [TextClassifierLibProviderImpl]: TcLib packs sync failed.
07-22 17:34:43.907  1598  2022 W AiAiTextClassifier: kit: Request of 1 packs for webref-2-en-us-manifest failed
07-22 17:34:43.907  1598  2022 W AiAiTextClassifier: Caused by: koy: HTTP_ERROR 404, url: https://gstatic.com/webref-ondevice/aiai/19071200_pir/2/en-us/superpacks_manifest.zip
07-22 17:34:43.945  1990  2586 E Finsky  : com.google.android.finsky.setup.fetchers.RawDocumentsFetchException[reason=pai_config, account=[zIM6FLA4W_Cn9FfpVkE0wNzAdkmMnFrsm08_-VBa5io]]
07-22 17:34:45.241  4601  4678 W OneGoogle: com.google.android.libraries.onegoogle.owners.mdi.MdiNotAvailableException$DeveloperErrorException: java.io.IOException: Unable to open file
07-22 17:34:45.241  4601  4678 W OneGoogle: 	at doji.setException(PG:19)
07-22 17:34:45.241  4601  4678 W OneGoogle: 	at doji.setException(PG:19)
07-22 17:34:45.241  4601  4678 W OneGoogle: 	at doji.setException(PG:19)
07-22 17:34:45.241  4601  4678 W OneGoogle: 	at doji.setException(PG:19)
07-22 17:34:45.241  4601  4678 W OneGoogle: 	at doji.setException(PG:19)
07-22 17:34:45.241  4601  4678 W OneGoogle: Caused by: java.io.IOException: Unable to open file
07-22 17:34:45.241  4601  4678 W OneGoogle: Caused by: java.util.concurrent.ExecutionException: cdqt: 10: Access denied to uri (not allowed): android://com.google.android.gms/managed/mdisync/com.google%3Asoyeeee2%40gmail.com/profilesync/public/profile_info.pb.lock
07-22 17:34:45.254  2158  2277 W OneGoogle: com.google.android.libraries.onegoogle.owners.mdi.MdiNotAvailableException$DeveloperErrorException: java.io.IOException: Unable to open file
07-22 17:34:45.254  2158  2277 W OneGoogle: Caused by: java.io.IOException: Unable to open file
07-22 17:34:45.255  2158  2277 W OneGoogle: Caused by: java.util.concurrent.ExecutionException: com.google.android.gms.common.api.l: 10: Access denied to uri (not allowed): android://com.google.android.gms/managed/mdisync/com.google%3Asoyeeee2%40gmail.com/profilesync/public/profile_info.pb.lock
07-22 17:34:46.899  1641  2180 I ChimeraConfigurator: Update complete: fail
07-22 17:34:47.155  5015  5110 W GoogleRestoreOneGoogle: com.google.android.libraries.onegoogle.owners.mdi.MdiNotAvailableException$DeveloperErrorException: java.io.IOException: Unable to open file
07-22 17:34:47.155  5015  5110 W GoogleRestoreOneGoogle: Caused by: java.io.IOException: Unable to open file
07-22 17:34:47.155  5015  5110 W GoogleRestoreOneGoogle: Caused by: java.util.concurrent.ExecutionException: ebp: 10: Access denied to uri (not allowed): android://com.google.android.gms/managed/mdisync/com.google%3Asoyeeee2%40gmail.com/profilesync/public/profile_info.pb.lock
07-22 17:34:47.275   589   624 I ActivityManager: Test idle failed due to 30a1894 589:system/1000 runnable at -2m0s909ms because PERSISTENT
07-22 17:34:47.365  1292  2245 E DatabaseUtils: java.lang.SecurityException: No permission to access APN settings
07-22 17:34:47.382  1641  4886 E RequestContextBuilder: java.lang.SecurityException: No permission to access APN settings
07-22 17:34:47.382  1641  4886 E RequestContextBuilder: 	at android.os.Parcel.createExceptionOrNull(Parcel.java:3242)
07-22 17:34:47.382  1641  4886 E RequestContextBuilder: 	at android.os.Parcel.createException(Parcel.java:3226)
07-22 17:34:47.382  1641  4886 E RequestContextBuilder: 	at android.os.Parcel.readException(Parcel.java:3209)
07-22 17:34:47.382  1641  4886 E RequestContextBuilder: 	at android.database.DatabaseUtils.readExceptionFromParcel(DatabaseUtils.java:203)
07-22 17:34:47.382  1641  4886 E RequestContextBuilder: 	at android.database.DatabaseUtils.readExceptionFromParcel(DatabaseUtils.java:155)
07-22 17:34:47.700  1641  4886 E RequestContextBuilder: IsUVPAA call failed
07-22 17:34:47.781   153   162 E lowmemorykiller: process_mrelease 4955 failed: No such process
07-22 17:34:47.918  1641  4886 W RequestContextBuilder: Availability check via ocr service failed: 
07-22 17:34:47.918  1641  4886 W RequestContextBuilder: java.util.concurrent.TimeoutException
07-22 17:34:48.016   589   713 W AppOpService: java.lang.RuntimeException
07-22 17:34:48.028   589  1942 W AppOpService: java.lang.RuntimeException
07-22 17:34:48.028   589  1942 W AppOpService: java.lang.RuntimeException
07-22 17:34:48.029   589  1942 W AppOpService: java.lang.RuntimeException
07-22 17:34:48.030   589  1942 W AppOpService: java.lang.RuntimeException
07-22 17:34:48.030   589  1921 W AppOpService: java.lang.RuntimeException
07-22 17:34:48.075  1452  4214 W fxjd    : java.lang.NoSuchMethodException: eivv.getScopes []
07-22 17:34:48.116  1641  4886 W System.err: java.lang.IllegalArgumentException: Unknown authority com.google.android.setupwizard.partner
07-22 17:34:48.391  1641  4886 E RequestContextBuilder: IsUVPAA call failed
07-22 17:34:48.592  1641  4886 W RequestContextBuilder: Availability check via ocr service failed: 
07-22 17:34:48.592  1641  4886 W RequestContextBuilder: java.util.concurrent.TimeoutException
07-22 17:34:49.504  1641  4550 W Conscrypt: Could not set socket write timeout: java.net.SocketException: Socket closed
07-22 17:34:49.685  1641  4550 W Conscrypt: Could not set socket write timeout: java.net.SocketException: Socket closed
07-22 17:34:50.297  2158  5003 E OneGoogle: java.util.concurrent.ExecutionException: com.google.android.libraries.onegoogle.owners.a.b: Status{statusCode=TIMEOUT, resolution=null}
07-22 17:34:50.308  5015  5113 E OneGoogle: java.util.concurrent.ExecutionException: flg: Status{statusCode=TIMEOUT, resolution=null}
07-22 17:34:50.342  1452  2669 W GLSUser : [AppCertManager] Exception while requesting key: 
07-22 17:34:50.342  1452  2669 W GLSUser : java.util.concurrent.ExecutionException: bngs: Parse Proto Exception with response code 400
07-22 17:34:50.342  1452  2669 W GLSUser : Caused by: bngs: Parse Proto Exception with response code 400
07-22 17:34:50.515  4601  5041 E OneGoogle: java.util.concurrent.ExecutionException: dait: Status{statusCode=TIMEOUT, resolution=null}
07-22 17:34:52.017  1641  4735 W Conscrypt: Could not set socket write timeout: java.net.SocketException: Socket closed
07-22 17:34:52.283  1641  4735 W Conscrypt: Could not set socket write timeout: java.net.SocketException: Socket closed
07-22 17:34:52.976   589   624 I ActivityManager: Test idle failed due to 8e732b3 1791:android.process.acore/u0a82 runnable at -12s132ms because NORMAL
07-22 17:34:53.439  5015  5015 E OneGoogle: java.util.concurrent.ExecutionException: flg: Status{statusCode=TIMEOUT, resolution=null}
07-22 17:34:53.509  1641  5211 W AsyncOperation: OperationException[Status{statusCode=Data of type 1 is not subscribed., resolution=null}]
07-22 17:34:54.141  4601  4601 E OneGoogle: java.util.concurrent.ExecutionException: dait: Status{statusCode=TIMEOUT, resolution=null}
07-22 17:34:54.141  4601  4601 E OneGoogle: 	at doji.setException(PG:19)
07-22 17:34:54.141  4601  4601 E OneGoogle: 	at com.google.common.util.concurrent.SettableFuture.setException(PG:1)
07-22 17:34:54.582  1641  2180 W Conscrypt: Could not set socket write timeout: java.net.SocketException: Socket closed
07-22 17:34:54.875  1641  2180 W Conscrypt: Could not set socket write timeout: java.net.SocketException: Socket closed
07-22 17:34:54.945  1641  4735 W Conscrypt: Could not set socket write timeout: java.net.SocketException: Socket closed
07-22 17:34:55.055  1641  4735 W Conscrypt: Could not set socket write timeout: java.net.SocketException: Socket closed
07-22 17:34:55.071  1641  4734 W Conscrypt: Could not set socket write timeout: java.net.SocketException: Socket closed
07-22 17:34:55.238  1641  4734 W Conscrypt: Could not set socket write timeout: java.net.SocketException: Socket closed
07-22 17:34:55.338  1452  4214 W Conscrypt: Could not set socket write timeout: java.net.SocketException: Socket closed
07-22 17:34:55.458  1452  4214 W Conscrypt: Could not set socket write timeout: java.net.SocketException: Socket closed
07-22 17:34:55.891  1641  5252 I TrafficStats: tagSocketFd(-1, 22017, -1) failed with errno-9
07-22 17:34:55.909  1641  5234 I TrafficStats: tagSocketFd(-1, 22017, -1) failed with errno-9
07-22 17:34:56.000  1641  5245 W fxjd    : java.lang.NoSuchMethodException: eivv.getScopes []
07-22 17:34:56.185   589   624 E ActivityManager: java.lang.SecurityException: Package com.android.vending is currently frozen!
07-22 17:34:56.185   589   624 I ActivityManager: Force stopping com.android.vending appid=10132 user=0: start failure
07-22 17:34:56.404  1452  2021 W Conscrypt: Could not set socket write timeout: java.net.SocketException: Socket closed
07-22 17:34:56.758  1452  2021 W Conscrypt: Could not set socket write timeout: java.net.SocketException: Socket closed
07-22 17:34:56.974  1452  4793 W Conscrypt: Could not set socket write timeout: java.net.SocketException: Socket closed
07-22 17:34:57.052  5015  5015 E OneGoogle: java.util.concurrent.ExecutionException: flg: Status{statusCode=TIMEOUT, resolution=null}
07-22 17:34:57.058  1452  4793 W Conscrypt: Could not set socket write timeout: java.net.SocketException: Socket closed
07-22 17:34:57.062  1641  4550 W Conscrypt: Could not set socket write timeout: java.net.SocketException: Socket closed
07-22 17:34:57.097  1452  5181 W SemanticLocation: [MDD] ModelBundleMetadata: File not found: java.io.FileNotFoundException: /data/user/0/com.google.android.gms/files/model_bundle_metadata.pb: open failed: ENOENT (No such file or directory) [CONTEXT service_id=173 ]
07-22 17:34:57.097  1452  5181 W SemanticLocation: java.io.FileNotFoundException: /data/user/0/com.google.android.gms/files/model_bundle_metadata.pb: open failed: ENOENT (No such file or directory)
07-22 17:34:57.097  1452  5181 W SemanticLocation: Caused by: android.system.ErrnoException: open failed: ENOENT (No such file or directory)
07-22 17:34:57.118  1452  4061 W Conscrypt: Could not set socket write timeout: java.net.SocketException: Socket closed
07-22 17:34:57.226  1452  4061 W Conscrypt: Could not set socket write timeout: java.net.SocketException: Socket closed
07-22 17:34:57.284  1641  4550 W Conscrypt: Could not set socket write timeout: java.net.SocketException: Socket closed
07-22 17:34:57.368  1523  1596 W OneGoogle: com.google.android.libraries.onegoogle.owners.mdi.MdiNotAvailableException$DeveloperErrorException: java.io.IOException: Unable to open file
07-22 17:34:57.368  1523  1596 W OneGoogle: Caused by: java.io.IOException: Unable to open file
07-22 17:34:57.368  1523  1596 W OneGoogle: Caused by: java.util.concurrent.ExecutionException: grt: 10: Access denied to uri (not allowed): android://com.google.android.gms/managed/mdisync/com.google%3Asoyeeee2%40gmail.com/profilesync/public/profile_info.pb.lock
07-22 17:34:58.777  2158  2158 E OneGoogle: java.util.concurrent.ExecutionException: com.google.android.libraries.onegoogle.owners.a.b: Status{statusCode=TIMEOUT, resolution=null}
07-22 17:35:00.138  1452  3419 W PhenotypeFlagCommitter: Committing snapshot for com.google.android.gms.phenotype failed, retrying
07-22 17:35:00.138  1452  3419 W PhenotypeFlagCommitter: java.util.concurrent.TimeoutException: Timed out waiting for Task
07-22 17:35:00.766   431   460 D audioserver: logFgsApiBegin: FGS Logger Transaction failed, -129
07-22 17:35:00.847   589   624 I ActivityManager: Test idle failed due to 30a1894 589:system/1000 runnable at -2m1s317ms because PERSISTENT
07-22 17:35:01.029   431  3924 D audioserver: logFgsApiBegin: FGS Logger Transaction failed, -129
07-22 17:35:01.139   431   541 D audioserver: logFgsApiEnd: FGS Logger Transaction failed, -129
07-22 17:35:01.214   431   541 D audioserver: logFgsApiEnd: FGS Logger Transaction failed, -129
07-22 17:35:01.865  1452  2021 W Conscrypt: Could not set socket write timeout: java.net.SocketException: Socket closed
07-22 17:35:01.924  1452  4793 W Conscrypt: Could not set socket write timeout: java.net.SocketException: Socket closed
07-22 17:35:01.976  1452  2021 W Conscrypt: Could not set socket write timeout: java.net.SocketException: Socket closed
07-22 17:35:02.005  1452  4793 W Conscrypt: Could not set socket write timeout: java.net.SocketException: Socket closed
07-22 17:35:02.195  5331  5342 W SliceDataConverter: Get slice data from XML failed 
07-22 17:35:02.195  5331  5342 W SliceDataConverter: java.lang.IllegalStateException: Invalid preference controller: com.android.settings.accessibility.VibrationMainSwitchPreferenceController
07-22 17:35:02.195  5331  5342 W SliceDataConverter: Caused by: java.lang.reflect.InvocationTargetException
07-22 17:35:02.195  5331  5342 W SliceDataConverter: Caused by: java.lang.RuntimeException: Can't create handler inside thread Thread[binder:5331_3,5,main] that has not called Looper.prepare()
07-22 17:35:02.616  1641  5234 W Conscrypt: Could not set socket write timeout: java.net.SocketException: Socket closed
07-22 17:35:02.669  1641  5176 W Conscrypt: Could not set socket write timeout: java.net.SocketException: Socket closed
07-22 17:35:02.689  1641  4741 W Conscrypt: Could not set socket write timeout: java.net.SocketException: Socket closed
07-22 17:35:02.801  1641  5234 W Conscrypt: Could not set socket write timeout: java.net.SocketException: Socket closed
07-22 17:35:02.885  1641  4741 W Conscrypt: Could not set socket write timeout: java.net.SocketException: Socket closed
07-22 17:35:02.992  2158  2277 E ApplicationPropertiesBu: java.lang.NumberFormatException: For input string: "messages"
07-22 17:35:03.065  1641  5176 W Conscrypt: Could not set socket write timeout: java.net.SocketException: Socket closed
07-22 17:35:03.080  2158  2277 W A       : (REDACTED) Exception while fetching versionCode for package[%s].
07-22 17:35:03.080  2158  2277 W A       : android.content.pm.PackageManager$NameNotFoundException: com.google.android.apps.tv.dreamx
07-22 17:35:03.176  2158  2277 W A       : (REDACTED) Exception while fetching versionCode for package[%s].
07-22 17:35:03.176  2158  2277 W A       : android.content.pm.PackageManager$NameNotFoundException: com.google.android.apps.tv.launcherx
07-22 17:35:03.394  1641  4735 W Conscrypt: Could not set socket write timeout: java.net.SocketException: Socket closed
07-22 17:35:03.407  1641  2180 W Conscrypt: Could not set socket write timeout: java.net.SocketException: Socket closed
07-22 17:35:03.493  1641  4735 W Conscrypt: Could not set socket write timeout: java.net.SocketException: Socket closed
07-22 17:35:03.517  1641  2180 W Conscrypt: Could not set socket write timeout: java.net.SocketException: Socket closed
07-22 17:35:04.113  3260  3332 E unknown:InspectorPackagerConnection: java.net.SocketException: Software caused connection abort
07-22 17:35:04.435  5331  5342 W SliceDataConverter: Get slice data from XML failed 
07-22 17:35:04.435  5331  5342 W SliceDataConverter: java.lang.IllegalStateException: Invalid preference controller: com.android.settings.development.DevelopmentMemtagFooterPreferenceController
07-22 17:35:04.435  5331  5342 W SliceDataConverter: Caused by: java.lang.ClassNotFoundException: com.android.settings.development.DevelopmentMemtagFooterPreferenceController
07-22 17:35:04.435  5331  5342 W SliceDataConverter: Caused by: java.lang.ClassNotFoundException: com.android.settings.development.DevelopmentMemtagFooterPreferenceController
07-22 17:35:05.860  5331  5342 W SliceDataConverter: Get slice data from XML failed 
07-22 17:35:05.860  5331  5342 W SliceDataConverter: java.lang.IllegalStateException: Invalid preference controller: com.android.settings.applications.appinfo.ManageAppLocalePreferenceController
07-22 17:35:05.860  5331  5342 W SliceDataConverter: Caused by: java.lang.ClassNotFoundException: com.android.settings.applications.appinfo.ManageAppLocalePreferenceController
07-22 17:35:05.860  5331  5342 W SliceDataConverter: Caused by: java.lang.ClassNotFoundException: com.android.settings.applications.appinfo.ManageAppLocalePreferenceController
07-22 17:35:06.051  5331  5342 W SliceDataConverter: Get slice data from XML failed 
07-22 17:35:06.051  5331  5342 W SliceDataConverter: java.lang.IllegalStateException: Invalid preference controller: com.android.settings.network.CellularSecurityNotificationsDividerController
07-22 17:35:06.051  5331  5342 W SliceDataConverter: Caused by: java.lang.ClassNotFoundException: com.android.settings.network.CellularSecurityNotificationsDividerController
07-22 17:35:06.051  5331  5342 W SliceDataConverter: Caused by: java.lang.ClassNotFoundException: com.android.settings.network.CellularSecurityNotificationsDividerController
07-22 17:35:06.468  5331  5342 W SliceDataConverter: Get slice data from XML failed 
07-22 17:35:06.468  5331  5342 W SliceDataConverter: java.lang.IllegalStateException: Invalid preference controller: com.android.settings.applications.credentials.CredentialManagerPreferenceController
07-22 17:35:06.468  5331  5342 W SliceDataConverter: Caused by: java.lang.reflect.InvocationTargetException
07-22 17:35:06.468  5331  5342 W SliceDataConverter: Caused by: java.lang.RuntimeException: Can't create handler inside thread Thread[binder:5331_3,5,main] that has not called Looper.prepare()
07-22 17:35:06.579  1641  1652 W System  : A resource failed to call close. 
07-22 17:35:06.579  1641  1652 W System  : A resource failed to call close. 
07-22 17:35:06.579  1641  1652 W System  : A resource failed to call close. 
07-22 17:35:06.579  1641  1652 W System  : A resource failed to call close. 
07-22 17:35:06.579  1641  1652 W System  : A resource failed to call close. 
07-22 17:35:06.579  1641  1652 W System  : A resource failed to call close. 
07-22 17:35:06.579  1641  1652 W System  : A resource failed to call close. 
07-22 17:35:06.579  1641  1652 W System  : A resource failed to call close. 
07-22 17:35:06.579  1641  1652 W System  : A resource failed to call close. 
07-22 17:35:06.579  1641  1652 W System  : A resource failed to call close. 
07-22 17:35:06.887  5331  5342 W SliceDataConverter: Get slice data from XML failed 
07-22 17:35:06.887  5331  5342 W SliceDataConverter: java.lang.IllegalStateException: Invalid preference controller: com.android.settings.accessibility.VibrationMainSwitchPreferenceController
07-22 17:35:06.887  5331  5342 W SliceDataConverter: Caused by: java.lang.reflect.InvocationTargetException
07-22 17:35:06.887  5331  5342 W SliceDataConverter: Caused by: java.lang.RuntimeException: Can't create handler inside thread Thread[binder:5331_3,5,main] that has not called Looper.prepare()
07-22 17:35:06.938  5331  5342 W SliceDataConverter: Get slice data from XML failed 
07-22 17:35:06.938  5331  5342 W SliceDataConverter: java.lang.IllegalStateException: Invalid preference controller: com.android.settings.fuelgauge.batteryusage.BatteryChartPreferenceController
07-22 17:35:06.938  5331  5342 W SliceDataConverter: Caused by: java.lang.NoSuchMethodException: com.android.settings.fuelgauge.batteryusage.BatteryChartPreferenceController.<init> [class android.content.Context, class java.lang.String]
07-22 17:35:07.445  5331  5342 W SliceDataConverter: Get slice data from XML failed 
07-22 17:35:07.445  5331  5342 W SliceDataConverter: java.lang.IllegalStateException: Invalid preference controller: com.google.android.settings.accessibility.AdaptiveVibrationTogglePreferenceController
07-22 17:35:07.445  5331  5342 W SliceDataConverter: Caused by: java.lang.reflect.InvocationTargetException
07-22 17:35:07.445  5331  5342 W SliceDataConverter: Caused by: java.lang.RuntimeException: Can't create handler inside thread Thread[binder:5331_3,5,main] that has not called Looper.prepare()
07-22 17:35:08.379   589  1484 E RecoverySnapshotStorage: java.io.FileNotFoundException: /data/system/recoverablekeystore/snapshots/10134.xml: open failed: ENOENT (No such file or directory)
07-22 17:35:08.379   589  1484 E RecoverySnapshotStorage: Caused by: android.system.ErrnoException: open failed: ENOENT (No such file or directory)
07-22 17:35:09.342  1103  1118 W System  : A resource failed to call release. 
07-22 17:35:09.342  1103  1118 W System  : A resource failed to call release. 
07-22 17:35:09.342  1103  1118 W System  : A resource failed to call release. 
07-22 17:35:09.342  1103  1118 W System  : A resource failed to call release. 
07-22 17:35:09.342  1103  1118 W System  : A resource failed to call release. 
07-22 17:35:09.343  1103  1118 W System  : A resource failed to call release. 
07-22 17:35:09.344  1103  1118 W System  : A resource failed to call release. 
07-22 17:35:09.344  1103  1118 W System  : A resource failed to call release. 
07-22 17:35:09.344  1103  1118 W System  : A resource failed to call release. 
07-22 17:35:09.345  1103  1118 W System  : A resource failed to call release. 
07-22 17:35:09.345  1103  1118 W System  : A resource failed to call release. 
07-22 17:35:09.345  1103  1118 W System  : A resource failed to call release. 
07-22 17:35:09.346  1103  1118 W System  : A resource failed to call release. 
07-22 17:35:09.346  1103  1118 W System  : A resource failed to call release. 
07-22 17:35:09.673  1452  4214 W SemanticLocation: [MDD] ModelBundleMetadata: File not found: java.io.FileNotFoundException: /data/user/0/com.google.android.gms/files/model_bundle_metadata.pb: open failed: ENOENT (No such file or directory) [CONTEXT service_id=173 ]
07-22 17:35:09.673  1452  4214 W SemanticLocation: java.io.FileNotFoundException: /data/user/0/com.google.android.gms/files/model_bundle_metadata.pb: open failed: ENOENT (No such file or directory)
07-22 17:35:09.673  1452  4214 W SemanticLocation: Caused by: android.system.ErrnoException: open failed: ENOENT (No such file or directory)
07-22 17:35:09.747  1452  5182 W Conscrypt: Could not set socket write timeout: java.net.SocketException: Socket closed
07-22 17:35:09.794   589  1937 W AppOpService: java.lang.RuntimeException
07-22 17:35:09.809   589  1948 W AppOpService: java.lang.RuntimeException
07-22 17:35:09.813   589  1948 W AppOpService: java.lang.RuntimeException
07-22 17:35:09.813   589  1948 W AppOpService: java.lang.RuntimeException
07-22 17:35:09.814   589  1948 W AppOpService: java.lang.RuntimeException
07-22 17:35:09.814   589  1948 W AppOpService: java.lang.RuntimeException
07-22 17:35:09.892   589  1199 W AppOpService: java.lang.RuntimeException
07-22 17:35:09.944   589   715 W AppOpService: java.lang.RuntimeException
07-22 17:35:09.981   589  1169 W AppOpService: java.lang.RuntimeException
07-22 17:35:09.982   589  1933 W AppOpService: java.lang.RuntimeException
07-22 17:35:09.986   589  1933 W AppOpService: java.lang.RuntimeException
07-22 17:35:09.990  1452  5182 W Conscrypt: Could not set socket write timeout: java.net.SocketException: Socket closed
07-22 17:35:09.993   589   715 W AppOpService: java.lang.RuntimeException
07-22 17:35:10.179   589  1933 W AppOpService: java.lang.RuntimeException
07-22 17:35:10.217   589   713 W AppOpService: java.lang.RuntimeException
07-22 17:35:10.220   589  1202 W AppOpService: java.lang.RuntimeException
07-22 17:35:10.225   589  2084 W AppOpService: java.lang.RuntimeException
07-22 17:35:10.228   589  1964 W AppOpService: java.lang.RuntimeException
07-22 17:35:10.230   589  1202 W AppOpService: java.lang.RuntimeException
07-22 17:35:10.296   589  1662 W AppOpService: java.lang.RuntimeException
07-22 17:35:10.301   589  1662 W AppOpService: java.lang.RuntimeException
07-22 17:35:10.302   589  1964 W AppOpService: java.lang.RuntimeException
07-22 17:35:10.303   589  1964 W AppOpService: java.lang.RuntimeException
07-22 17:35:10.303   589  1964 W AppOpService: java.lang.RuntimeException
07-22 17:35:10.304   589  1662 W AppOpService: java.lang.RuntimeException
07-22 17:35:10.313   589  1662 W AppOpService: java.lang.RuntimeException
07-22 17:35:10.317   589  1662 W AppOpService: java.lang.RuntimeException
07-22 17:35:10.318   589  1662 W AppOpService: java.lang.RuntimeException
07-22 17:35:10.319   589  1312 W AppOpService: java.lang.RuntimeException
07-22 17:35:10.320   589  1662 W AppOpService: java.lang.RuntimeException
07-22 17:35:10.321   589  1964 W AppOpService: java.lang.RuntimeException
07-22 17:35:10.569  1292  1299 W System  : A resource failed to call AbstractCursor.close. 
07-22 17:35:10.963  5331  5331 D SoftApCallback: onStateChanged(), state:11, failureReason:0
07-22 17:35:11.519   589  1933 W AppOpService: java.lang.RuntimeException
07-22 17:35:11.571   589  1949 W AppOpService: java.lang.RuntimeException
07-22 17:35:11.573   589  1955 W AppOpService: java.lang.RuntimeException
07-22 17:35:11.581   589  1955 W AppOpService: java.lang.RuntimeException
07-22 17:35:11.587   589   607 W AppOpService: java.lang.RuntimeException
07-22 17:35:11.588   589  1662 W AppOpService: java.lang.RuntimeException
07-22 17:35:11.664  1641  5212 E IPCThreadState: Binder transaction failure: 444500/29189/-22
07-22 17:35:11.682  1383  1404 W PackageManager: android.content.res.Resources$NotFoundException: String resource ID #0x7f130775
07-22 17:35:11.713   153   162 E lowmemorykiller: process_mrelease 4756 failed: No such process
07-22 17:35:11.784  5331  5339 W BaseSearchIndex: Error initializing controller in fragment: com.android.settings.deviceinfo.aboutphone.MyDeviceInfoFragment$1@798fc71, e: java.lang.IllegalStateException: Cannot invoke setValue on a background thread
07-22 17:35:11.814  5460  5460 I Finsky  : [2] ykr.k(28): SettingNotFoundException, fall through to G.downloadBytesOverMobileMaximum
07-22 17:35:11.814  5460  5460 I Finsky  : [2] ykr.j(31): SettingNotFoundException, fall through to G.downloadBytesOverMobileRecommended
07-22 17:35:11.818  5331  5339 W BaseSearchIndex: Error initializing controller in fragment: com.android.settings.network.NetworkDashboardFragment$1@22f85e2, e: java.lang.IllegalArgumentException: Lifecycle must be set
07-22 17:35:11.957   153   161 E lowmemorykiller: process_mrelease 5308 failed: No such process
07-22 17:35:12.162   369  3483 W resolv  : TLS Handshake failed
07-22 17:35:12.163   369  3483 W resolv  : query failed
07-22 17:35:12.166   369  3483 W resolv  : Validation failed
07-22 17:35:12.392   153   161 E lowmemorykiller: process_mrelease 5153 failed: No such process
07-22 17:35:12.813   153   162 E lowmemorykiller: process_mrelease 5503 failed: No such process
07-22 17:35:13.055   153   161 E lowmemorykiller: process_mrelease 2465 failed: No such process
07-22 17:35:13.114   589  1948 E IPCThreadState: Binder transaction failure: 446631/29189/-3
07-22 17:35:13.120   589  1948 E AppOps  : android.os.DeadObjectException
07-22 17:35:13.501  1452  1926 W UsageReportingOptionsSt: INTERNAL_ERROR: setPlayPassOptIn failed with null account [CONTEXT service_id=41 ]
07-22 17:35:13.503  1452  1926 E UsageReportingOptionsSt: INTERNAL_ERROR: setOptInOption should not be called while user is locked. [CONTEXT service_id=41 ]
07-22 17:35:13.513  5460  5527 I Finsky  : [51] aezq.a(724): [PLUS] Sync complete, number synced: 1, number failed: 0
07-22 17:35:14.163  1641  5283 W Conscrypt: Could not set socket write timeout: java.net.SocketException: Socket closed
07-22 17:35:14.416  1641  5283 W Conscrypt: Could not set socket write timeout: java.net.SocketException: Socket closed
07-22 17:35:14.429  1641  5340 W Conscrypt: Could not set socket write timeout: java.net.SocketException: Socket closed
07-22 17:35:14.478   589   713 W AppOpService: java.lang.RuntimeException
07-22 17:35:14.526  1641  5340 W Conscrypt: Could not set socket write timeout: java.net.SocketException: Socket closed
07-22 17:35:14.609   589   608 W AppOpService: java.lang.RuntimeException
07-22 17:35:14.651   589  1964 W AppOpService: java.lang.RuntimeException
07-22 17:35:14.661   589   607 W AppOpService: java.lang.RuntimeException
07-22 17:35:14.678   589  1964 W AppOpService: java.lang.RuntimeException
07-22 17:35:14.684   589  1662 W AppOpService: java.lang.RuntimeException
07-22 17:35:14.924  3427  3427 E chromium: [ERROR:page_load_metrics_update_dispatcher.cc(195)] Invalid first_paint 2.491 s for first_meaningful_paint 2.379 s
07-22 17:35:15.044  5460  5560 I Finsky  : [61] aezq.a(724): [PLUS] Sync complete, number synced: 1, number failed: 0
07-22 17:35:15.606  2158  2276 W io.grpc.a.d: java.lang.NoSuchMethodException: com.google.i.a.l.getScopes []
07-22 17:35:16.079  1549  1916 I PhenotypeModule: PhenotypeModule.handleResult():319 fetchAndUpdate() : Success, hasFlags=true, fetchStatus=2024-07-22 17:35:14{reason=BROADCAST, isFullFetch=true, isEmpty=false, registeredFormFactor=phone, fetchedFormFactor=phone, success=true, failureMessage=null, isDelta=false, fetchedFlagsCount=1141, deletedFlagsCount=0, totalTime=1674}
07-22 17:35:16.277  5460  5560 I Finsky  : [61] aezq.a(724): [PLUS] Sync complete, number synced: 1, number failed: 0
07-22 17:35:16.369  2158  2281 W SodaAutoTng: No LPs found for locale en-US. Offline speech recognition should fail
07-22 17:35:17.079  3427  3427 E chromium: [ERROR:page_load_metrics_update_dispatcher.cc(195)] Invalid first_paint 2.491 s for first_meaningful_paint 2.379 s
07-22 17:35:17.300  3427  3427 E chromium: [ERROR:page_load_metrics_update_dispatcher.cc(195)] Invalid first_paint 2.491 s for first_meaningful_paint 2.379 s
07-22 17:35:17.698  3427  3427 E chromium: [ERROR:page_load_metrics_update_dispatcher.cc(195)] Invalid first_paint 2.491 s for first_meaningful_paint 2.379 s
07-22 17:35:17.898  3427  3427 E chromium: [ERROR:page_load_metrics_update_dispatcher.cc(195)] Invalid first_paint 2.491 s for first_meaningful_paint 2.379 s
07-22 17:35:17.955   589   608 E AppOps  : java.lang.SecurityException: Specified package "android" under uid 10188 but it is not
07-22 17:35:17.956   589   608 E AppOps  : java.lang.SecurityException: Specified package "android" under uid 10188 but it is not
07-22 17:35:17.956   589   608 E AppOps  : java.lang.SecurityException: Specified package "android" under uid 10188 but it is not
07-22 17:35:17.956   589   608 E AppOps  : java.lang.SecurityException: Specified package "android" under uid 10188 but it is not
07-22 17:35:18.232   589   624 I ActivityManager: Test idle failed due to 8e732b3 1791:android.process.acore/u0a82 runnable at -9s290ms because NORMAL
07-22 17:35:18.431  5808  5845 W GoogleRestoreOneGoogle: com.google.android.libraries.onegoogle.owners.mdi.MdiNotAvailableException$DeveloperErrorException: java.io.IOException: Unable to open file
07-22 17:35:18.431  5808  5845 W GoogleRestoreOneGoogle: Caused by: java.io.IOException: Unable to open file
07-22 17:35:18.431  5808  5845 W GoogleRestoreOneGoogle: Caused by: java.util.concurrent.ExecutionException: ebp: 10: Access denied to uri (not allowed): android://com.google.android.gms/managed/mdisync/com.google%3Asoyeeee2%40gmail.com/profilesync/public/profile_info.pb.lock
07-22 17:35:20.368  1452  2021 W Conscrypt: Could not set socket write timeout: java.net.SocketException: Socket closed
07-22 17:35:20.562  1452  2021 W Conscrypt: Could not set socket write timeout: java.net.SocketException: Socket closed
07-22 17:35:20.821  1452  3419 W Conscrypt: Could not set socket write timeout: java.net.SocketException: Socket closed
07-22 17:35:21.040  1452  3419 W Conscrypt: Could not set socket write timeout: java.net.SocketException: Socket closed
