07-22 17:35:22.193  3427  3427 E chromium: [ERROR:aw_browser_terminator.cc(154)] Renderer process (5492) crash detected (code -1).
07-22 17:35:22.241   589  1948 E IPCThreadState: Binder transaction failure: 460179/29189/-3
07-22 17:35:22.251   589  1948 W ActivityManager: Exception when unbinding service com.google.android.gms/org.chromium.content.app.SandboxedProcessService0:1
07-22 17:35:22.251   589  1948 W ActivityManager: android.os.DeadObjectException
07-22 17:35:22.615   589  1956 E RecoverySnapshotStorage: java.io.FileNotFoundException: /data/system/recoverablekeystore/snapshots/10134.xml: open failed: ENOENT (No such file or directory)
07-22 17:35:22.615   589  1956 E RecoverySnapshotStorage: Caused by: android.system.ErrnoException: open failed: ENOENT (No such file or directory)
07-22 17:35:22.627  1452  2487 W Conscrypt: Could not set socket write timeout: java.net.SocketException: Socket closed
07-22 17:35:22.698  1452  2487 W Conscrypt: Could not set socket write timeout: java.net.SocketException: Socket closed
07-22 17:35:23.175  1598  1944 W AiAiAutofill: java.lang.SecurityException: caller is not user's Augmented Autofill Service
07-22 17:35:23.202  1598  1944 W AiAiAutofill: java.lang.SecurityException: caller is not user's Augmented Autofill Service
07-22 17:35:23.213  1598  1944 W AiAiAutofill: java.lang.SecurityException: caller is not user's Augmented Autofill Service
07-22 17:35:23.362  1598  2357 W AiAiAutofill: java.lang.SecurityException: caller is not user's Augmented Autofill Service
07-22 17:35:24.140  1635  2008 I Ma-fcf-RobinStatus: (REDACTED) Robin eligibility #evaluate: isEnabled = %s failure reasons: %s
07-22 17:35:24.150  1635  2008 I Ma-fcf-RobinStatus: (REDACTED) Robin eligibility #evaluate: isEnabled = %s failure reasons: %s
07-22 17:35:24.154  1635  2008 I Ma-fcf-RobinStatus: (REDACTED) Robin eligibility #evaluate: isEnabled = %s failure reasons: %s
07-22 17:35:24.781  1598  2357 W AiAiAutofill: java.lang.SecurityException: caller is not user's Augmented Autofill Service
07-22 17:35:24.791  1598  2357 W AiAiAutofill: java.lang.SecurityException: caller is not user's Augmented Autofill Service
07-22 17:35:25.600  1452  2010 E Fitness : aktw: 17: API: Wearable.API is not available on this device. Connection failed with: ConnectionResult{statusCode=API_UNAVAILABLE, resolution=null, message=null}
07-22 17:35:26.027  1635  1906 I Ma-fcf-RobinStatus: (REDACTED) Robin eligibility #evaluate: isEnabled = %s failure reasons: %s
07-22 17:35:26.089  5968  6033 W SatelliteRepository: android.telephony.satellite.SatelliteManager$SatelliteException
07-22 17:35:26.110  1635  1820 I Ma-fcf-LiOndeviceAsr: (REDACTED) #evaluate: isEnabled = %s failure reasons: %s
07-22 17:35:26.110  1635  1820 I Ma-fcf-OndeviceAsr: (REDACTED) #evaluate: isEnabled = %s failure reasons: %s
07-22 17:35:26.110  1635  1820 I Ma-fcf-OndeviceNlu: (REDACTED) #evaluate: isEnabled[ = %s failure reasons: %s
07-22 17:35:26.113  1635  1906 I Ma-fcf-RobinStatus: (REDACTED) Robin eligibility #evaluate: isEnabled = %s failure reasons: %s
07-22 17:35:26.113  1635  2008 I Ma-fcf-RobinStatus: (REDACTED) Robin eligibility #evaluate: isEnabled = %s failure reasons: %s
07-22 17:35:26.142  1635  2008 I Ma-fcf-RobinStatus: (REDACTED) Robin eligibility #evaluate: isEnabled = %s failure reasons: %s
07-22 17:35:26.147  1635  1906 I Ma-fcf-BasicP4: (REDACTED) #evaluate: isEnabled = %s failure reasons: %s
07-22 17:35:26.228  1635  2008 I Ma-fcf-RobinStatus: (REDACTED) Robin eligibility #evaluate: isEnabled = %s failure reasons: %s
07-22 17:35:26.422  2158  2280 I Ma-fcf-LiOndeviceAsr: (REDACTED) #evaluate: isEnabled = %s failure reasons: %s
07-22 17:35:26.422  2158  2280 I Ma-fcf-OndeviceAsr: (REDACTED) #evaluate: isEnabled = %s failure reasons: %s
07-22 17:35:26.424  2158  2280 I Ma-fcf-LiOndeviceAsr: (REDACTED) #evaluate: isEnabled = %s failure reasons: %s
07-22 17:35:26.424  2158  2280 I Ma-fcf-OndeviceAsr: (REDACTED) #evaluate: isEnabled = %s failure reasons: %s
07-22 17:35:26.425  2158  2280 I Ma-fcf-OndeviceNlu: (REDACTED) #evaluate: isEnabled[ = %s failure reasons: %s
07-22 17:35:26.427  2158  2310 I Ma-fcf-OndeviceNlu: (REDACTED) #evaluate: isEnabled[ = %s failure reasons: %s
07-22 17:35:26.493  1452  4793 W Conscrypt: Could not set socket write timeout: java.net.SocketException: Socket closed
07-22 17:35:26.588  1452  4793 W Conscrypt: Could not set socket write timeout: java.net.SocketException: Socket closed
07-22 17:35:27.689   431  3924 D audioserver: logFgsApiBegin: FGS Logger Transaction failed, -129
07-22 17:35:27.913   431   541 D audioserver: logFgsApiEnd: FGS Logger Transaction failed, -129
07-22 17:35:28.164  1597  1749 W ModernMediaScanner: Failed to visit /data/data/com.android.providers.downloads/cache/08202014-metadata.txt: java.nio.file.NoSuchFileException: /data/data/com.android.providers.downloads/cache/08202014-metadata.txt
07-22 17:35:28.418  1597  1749 W ModernMediaScanner: Failed to visit /data/data/com.android.providers.downloads/cache/08202014-pins.txt: java.nio.file.NoSuchFileException: /data/data/com.android.providers.downloads/cache/08202014-pins.txt
07-22 17:35:28.578  2158  5003 W A       : Calling registerSyncInternal api failed.
07-22 17:35:29.209   431  2007 D audioserver: logFgsApiBegin: FGS Logger Transaction failed, -129
07-22 17:35:29.434   431   541 D audioserver: logFgsApiEnd: FGS Logger Transaction failed, -129
07-22 17:35:29.724  1597  1749 W ModernMediaScanner: Failed to visit /data/data/com.android.providers.downloads/cache/05222024-sms-denylist-metadata.txt: java.nio.file.NoSuchFileException: /data/data/com.android.providers.downloads/cache/05222024-sms-denylist-metadata.txt
07-22 17:35:29.796  1641  5189 E IPCThreadState: Binder transaction failure: 473863/29189/-3
07-22 17:35:29.805  1597  1749 W ModernMediaScanner: Failed to visit /data/data/com.android.providers.downloads/cache/05222024-sms-denylist.txt: java.nio.file.NoSuchFileException: /data/data/com.android.providers.downloads/cache/05222024-sms-denylist.txt
07-22 17:35:29.865  5583  5583 E PhenotypeFlagCommitter: Retrieving snapshot for com.google.android.partnersetup failed
07-22 17:35:29.883  2158  5237 I GoogleAuthUtil: android.os.DeadObjectException
07-22 17:35:29.941  2158  5237 E A       : java.io.IOException: Error on service connection.
07-22 17:35:29.941  2158  5237 E A       : Caused by: android.os.DeadObjectException
07-22 17:35:29.952  2158  2812 I GoogleAuthUtil: android.os.DeadObjectException
07-22 17:35:29.953  2158  2812 W A       : java.io.IOException: Error on service connection.
07-22 17:35:29.953  2158  2812 W A       : Caused by: android.os.DeadObjectException
07-22 17:35:29.955  2158  2812 I GoogleAuthUtil: android.os.DeadObjectException
07-22 17:35:29.956  2158  2812 W A       : java.io.IOException: Error on service connection.
07-22 17:35:29.956  2158  2812 W A       : Caused by: android.os.DeadObjectException
07-22 17:35:29.959  1549  1912 W brella.DynamitePhenoInit: Registration for 'com.google.android.gms.learning#com.google.android.inputmethod.latin' failed
07-22 17:35:30.080  2158  2274 E IPCThreadState: Binder transaction failure: 474063/29189/-22
07-22 17:35:30.080  2158  2274 W ClearcutLoggerApiImpl: android.os.DeadObjectException
07-22 17:35:30.086   472  6114 I CCodecConfig: query failed after returning 8 values (BAD_INDEX)
07-22 17:35:30.103   472  6114 I CCodecConfig: query failed after returning 8 values (BAD_INDEX)
07-22 17:35:30.139   488   548 E Codec2-ComponentInterface: We have a failed config
07-22 17:35:30.139  2158  2158 E ClientLoggingBackend: Logging to Clearcut failed.
07-22 17:35:30.175  5460  5487 E Finsky  : java.util.concurrent.ExecutionException: com.google.android.libraries.phenotype.client.api.PhenotypeRuntimeException: 20: 20: The connection to Google Play services was lost due to service disconnection.
07-22 17:35:30.175  5460  5487 E Finsky  : Caused by: com.google.android.libraries.phenotype.client.api.PhenotypeRuntimeException: 20: 20: The connection to Google Play services was lost due to service disconnection.
07-22 17:35:30.175  5460  5487 E Finsky  : Caused by: com.google.android.gms.common.api.ApiException: 20: The connection to Google Play services was lost due to service disconnection.
07-22 17:35:30.177  2158  2274 E m       : Got more than one input Future failure. Logging failures after the first
07-22 17:35:30.312   431   717 D audioserver: logFgsApiBegin: FGS Logger Transaction failed, -129
07-22 17:35:30.368   589   623 E PackageManager: Optimistic bind failed.
07-22 17:35:30.368   589   623 E PackageManager: java.util.concurrent.TimeoutException: [Optimistic Bind] Didn't bind to resolver in time!
07-22 17:35:30.974   431  3924 D audioserver: logFgsApiBegin: FGS Logger Transaction failed, -129
07-22 17:35:31.219   431   541 D audioserver: logFgsApiEnd: FGS Logger Transaction failed, -129
07-22 17:35:31.220  1549  1790 I SP      : Download stopped: transformer_expression:2023012316_en, failed (retriable) paused, size: 1621989
07-22 17:35:31.255  1549  1790 I SP      : Download stopped: expressive_concepts_triggering:2022011819_en, failed (retriable) paused, size: 0
07-22 17:35:31.428  1549  1790 I SP      : Download stopped: transformer_concept:2023011913_en, failed (retriable) paused, size: 0
07-22 17:35:31.447  1549  1790 I SP      : Download stopped: next-word-predictor:tflite-nwp-756c50035b995cfb0f7e8feb7d1b10ee, failed (retriable) paused, size: 0
07-22 17:35:32.426   431   541 D audioserver: logFgsApiEnd: FGS Logger Transaction failed, -129
07-22 17:35:32.455   472  3041 W AMessage: failed to post message as target looper for handler 0 is gone.
07-22 17:35:32.490   431  3924 D audioserver: logFgsApiEnd: FGS Logger Transaction failed, -129
07-22 17:35:32.604   431  3924 D audioserver: logFgsApiBegin: FGS Logger Transaction failed, -129
07-22 17:35:32.828   431   541 D audioserver: logFgsApiEnd: FGS Logger Transaction failed, -129
07-22 17:35:32.959  1549  1928 I PhenotypeModule: PhenotypeModule.handleResult():319 fetchAndUpdate() : Success, hasFlags=false, fetchStatus=2024-07-22 17:35:22{reason=BROADCAST, isFullFetch=false, isEmpty=true, registeredFormFactor=phone, fetchedFormFactor=phone, success=true, failureMessage=null, isDelta=false, fetchedFlagsCount=0, deletedFlagsCount=0, totalTime=10178}
07-22 17:35:33.232  5460  5487 E Finsky  : [44] srg.a(19): HC: Failed to preload experiments flags: java.util.concurrent.ExecutionException: com.google.android.libraries.phenotype.client.api.PhenotypeRuntimeException: 20: 20: The connection to Google Play services was lost due to service disconnection.
07-22 17:35:34.359  6130  6194 I TrafficStats: tagSocketFd(-1, 536871943, -1) failed with errno-9
07-22 17:35:34.871   589   624 I ActivityManager: Test idle failed due to 8dc03b7 6130:com.google.android.gms.persistent/u0a134 runnable at -1s483ms because NORMAL
07-22 17:35:35.937   431   717 D audioserver: logFgsApiBegin: FGS Logger Transaction failed, -129
07-22 17:35:36.136   431   541 D audioserver: logFgsApiEnd: FGS Logger Transaction failed, -129
07-22 17:35:37.939  6130  6188 W AsyncOperation: OperationException[Status{statusCode=Stale snapshot for com.google.android.gms.geotimezone(change count changed - expected 1  but was 0), resolution=null}]
07-22 17:35:38.004  6130  6188 W AsyncOperation: OperationException[Status{statusCode=Stale snapshot for com.google.android.libraries.consentverifier#com.google.android.gms(change count changed - expected 1  but was 0), resolution=null}]
07-22 17:35:38.492  6130  6164 I GmsActivityDetector: java.io.FileNotFoundException: /data/user/0/com.google.android.gms/files/geofencer_ad_state: open failed: ENOENT (No such file or directory)
07-22 17:35:38.492  6130  6164 I GmsActivityDetector: Caused by: android.system.ErrnoException: open failed: ENOENT (No such file or directory)
07-22 17:35:38.519   431   717 D audioserver: logFgsApiBegin: FGS Logger Transaction failed, -129
07-22 17:35:38.567  6130  6186 E GmsCoreLogger: Usage reporting check failed [CONTEXT service_id=299 ]
07-22 17:35:38.567  6130  6186 E GmsCoreLogger: java.util.concurrent.ExecutionException: java.util.concurrent.TimeoutException
07-22 17:35:38.567  6130  6186 E GmsCoreLogger: Caused by: java.util.concurrent.TimeoutException
07-22 17:35:38.744   431   541 D audioserver: logFgsApiEnd: FGS Logger Transaction failed, -129
07-22 17:35:39.599   431   717 D audioserver: logFgsApiBegin: FGS Logger Transaction failed, -129
07-22 17:35:39.827   431   541 D audioserver: logFgsApiEnd: FGS Logger Transaction failed, -129
07-22 17:35:39.924   589   624 I ActivityManager: Test idle failed due to 8dc03b7 6130:com.google.android.gms.persistent/u0a134 not runnable because EMPTY
07-22 17:35:42.278   589  1950 W AppOpService: java.lang.RuntimeException
07-22 17:35:42.362   589  1940 W AppOpService: java.lang.RuntimeException
07-22 17:35:42.374   589  1940 W AppOpService: java.lang.RuntimeException
07-22 17:35:42.377   589  1169 W AppOpService: java.lang.RuntimeException
07-22 17:35:42.409   589  2084 W AppOpService: java.lang.RuntimeException
07-22 17:35:42.573   589  2187 W AppOpService: java.lang.RuntimeException
07-22 17:35:43.308  6130  6193 W GLSUser : [AppCertManager] Exception while requesting key: 
07-22 17:35:43.308  6130  6193 W GLSUser : java.util.concurrent.ExecutionException: bngs: Parse Proto Exception with response code 400
07-22 17:35:43.308  6130  6193 W GLSUser : Caused by: bngs: Parse Proto Exception with response code 400
07-22 17:35:43.441  5460  6237 W bedp    : java.lang.NoSuchMethodException: atry.getScopes []
07-22 17:35:43.442  6130  6185 W Conscrypt: Could not set socket write timeout: java.net.SocketException: Socket closed
07-22 17:35:43.448  6130  6195 W Conscrypt: Could not set socket write timeout: java.net.SocketException: Socket closed
07-22 17:35:43.537  6130  6185 W Conscrypt: Could not set socket write timeout: java.net.SocketException: Socket closed
07-22 17:35:43.560  6130  6195 W Conscrypt: Could not set socket write timeout: java.net.SocketException: Socket closed
07-22 17:35:44.222  6130  6130 D BoundBrokerSvc: onBind: Intent { act=com.google.android.gms.apperrors.service.START_APP_ERROR dat=chimera-action:/... cmp=com.google.android.gms/.chimera.PersistentApiService }
07-22 17:35:44.222  6130  6130 D BoundBrokerSvc: Loading bound service for intent: Intent { act=com.google.android.gms.apperrors.service.START_APP_ERROR dat=chimera-action:/... cmp=com.google.android.gms/.chimera.PersistentApiService }
07-22 17:35:45.029   589   624 I ActivityManager: Test idle failed due to d0fb9ba 5583:com.google.android.partnersetup/u0a128 not runnable because EMPTY
07-22 17:35:45.803   589  2084 W AppOpService: java.lang.RuntimeException
07-22 17:35:45.953   589  1955 W AppOpService: java.lang.RuntimeException
07-22 17:35:45.959   589  1663 W AppOpService: java.lang.RuntimeException
07-22 17:35:45.960   589  1955 W AppOpService: java.lang.RuntimeException
07-22 17:35:45.961   589  2083 W AppOpService: java.lang.RuntimeException
07-22 17:35:45.961   589  1955 W AppOpService: java.lang.RuntimeException
07-22 17:35:46.043  6130  6195 W NetworkScheduler: java.lang.IllegalArgumentException: Only the following extra parameter types are supported: Integer, Long, Double, String, Boolean, and nested Bundles with the same restrictions.
07-22 17:35:47.528  6130  6197 W GmsPipelineLogger: java.lang.NullPointerException: Attempt to invoke virtual method 'java.lang.Class java.lang.Object.getClass()' on a null object reference
07-22 17:35:47.858  5460  5527 I Finsky  : [51] aezq.a(724): [PLUS] Sync complete, number synced: 1, number failed: 0
07-22 17:35:47.881  5460  5527 W Finsky  : [51] ogb.a(231): [DealsStore] Sync failed with error: 
07-22 17:35:47.898  5460  5527 I Finsky  : [51] amch.apply(266): [WM] Flush complete with 2 successes and 0 failures.
07-22 17:35:49.012  6130  6389 W Conscrypt: Could not set socket write timeout: java.net.SocketException: Socket closed
07-22 17:35:49.102  6130  6389 W Conscrypt: Could not set socket write timeout: java.net.SocketException: Socket closed
07-22 17:35:49.255  5460  5488 E Finsky  : [45] nej.accept(181): Future has failed to complete.
07-22 17:35:49.255  5460  5488 E Finsky  : io.grpc.StatusRuntimeException: UNIMPLEMENTED: onNullBinding: ComponentInfo{com.google.android.gms/com.google.android.gms.play.cloud.search.PlayCloudSearchEndpointService}
07-22 17:35:49.256  5460  5488 E Finsky  : io.grpc.StatusRuntimeException: UNIMPLEMENTED: onNullBinding: ComponentInfo{com.google.android.gms/com.google.android.gms.play.cloud.search.PlayCloudSearchEndpointService}
07-22 17:35:49.502  6130  6130 D BoundBrokerSvc: onUnbind: Intent { act=com.google.android.gms.apperrors.service.START_APP_ERROR dat=chimera-action:/... cmp=com.google.android.gms/.chimera.PersistentApiService }
07-22 17:35:50.044   589   624 I ActivityManager: Test idle failed due to a5d1dd6 2158:com.google.android.googlequicksearchbox:search/u0a135 runnable at -53s156ms because CONTAINS_MANIFEST
07-22 17:35:50.076  6130  6130 D BoundBrokerSvc: onRebind: Intent { act=com.google.android.gms.apperrors.service.START_APP_ERROR dat=chimera-action:/... cmp=com.google.android.gms/.chimera.PersistentApiService }
07-22 17:35:51.222  5460  5527 I Finsky  : [51] aezq.a(724): [PLUS] Sync complete, number synced: 1, number failed: 0
07-22 17:35:52.107  5460  5460 W Finsky  : [2] afeh.b(126): STU: Failed to get storage stats for package 'com.google.mainline.primary.libs' (1601: Error getting stats: android.content.pm.PackageManager.NameNotFoundException)
07-22 17:35:52.256  5460  5460 W Finsky  : [2] afeh.b(126): STU: Failed to get storage stats for package 'com.google.android.uwb' (1601: Error getting stats: android.content.pm.PackageManager.NameNotFoundException)
07-22 17:35:52.259  6130  6197 W Conscrypt: Could not set socket write timeout: java.net.SocketException: Socket closed
07-22 17:35:52.369  6130  6197 W Conscrypt: Could not set socket write timeout: java.net.SocketException: Socket closed
07-22 17:35:52.442  5460  5460 W Finsky  : [2] afeh.b(126): STU: Failed to get storage stats for package 'com.google.android.widevine.nonupdatable' (1601: Error getting stats: android.content.pm.PackageManager.NameNotFoundException)
07-22 17:35:52.448  5460  5460 W Finsky  : [2] afeh.b(126): STU: Failed to get storage stats for package 'com.android.nfcservices' (1601: Error getting stats: android.content.pm.PackageManager.NameNotFoundException)
07-22 17:35:52.463  6130  6190 W SemanticLocation: [MDD] ModelBundleMetadata: File not found: java.io.FileNotFoundException: /data/user/0/com.google.android.gms/files/model_bundle_metadata.pb: open failed: ENOENT (No such file or directory) [CONTEXT service_id=173 ]
07-22 17:35:52.463  6130  6190 W SemanticLocation: java.io.FileNotFoundException: /data/user/0/com.google.android.gms/files/model_bundle_metadata.pb: open failed: ENOENT (No such file or directory)
07-22 17:35:52.463  6130  6190 W SemanticLocation: Caused by: android.system.ErrnoException: open failed: ENOENT (No such file or directory)
07-22 17:35:52.469  5460  5460 W Finsky  : [2] afeh.b(126): STU: Failed to get storage stats for package 'com.google.android.tzdata6' (1601: Error getting stats: android.content.pm.PackageManager.NameNotFoundException)
07-22 17:35:52.527  5460  5460 W Finsky  : [2] afeh.b(126): STU: Failed to get storage stats for package 'com.google.android.permission' (1601: Error getting stats: android.content.pm.PackageManager.NameNotFoundException)
07-22 17:35:52.532  1641  6461 E fxud    : java.lang.RuntimeException: ManagedChannel allocation site
07-22 17:35:52.611  5460  5460 W Finsky  : [2] afeh.b(126): STU: Failed to get storage stats for package 'com.google.android.devicelock' (1601: Error getting stats: android.content.pm.PackageManager.NameNotFoundException)
07-22 17:35:52.625  6130  6190 W SemanticLocation: [MDD] ModelBundleMetadata: File not found: java.io.FileNotFoundException: /data/user/0/com.google.android.gms/files/model_bundle_metadata.pb: open failed: ENOENT (No such file or directory) [CONTEXT service_id=173 ]
07-22 17:35:52.625  6130  6190 W SemanticLocation: java.io.FileNotFoundException: /data/user/0/com.google.android.gms/files/model_bundle_metadata.pb: open failed: ENOENT (No such file or directory)
07-22 17:35:52.625  6130  6190 W SemanticLocation: Caused by: android.system.ErrnoException: open failed: ENOENT (No such file or directory)
07-22 17:35:52.628  5460  5460 W Finsky  : [2] afeh.b(126): STU: Failed to get storage stats for package 'com.google.android.wifi' (1601: Error getting stats: android.content.pm.PackageManager.NameNotFoundException)
07-22 17:35:53.146  5460  5460 W Finsky  : [2] afeh.b(126): STU: Failed to get storage stats for package 'com.android.hardware.authsecret' (1601: Error getting stats: android.content.pm.PackageManager.NameNotFoundException)
07-22 17:35:53.208  6130  6190 W SemanticLocation: [MDD] ModelBundleMetadata: File not found: java.io.FileNotFoundException: /data/user/0/com.google.android.gms/files/model_bundle_metadata.pb: open failed: ENOENT (No such file or directory) [CONTEXT service_id=173 ]
07-22 17:35:53.208  6130  6190 W SemanticLocation: java.io.FileNotFoundException: /data/user/0/com.google.android.gms/files/model_bundle_metadata.pb: open failed: ENOENT (No such file or directory)
07-22 17:35:53.208  6130  6190 W SemanticLocation: Caused by: android.system.ErrnoException: open failed: ENOENT (No such file or directory)
07-22 17:35:53.223  5460  5460 W Finsky  : [2] afeh.b(126): STU: Failed to get storage stats for package 'com.android.apex.cts.shim' (1601: Error getting stats: android.content.pm.PackageManager.NameNotFoundException)
07-22 17:35:53.916  5460  5460 W Finsky  : [2] afeh.b(126): STU: Failed to get storage stats for package 'com.google.android.appsearch' (1601: Error getting stats: android.content.pm.PackageManager.NameNotFoundException)
07-22 17:35:53.919  5460  5460 W Finsky  : [2] afeh.b(126): STU: Failed to get storage stats for package 'com.google.android.media.swcodec' (1601: Error getting stats: android.content.pm.PackageManager.NameNotFoundException)
07-22 17:35:53.930  5460  5460 W Finsky  : [2] afeh.b(126): STU: Failed to get storage stats for package 'com.google.android.art' (1601: Error getting stats: android.content.pm.PackageManager.NameNotFoundException)
07-22 17:35:53.985  5460  5460 W Finsky  : [2] afeh.b(126): STU: Failed to get storage stats for package 'com.google.android.profiling' (1601: Error getting stats: android.content.pm.PackageManager.NameNotFoundException)
07-22 17:35:54.068  5460  5460 W Finsky  : [2] afeh.b(126): STU: Failed to get storage stats for package 'com.google.android.mediaprovider' (1601: Error getting stats: android.content.pm.PackageManager.NameNotFoundException)
07-22 17:35:54.093  5460  5460 W Finsky  : [2] afeh.b(126): STU: Failed to get storage stats for package 'com.google.android.btservices' (1601: Error getting stats: android.content.pm.PackageManager.NameNotFoundException)
07-22 17:35:54.129  5460  5460 W Finsky  : [2] afeh.b(126): STU: Failed to get storage stats for package 'com.android.virt' (1601: Error getting stats: android.content.pm.PackageManager.NameNotFoundException)
07-22 17:35:54.161  5460  5460 W Finsky  : [2] afeh.b(126): STU: Failed to get storage stats for package 'com.android.hardware.neuralnetworks' (1601: Error getting stats: android.content.pm.PackageManager.NameNotFoundException)
07-22 17:35:54.162  5460  5460 W Finsky  : [2] afeh.b(126): STU: Failed to get storage stats for package 'com.google.android.adbd' (1601: Error getting stats: android.content.pm.PackageManager.NameNotFoundException)
07-22 17:35:54.164  5460  5460 W Finsky  : [2] afeh.b(126): STU: Failed to get storage stats for package 'com.google.android.resolv' (1601: Error getting stats: android.content.pm.PackageManager.NameNotFoundException)
07-22 17:35:54.200  5460  5460 W Finsky  : [2] afeh.b(126): STU: Failed to get storage stats for package 'com.android.i18n' (1601: Error getting stats: android.content.pm.PackageManager.NameNotFoundException)
07-22 17:35:54.230  5460  5460 W Finsky  : [2] afeh.b(126): STU: Failed to get storage stats for package 'com.google.android.configinfrastructure' (1601: Error getting stats: android.content.pm.PackageManager.NameNotFoundException)
07-22 17:35:54.233  5460  5460 W Finsky  : [2] afeh.b(126): STU: Failed to get storage stats for package 'com.google.android.media' (1601: Error getting stats: android.content.pm.PackageManager.NameNotFoundException)
07-22 17:35:54.233  5460  5460 W Finsky  : [2] afeh.b(126): STU: Failed to get storage stats for package 'com.google.android.conscrypt' (1601: Error getting stats: android.content.pm.PackageManager.NameNotFoundException)
07-22 17:35:54.261  5460  5460 W Finsky  : [2] afeh.b(126): STU: Failed to get storage stats for package 'com.android.hardware.cas' (1601: Error getting stats: android.content.pm.PackageManager.NameNotFoundException)
07-22 17:35:54.315  5460  5460 W Finsky  : [2] afeh.b(126): STU: Failed to get storage stats for package 'com.google.android.neuralnetworks' (1601: Error getting stats: android.content.pm.PackageManager.NameNotFoundException)
07-22 17:35:54.335  5460  5460 W Finsky  : [2] afeh.b(126): STU: Failed to get storage stats for package 'com.google.android.runtime' (1601: Error getting stats: android.content.pm.PackageManager.NameNotFoundException)
07-22 17:35:54.339  5460  5460 W Finsky  : [2] afeh.b(126): STU: Failed to get storage stats for package 'com.google.android.ipsec' (1601: Error getting stats: android.content.pm.PackageManager.NameNotFoundException)
07-22 17:35:54.458  5460  5460 W Finsky  : [2] afeh.b(126): STU: Failed to get storage stats for package 'com.google.android.ondevicepersonalization' (1601: Error getting stats: android.content.pm.PackageManager.NameNotFoundException)
07-22 17:35:54.490  5460  5460 W Finsky  : [2] afeh.b(126): STU: Failed to get storage stats for package 'com.google.android.sdkext' (1601: Error getting stats: android.content.pm.PackageManager.NameNotFoundException)
07-22 17:35:54.501  5460  5460 W Finsky  : [2] afeh.b(126): STU: Failed to get storage stats for package 'com.google.android.healthfitness' (1601: Error getting stats: android.content.pm.PackageManager.NameNotFoundException)
07-22 17:35:54.730  5460  5460 W Finsky  : [2] afeh.b(126): STU: Failed to get storage stats for package 'com.google.android.adservices' (1601: Error getting stats: android.content.pm.PackageManager.NameNotFoundException)
07-22 17:35:54.738  5460  5460 W Finsky  : [2] afeh.b(126): STU: Failed to get storage stats for package 'com.google.android.tethering' (1601: Error getting stats: android.content.pm.PackageManager.NameNotFoundException)
07-22 17:35:54.834  5460  5460 W Finsky  : [2] afeh.b(126): STU: Failed to get storage stats for package 'com.google.android.extservices' (1601: Error getting stats: android.content.pm.PackageManager.NameNotFoundException)
07-22 17:35:55.047   589   624 I ActivityManager: Test idle failed due to 8dc03b7 6130:com.google.android.gms.persistent/u0a134 not runnable because EMPTY
07-22 17:35:55.101  2158  2276 E m       : Got more than one input Future failure. Logging failures after the first
07-22 17:35:55.101  2158  2276 E m       : Got more than one input Future failure. Logging failures after the first
07-22 17:35:55.101  2158  2276 E m       : Got more than one input Future failure. Logging failures after the first
07-22 17:35:55.103  6130  6130 D BoundBrokerSvc: onUnbind: Intent { act=com.google.android.gms.apperrors.service.START_APP_ERROR dat=chimera-action:/... cmp=com.google.android.gms/.chimera.PersistentApiService }
07-22 17:35:55.109  2158  2281 E m       : Got more than one input Future failure. Logging failures after the first
07-22 17:35:55.121   153   162 E lowmemorykiller: process_mrelease 5808 failed: No such process
07-22 17:35:55.198  2158  2276 E m       : Got more than one input Future failure. Logging failures after the first
07-22 17:35:55.225   153   162 E lowmemorykiller: process_mrelease 4601 failed: No such process
07-22 17:35:55.281   153   161 E lowmemorykiller: process_mrelease 3427 failed: No such process
07-22 17:35:55.420  5460  5460 W Finsky  : [2] afeh.b(126): STU: Failed to get storage stats for package 'com.google.android.os.statsd' (1601: Error getting stats: android.content.pm.PackageManager.NameNotFoundException)
07-22 17:35:55.425   153   162 E lowmemorykiller: process_mrelease 5855 failed: No such process
07-22 17:35:55.434  5460  5460 W Finsky  : [2] afeh.b(126): STU: Failed to get storage stats for package 'com.android.hardware.rebootescrow' (1601: Error getting stats: android.content.pm.PackageManager.NameNotFoundException)
07-22 17:35:55.451  5460  5460 W Finsky  : [2] afeh.b(126): STU: Failed to get storage stats for package 'com.google.android.cellbroadcast' (1601: Error getting stats: android.content.pm.PackageManager.NameNotFoundException)
07-22 17:35:55.469  5460  5460 W Finsky  : [2] afeh.b(126): STU: Failed to get storage stats for package 'com.google.android.rkpd' (1601: Error getting stats: android.content.pm.PackageManager.NameNotFoundException)
07-22 17:35:55.560  5460  5460 W Finsky  : [2] afeh.b(126): STU: Failed to get storage stats for package 'com.google.android.scheduling' (1601: Error getting stats: android.content.pm.PackageManager.NameNotFoundException)
07-22 17:35:59.244  1641  6461 E IPCThreadState: Binder transaction failure: 518097/29189/-22
07-22 17:35:59.252  1641  6461 W GoogleHttpServiceClient: Exception in Google Http Service: 
07-22 17:35:59.252  1641  6461 W GoogleHttpServiceClient: android.os.DeadObjectException
07-22 17:35:59.294  1641  6461 W Conscrypt: Could not set socket write timeout: java.net.SocketException: Socket closed
07-22 17:35:59.375  1641  6461 W Conscrypt: Could not set socket write timeout: java.net.SocketException: Socket closed
07-22 17:36:04.684  2158  2171 W System  : A resource failed to call close. 
07-22 17:36:05.673  6130  6188 W AsyncOperation: OperationException[Status{statusCode=Stale snapshot for com.google.android.platform.shared(change count changed - expected 3  but was 2), resolution=null}]
07-22 17:36:05.674  6130  6445 W cwiy    : Committing snapshot for shared failed [CONTEXT service_id=204 ]
07-22 17:36:05.674  6130  6445 W cwiy    : java.util.concurrent.ExecutionException: aktw: 29501: Stale snapshot for com.google.android.platform.shared(change count changed - expected 3  but was 2)
07-22 17:36:05.779  1103  1118 W System  : A resource failed to call release. 
07-22 17:36:05.779  1103  1118 W System  : A resource failed to call release. 
07-22 17:36:05.779  1103  1118 W System  : A resource failed to call release. 
07-22 17:36:05.779  1103  1118 W System  : A resource failed to call release. 
07-22 17:36:05.779  1103  1118 W System  : A resource failed to call release. 
07-22 17:36:05.779  1103  1118 W System  : A resource failed to call release. 
07-22 17:36:05.779  1103  1118 W System  : A resource failed to call release. 
07-22 17:36:05.779  1103  1118 W System  : A resource failed to call release. 
07-22 17:36:05.779  1103  1118 W System  : A resource failed to call release. 
07-22 17:36:05.780  1103  1118 W System  : A resource failed to call release. 
07-22 17:36:05.780  1103  1118 W System  : A resource failed to call release. 
07-22 17:36:05.780  1103  1118 W System  : A resource failed to call release. 
07-22 17:36:05.780  1103  1118 W System  : A resource failed to call release. 
07-22 17:36:05.780  1103  1118 W System  : A resource failed to call release. 
07-22 17:36:05.780  1103  1118 W System  : A resource failed to call release. 
07-22 17:36:05.780  1103  1118 W System  : A resource failed to call release. 
07-22 17:36:05.780  1103  1118 W System  : A resource failed to call release. 
07-22 17:36:05.780  1103  1118 W System  : A resource failed to call release. 
07-22 17:36:05.780  1103  1118 W System  : A resource failed to call release. 
07-22 17:36:05.780  1103  1118 W System  : A resource failed to call release. 
07-22 17:36:05.781  1103  1118 W System  : A resource failed to call release. 
07-22 17:36:05.781  1103  1118 W System  : A resource failed to call release. 
07-22 17:36:09.498  1598  6546 E AiAiEcho: Reading elements from Geller failed with cause
07-22 17:36:09.618  1598  1944 E AmbientMusicServiceMana: oxe: java.lang.reflect.InvocationTargetException
07-22 17:36:09.618  1598  1944 E AmbientMusicServiceMana: Caused by: java.lang.reflect.InvocationTargetException
07-22 17:36:09.618  1598  1944 E AmbientMusicServiceMana: Caused by: java.lang.IllegalStateException: No underlying SoundTriggerModule available
07-22 17:36:09.686   589  3752 E SettingsToPropertiesMapper: key=persist.device_config.configuration.AdbWritableFlags__adb_writable_flags_list value=adservices/disable_sdk_sandbox,adservices/enforce_broadcast_receiver_restrictions,adservices/fledge_ad_selection_enforce_foreground_status_custom_audience,adservices/fledge_custom_audience_max_count,adservices/fledge_custom_audience_max_num_ads,adservices/fledge_custom_audience_max_owner_count,adservices/fledge_custom_audience_per_app_max_count,adservices/fledge_js_isolate_enforce_max_heap_size,adservices/fledge_js_isolate_max_heap_size_bytes,adservices/sdk_request_permits_per_second,adservices/sdksandbox_customized_sdk_context_enabled,configuration/namespace_to_package_mapping,constrain_display_apis/always_constrain_display_apis,constrain_display_apis/never_constrain_display_apis,constrain_display_apis/never_constrain_display_apis_all_packages,device_policy_manager/disable_resources_updatability,flipendo/default_savings_mode_launch,flipendo/essential_apps,flipendo/flipendo_enabled_launch,flipendo/grayscale_enabled_launch,flipendo/lever_ble_scanning_enabled_launch,flipendo/lever_hotspot_enabled_launch,flipendo/lever_work_profile_enabled_launch,flipendo/resuspend_delay_minutes,namespace/key,namespace1/key1,namespace1/key2,namespace2/key1,namespace2/key2,package_manager_service/incfs_default_timeouts,package_manager_service/known_digesters_list,privacy/location_access_check_periodic_interval_millis,rollback/enable_rollback_timeout,rollback/watchdog_explicit_health_check_enabled,rollback/watchdog_request_timeout_millis,rollback/watchdog_trigger_failure_count,rollback/watchdog_trigger_failure_duration_millis,rollback_boot/rollback_lifetime_in_millis,systemui/nas_generate_actions,systemui/nas_generate_replies,systemui/nas_max_messages_to_extract,systemui/nas_max_suggestions,testspace/another,testspace/flagname,textclassifier/config_updater_model_enabled,textclassifier/key,textclassifier/key2,textclassifier/manifest_url_annotator_en,textclassifier/manifest_url_annotator_ru,textclassifier/model_download_backoff_delay_in_millis,textclassifier/model_download_manager_enabled,textclassifier/multi_language_support_enabled,textclassifier/testing_locale_list_override,textclassifier/textclassifier_service_package_override,window_manager/enable_default_rescind_bal_privileges_from_pending_intent_sender,wrong/nas_generate_replies, exceeds system property max length.
07-22 17:36:09.686   589  3752 E SettingsToPropertiesMapper: key=persist.device_config.aconfig_flags.configuration.AdbWritableFlags__adb_writable_flags_list value=adservices/disable_sdk_sandbox,adservices/enforce_broadcast_receiver_restrictions,adservices/fledge_ad_selection_enforce_foreground_status_custom_audience,adservices/fledge_custom_audience_max_count,adservices/fledge_custom_audience_max_num_ads,adservices/fledge_custom_audience_max_owner_count,adservices/fledge_custom_audience_per_app_max_count,adservices/fledge_js_isolate_enforce_max_heap_size,adservices/fledge_js_isolate_max_heap_size_bytes,adservices/sdk_request_permits_per_second,adservices/sdksandbox_customized_sdk_context_enabled,configuration/namespace_to_package_mapping,constrain_display_apis/always_constrain_display_apis,constrain_display_apis/never_constrain_display_apis,constrain_display_apis/never_constrain_display_apis_all_packages,device_policy_manager/disable_resources_updatability,flipendo/default_savings_mode_launch,flipendo/essential_apps,flipendo/flipendo_enabled_launch,flipendo/grayscale_enabled_launch,flipendo/lever_ble_scanning_enabled_launch,flipendo/lever_hotspot_enabled_launch,flipendo/lever_work_profile_enabled_launch,flipendo/resuspend_delay_minutes,namespace/key,namespace1/key1,namespace1/key2,namespace2/key1,namespace2/key2,package_manager_service/incfs_default_timeouts,package_manager_service/known_digesters_list,privacy/location_access_check_periodic_interval_millis,rollback/enable_rollback_timeout,rollback/watchdog_explicit_health_check_enabled,rollback/watchdog_request_timeout_millis,rollback/watchdog_trigger_failure_count,rollback/watchdog_trigger_failure_duration_millis,rollback_boot/rollback_lifetime_in_millis,systemui/nas_generate_actions,systemui/nas_generate_replies,systemui/nas_max_messages_to_extract,systemui/nas_max_suggestions,testspace/another,testspace/flagname,textclassifier/config_updater_model_enabled,textclassifier/key,textclassifier/key2,textclassifier/manifest_url_annotator_en,textclassifier/manifest_url_annotator_ru,textclassifier/model_download_backoff_delay_in_millis,textclassifier/model_download_manager_enabled,textclassifier/multi_language_support_enabled,textclassifier/testing_locale_list_override,textclassifier/textclassifier_service_package_override,window_manager/enable_default_rescind_bal_privileges_from_pending_intent_sender,wrong/nas_generate_replies, exceeds system property max length.
07-22 17:36:10.785   589  1662 W AppOpService: java.lang.RuntimeException
07-22 17:36:10.814   589  1199 W AppOpService: java.lang.RuntimeException
07-22 17:36:10.838   589  1312 W AppOpService: java.lang.RuntimeException
07-22 17:36:10.840   589  1312 W AppOpService: java.lang.RuntimeException
07-22 17:36:10.841   589  1312 W AppOpService: java.lang.RuntimeException
07-22 17:36:10.842   589  1312 W AppOpService: java.lang.RuntimeException
07-22 17:36:12.594  1641  6591 W PeoplePU: getComponentEnabledSetting failed.
07-22 17:36:12.594  1641  6591 W PeoplePU: java.lang.IllegalArgumentException: Unknown component: ComponentInfo{com.google.android.syncadapters.contacts/com.google.android.syncadapters.contacts.ContactsSyncAdapterService}
07-22 17:36:12.594  1641  6591 W PeoplePU: 	at android.os.Parcel.createExceptionOrNull(Parcel.java:3246)
07-22 17:36:12.594  1641  6591 W PeoplePU: 	at android.os.Parcel.createException(Parcel.java:3226)
07-22 17:36:12.594  1641  6591 W PeoplePU: 	at android.os.Parcel.readException(Parcel.java:3209)
07-22 17:36:12.594  1641  6591 W PeoplePU: 	at android.os.Parcel.readException(Parcel.java:3151)
07-22 17:36:12.594  1641  6591 W PeoplePU: Caused by: android.os.RemoteException: Remote stack trace:
07-22 17:36:12.620  1641  6591 W PeoplePU: getComponentEnabledSetting failed.
07-22 17:36:12.620  1641  6591 W PeoplePU: java.lang.IllegalArgumentException: Unknown component: ComponentInfo{com.google.android.syncadapters.contacts/com.google.android.syncadapters.contacts.ContactsSyncAdapterService}
07-22 17:36:12.620  1641  6591 W PeoplePU: 	at android.os.Parcel.createExceptionOrNull(Parcel.java:3246)
07-22 17:36:12.620  1641  6591 W PeoplePU: 	at android.os.Parcel.createException(Parcel.java:3226)
07-22 17:36:12.620  1641  6591 W PeoplePU: 	at android.os.Parcel.readException(Parcel.java:3209)
07-22 17:36:12.620  1641  6591 W PeoplePU: 	at android.os.Parcel.readException(Parcel.java:3151)
07-22 17:36:12.644  1641  6591 W PeoplePU: getComponentEnabledSetting failed.
07-22 17:36:12.644  1641  6591 W PeoplePU: java.lang.IllegalArgumentException: Unknown component: ComponentInfo{com.google.android.syncadapters.contacts/com.google.android.syncadapters.contacts.ProxyGalProvider}
07-22 17:36:12.644  1641  6591 W PeoplePU: 	at android.os.Parcel.createExceptionOrNull(Parcel.java:3246)
07-22 17:36:12.644  1641  6591 W PeoplePU: 	at android.os.Parcel.createException(Parcel.java:3226)
07-22 17:36:12.644  1641  6591 W PeoplePU: 	at android.os.Parcel.readException(Parcel.java:3209)
07-22 17:36:12.644  1641  6591 W PeoplePU: 	at android.os.Parcel.readException(Parcel.java:3151)
07-22 17:36:15.608   589   624 I ActivityManager: Test idle failed due to 7efb786 5697:com.google.android.configupdater/u0a120 runnable at -1s775ms because CONTAINS_MANIFEST
07-22 17:36:15.874  6130  6172 W AsyncOperation: OperationException[Status{statusCode=Stale snapshot for com.google.android.apps.messaging.auto#com.google.android.apps.messaging(change count changed - expected 2  but was 1), resolution=null}]
07-22 17:36:16.030  1549  1928 I PhenotypeModule: PhenotypeModule.handleResult():319 fetchAndUpdate() : Success, hasFlags=true, fetchStatus=2024-07-22 17:36:14{reason=BROADCAST, isFullFetch=false, isEmpty=false, registeredFormFactor=phone, fetchedFormFactor=phone, success=true, failureMessage=null, isDelta=true, fetchedFlagsCount=13, deletedFlagsCount=0, totalTime=1519}
07-22 17:36:16.100  1641  6659 W Conscrypt: Could not set socket write timeout: java.net.SocketException: Socket closed
07-22 17:36:16.134  6130  6137 W System  : A resource failed to call close. 
07-22 17:36:16.207  1641  6659 W Conscrypt: Could not set socket write timeout: java.net.SocketException: Socket closed
07-22 17:36:16.213  1641  6661 W Conscrypt: Could not set socket write timeout: java.net.SocketException: Socket closed
07-22 17:36:16.434  6593  6646 W BugleRcs: android.content.pm.PackageManager$NameNotFoundException: com.google.android.ims
07-22 17:36:16.439  1641  6659 W Conscrypt: Could not set socket write timeout: java.net.SocketException: Socket closed
07-22 17:36:16.459  1641  6661 W Conscrypt: Could not set socket write timeout: java.net.SocketException: Socket closed
07-22 17:36:16.540  1641  6659 W Conscrypt: Could not set socket write timeout: java.net.SocketException: Socket closed
07-22 17:36:16.753   589  1384 W AppOpService: java.lang.RuntimeException
07-22 17:36:16.968   589   713 W AppOpService: java.lang.RuntimeException
07-22 17:36:16.973  1383  1404 W PackageManager: android.content.res.Resources$NotFoundException: String resource ID #0x7f130775
07-22 17:36:16.989   589  1662 W AppOpService: java.lang.RuntimeException
07-22 17:36:17.077   589  1964 W AppOpService: java.lang.RuntimeException
07-22 17:36:17.088   589  1964 W AppOpService: java.lang.RuntimeException
07-22 17:36:17.098   589   607 W AppOpService: java.lang.RuntimeException
07-22 17:36:18.163  5968  5968 D SoftApCallback: onStateChanged(), state:11, failureReason:0
07-22 17:36:18.163  5968  5968 D SoftApCallback: onStateChanged(), state:11, failureReason:0
07-22 17:36:18.352  5968  6232 W BaseSearchIndex: Error initializing controller in fragment: com.android.settings.deviceinfo.aboutphone.MyDeviceInfoFragment$1@150b7eb, e: java.lang.IllegalStateException: Cannot invoke setValue on a background thread
07-22 17:36:18.357  5968  5976 W BaseSearchIndex: Error initializing controller in fragment: com.android.settings.deviceinfo.aboutphone.MyDeviceInfoFragment$1@150b7eb, e: java.lang.IllegalStateException: Cannot invoke setValue on a background thread
07-22 17:36:19.053  1292  1292 E PhoneInterfaceManager: isVoNrEnabled: CommandException: com.android.internal.telephony.CommandException: REQUEST_NOT_SUPPORTED
07-22 17:36:19.057  1292  1292 E PhoneInterfaceManager: isVoNrEnabled: CommandException: com.android.internal.telephony.CommandException: REQUEST_NOT_SUPPORTED
07-22 17:36:20.271  5968  6668 W BaseSearchIndex: Error initializing controller in fragment: com.android.settings.deviceinfo.aboutphone.MyDeviceInfoFragment$1@150b7eb, e: java.lang.IllegalStateException: Cannot invoke setValue on a background thread
07-22 17:36:20.479   589   715 W AppOpService: java.lang.RuntimeException
07-22 17:36:20.511   589  2192 W AppOpService: java.lang.RuntimeException
07-22 17:36:20.525  5968  6232 W BaseSearchIndex: Error initializing controller in fragment: com.android.settings.network.NetworkDashboardFragment$1@e865639, e: java.lang.IllegalArgumentException: Lifecycle must be set
07-22 17:36:20.545   589  2192 W AppOpService: java.lang.RuntimeException
07-22 17:36:20.555   589   608 W AppOpService: java.lang.RuntimeException
07-22 17:36:20.567   589  1384 W AppOpService: java.lang.RuntimeException
07-22 17:36:20.577   589  1955 W AppOpService: java.lang.RuntimeException
07-22 17:36:20.613   589   624 I ActivityManager: Test idle failed due to 8e732b3 1791:android.process.acore/u0a82 runnable at +171ms because NORMAL
07-22 17:36:20.687  5968  5976 W BaseSearchIndex: Error initializing controller in fragment: com.android.settings.network.NetworkDashboardFragment$1@e865639, e: java.lang.IllegalArgumentException: Lifecycle must be set
07-22 17:36:22.219  5968  6668 W BaseSearchIndex: Error initializing controller in fragment: com.android.settings.network.NetworkDashboardFragment$1@e865639, e: java.lang.IllegalArgumentException: Lifecycle must be set
07-22 17:36:22.904  5968  6668 E SystemServiceRegistry: android.os.ServiceManager$ServiceNotFoundException: No service published for: ethernet
07-22 17:36:22.960  5968  6668 E Settings: android.content.pm.PackageManager$NameNotFoundException: com.google.android.apps.accessibility.magnifier
07-22 17:36:22.961  5968  6668 E Settings: android.content.pm.PackageManager$NameNotFoundException: com.google.android.apps.tips
07-22 17:36:23.378  1597  1749 W ModernMediaScanner: Failed to visit /data/data/com.android.providers.downloads/cache/model.smfb.metadata: java.nio.file.NoSuchFileException: /data/data/com.android.providers.downloads/cache/model.smfb.metadata
07-22 17:36:23.441  1597  1749 W ModernMediaScanner: Failed to visit /data/data/com.android.providers.downloads/cache/model.smfb: java.nio.file.NoSuchFileException: /data/data/com.android.providers.downloads/cache/model.smfb
07-22 17:36:25.597  5732  6743 W DownloadManager: [9] Stop requested with status HTTP_DATA_ERROR: Failed reading response: javax.net.ssl.SSLProtocolException: Read error: ssl=0x70fded191498: Failure in SSL library, usually a protocol error
07-22 17:36:25.637   589   624 I ActivityManager: Test idle failed due to a5d1dd6 2158:com.google.android.googlequicksearchbox:search/u0a135 runnable at -12s56ms because CONTAINS_MANIFEST
07-22 17:36:25.912  6593  6757 E BugleRcsEngine: cirm: ContentProvider request failed, failureReason: UID_NOT_VERIFIED_ERROR
07-22 17:36:25.912  6593  6757 E BugleRcsEngine: 	at doji.setException(PG:19)
07-22 17:36:25.912  6593  6757 E BugleRcsEngine: 	at doji.setException(PG:19)
07-22 17:36:25.913  6593  6757 W BugleRcsEngine: setAsterismConsent failure: sessionId=c89317aa-84f8-4b66-ad9e-59f57a50888d requestCode=1 consent=0 googleToSConsentSource=4 [CONTEXT thread_id=67 ]
07-22 17:36:25.920  6593  6726 W BugleRcsEngine: googleToSConsentApi.setConsent 0 failed [c89317aa-84f8-4b66-ad9e-59f57a50888d] [CONTEXT log_prefix="(PEv2-SM63854453-DefaultCallSmsData-1-e94)" thread_id=62 ]
07-22 17:36:25.937  5732  6755 W DownloadManager: [11] Stop requested with status HTTP_DATA_ERROR: Failed reading response: javax.net.ssl.SSLProtocolException: Read error: ssl=0x70fded192518: Failure in SSL library, usually a protocol error
07-22 17:36:25.973  5697  5697 I ConfigUpdater: Download failed, retrying...
07-22 17:36:26.139  5697  5697 I ConfigUpdater: Download failed, retrying...
07-22 17:36:26.866  6130  6188 W AsyncOperation: OperationException[Status{statusCode=Stale snapshot for com.google.android.gms.gaia_experiments#com.google.android.gms(change count changed - expected 2  but was 1), resolution=null}]
07-22 17:36:27.437  6130  6642 W AsyncOperation: OperationException[Status{statusCode=Stale snapshot for com.google.android.gms.accountsettings(change count changed - expected 3  but was 1), resolution=null}]
07-22 17:36:27.443  6130  6188 W AsyncOperation: OperationException[Status{statusCode=Stale snapshot for com.google.android.gms.googlesettings#com.google.android.gms(change count changed - expected 2  but was 1), resolution=null}]
07-22 17:36:27.444  6130  6642 W AsyncOperation: OperationException[Status{statusCode=Stale snapshot for com.google.android.location(change count changed - expected 4  but was 2), resolution=null}]
07-22 17:36:30.361  5968  5999 D SettingsSliceProvider: java.lang.IllegalStateException: Invalid Slices key from path: wifi_calling
07-22 17:36:30.655   589   624 I ActivityManager: Test idle failed due to a5d1dd6 2158:com.google.android.googlequicksearchbox:search/u0a135 not runnable because EMPTY
07-22 17:36:30.814  6593  6726 I Bugle   : BugleStartup: Done initializing with enabled individual init failures.
07-22 17:36:31.793  5968  7049 W SatelliteRepository: android.telephony.satellite.SatelliteManager$SatelliteException
07-22 17:36:31.808  5968  7050 W SatelliteRepository: android.telephony.satellite.SatelliteManager$SatelliteException
07-22 17:36:32.540  5968  7052 W SatelliteRepository: android.telephony.satellite.SatelliteManager$SatelliteException
07-22 17:36:32.574  5968  7053 W SatelliteRepository: android.telephony.satellite.SatelliteManager$SatelliteException
07-22 17:36:32.800  6593  6726 W MDD     : MDDManager Clearing MDD since FilesMetadata failed or needs migration.
07-22 17:36:33.063  6593  6640 W BugleWearable: Failed to sync phone config to data client with ApiException[status=API_NOT_CONNECTED] [CONTEXT class_name="SyncDataToWearableAppHandler" ]
07-22 17:36:33.063  6593  6640 W BugleWearable: cdqt: 17: API: Wearable.API is not available on this device. Connection failed with: ConnectionResult{statusCode=API_UNAVAILABLE, resolution=null, message=null}
07-22 17:36:33.096  6593  6640 W BugleWearable: Not retrying sync: Failed to sync conversations to wearable with ApiException[status=API_NOT_CONNECTED] [CONTEXT class_name="SyncDataToWearableAppHandler" ]
