07-22 18:22:14.468  9528  9528 W Finsky  : [2] afeh.b(126): STU: Failed to get storage stats for package 'com.google.android.tethering' (1601: Error getting stats: android.content.pm.PackageManager.NameNotFoundException)
07-22 18:22:14.480  9528  9528 W Finsky  : [2] afeh.b(126): STU: Failed to get storage stats for package 'com.google.android.extservices' (1601: Error getting stats: android.content.pm.PackageManager.NameNotFoundException)
07-22 18:22:14.560  9528  9528 W Finsky  : [2] afeh.b(126): STU: Failed to get storage stats for package 'com.google.android.os.statsd' (1601: Error getting stats: android.content.pm.PackageManager.NameNotFoundException)
07-22 18:22:14.562  9528  9528 W Finsky  : [2] afeh.b(126): STU: Failed to get storage stats for package 'com.android.hardware.rebootescrow' (1601: Error getting stats: android.content.pm.PackageManager.NameNotFoundException)
07-22 18:22:14.565  9528  9528 W Finsky  : [2] afeh.b(126): STU: Failed to get storage stats for package 'com.google.android.cellbroadcast' (1601: Error getting stats: android.content.pm.PackageManager.NameNotFoundException)
07-22 18:22:14.578  9528  9528 W Finsky  : [2] afeh.b(126): STU: Failed to get storage stats for package 'com.google.android.rkpd' (1601: Error getting stats: android.content.pm.PackageManager.NameNotFoundException)
07-22 18:22:14.614  9528  9528 W Finsky  : [2] afeh.b(126): STU: Failed to get storage stats for package 'com.google.android.scheduling' (1601: Error getting stats: android.content.pm.PackageManager.NameNotFoundException)
07-22 18:25:02.172   431   431 D audioserver: logFgsApiBegin: FGS Logger Transaction failed, -129
07-22 18:25:02.336   431   541 D audioserver: logFgsApiEnd: FGS Logger Transaction failed, -129
07-22 18:25:03.504   431   431 D audioserver: logFgsApiBegin: FGS Logger Transaction failed, -129
07-22 18:25:03.743   431   541 D audioserver: logFgsApiEnd: FGS Logger Transaction failed, -129
07-22 18:25:04.554   431   431 D audioserver: logFgsApiBegin: FGS Logger Transaction failed, -129
07-22 18:25:04.784   431   541 D audioserver: logFgsApiEnd: FGS Logger Transaction failed, -129
07-22 18:25:05.111   431   431 D audioserver: logFgsApiBegin: FGS Logger Transaction failed, -129
07-22 18:25:05.328   431   541 D audioserver: logFgsApiEnd: FGS Logger Transaction failed, -129
07-22 18:25:05.700   431   431 D audioserver: logFgsApiBegin: FGS Logger Transaction failed, -129
07-22 18:25:05.918   431   541 D audioserver: logFgsApiEnd: FGS Logger Transaction failed, -129
07-22 18:25:06.411   431   431 D audioserver: logFgsApiBegin: FGS Logger Transaction failed, -129
07-22 18:25:06.644   431   541 D audioserver: logFgsApiEnd: FGS Logger Transaction failed, -129
07-22 18:25:39.631  9861  9861 E IPCThreadState: Binder transaction failure: 1165512/29201/-1
07-22 18:25:39.635  9861  9861 E IPCThreadState: Binder transaction failure: 1165517/29201/-1
07-22 18:25:39.640  9861  9861 E IPCThreadState: Binder transaction failure: 1165522/29201/-1
07-22 18:25:39.645  9861  9861 E IPCThreadState: Binder transaction failure: 1165526/29201/-1
07-22 18:25:39.650  9861  9861 E IPCThreadState: Binder transaction failure: 1165530/29201/-1
07-22 18:25:39.650  9861  9861 E IPCThreadState: Binder transaction failure: 1165536/29201/-1
07-22 18:25:39.651  9861  9861 E IPCThreadState: Binder transaction failure: 1165540/29201/-1
07-22 18:25:39.652  9861  9861 E IPCThreadState: Binder transaction failure: 1165549/29201/-1
07-22 18:25:39.655  9861  9861 E IPCThreadState: Binder transaction failure: 1165558/29201/-1
07-22 18:25:39.661  9861  9861 E IPCThreadState: Binder transaction failure: 1165562/29201/-1
07-22 18:25:39.662  9861  9861 E IPCThreadState: Binder transaction failure: 1165566/29201/-1
07-22 18:25:39.662  9861  9861 E IPCThreadState: Binder transaction failure: 1165570/29201/-1
07-22 18:25:39.663  9861  9861 E IPCThreadState: Binder transaction failure: 1165574/29201/-1
07-22 18:25:39.667  9861  9861 E IPCThreadState: Binder transaction failure: 1165599/29201/-1
07-22 18:25:39.668  9861  9861 E IPCThreadState: Binder transaction failure: 1165605/29201/-1
07-22 18:25:39.670  9861  9861 E IPCThreadState: Binder transaction failure: 1165609/29201/-1
07-22 18:25:39.670  9861  9861 E IPCThreadState: Binder transaction failure: 1165613/29201/-1
07-22 18:25:39.672  9861  9861 E IPCThreadState: Binder transaction failure: 1165617/29201/-1
07-22 18:25:39.673  9861  9861 E IPCThreadState: Binder transaction failure: 1165621/29201/-1
07-22 18:25:39.674  9861  9861 E IPCThreadState: Binder transaction failure: 1165625/29201/-1
07-22 18:25:39.675  9861  9861 E IPCThreadState: Binder transaction failure: 1165629/29201/-1
07-22 18:25:39.675  9861  9861 E IPCThreadState: Binder transaction failure: 1165633/29201/-1
07-22 18:25:39.676  9861  9861 E IPCThreadState: Binder transaction failure: 1165637/29201/-1
07-22 18:25:39.676  9861  9861 E IPCThreadState: Binder transaction failure: 1165641/29201/-1
07-22 18:25:39.677  9861  9861 E IPCThreadState: Binder transaction failure: 1165645/29201/-1
07-22 18:25:39.693  9861  9861 E IPCThreadState: Binder transaction failure: 1165662/29201/-1
07-22 18:25:39.695  9861  9861 E IPCThreadState: Binder transaction failure: 1165666/29201/-1
07-22 18:25:39.695  9861  9861 E IPCThreadState: Binder transaction failure: 1165670/29201/-1
07-22 18:25:39.696  9861  9861 E IPCThreadState: Binder transaction failure: 1165674/29201/-1
07-22 18:25:39.697  9861  9861 E IPCThreadState: Binder transaction failure: 1165678/29201/-1
07-22 18:25:39.697  9861  9861 E IPCThreadState: Binder transaction failure: 1165682/29201/-1
07-22 18:25:39.708  9861  9861 E IPCThreadState: Binder transaction failure: 1165730/29201/-1
07-22 18:25:39.709  9861  9861 E IPCThreadState: Binder transaction failure: 1165734/29201/-1
07-22 18:25:39.725  9861  9861 E IPCThreadState: Binder transaction failure: 1165775/29201/-1
07-22 18:25:40.034  9861  9861 E IPCThreadState: Binder transaction failure: 1166869/29201/-1
07-22 18:25:40.091  9864  9864 E IPCThreadState: Binder transaction failure: 1166979/29201/-1
07-22 18:25:40.093  9864  9864 E IPCThreadState: Binder transaction failure: 1166983/29201/-1
07-22 18:25:40.094  9864  9864 E IPCThreadState: Binder transaction failure: 1166987/29201/-1
07-22 18:25:40.095  9864  9864 E IPCThreadState: Binder transaction failure: 1166991/29201/-1
07-22 18:25:40.095  9864  9864 E IPCThreadState: Binder transaction failure: 1166995/29201/-1
07-22 18:25:40.096  9864  9864 E IPCThreadState: Binder transaction failure: 1166999/29201/-1
07-22 18:25:40.097  9864  9864 E IPCThreadState: Binder transaction failure: 1167003/29201/-1
07-22 18:25:40.099  9864  9864 E IPCThreadState: Binder transaction failure: 1167013/29201/-1
07-22 18:25:40.100  9864  9864 E IPCThreadState: Binder transaction failure: 1167022/29201/-1
07-22 18:25:40.101  9864  9864 E IPCThreadState: Binder transaction failure: 1167027/29201/-1
07-22 18:25:40.101  9864  9864 E IPCThreadState: Binder transaction failure: 1167031/29201/-1
07-22 18:25:40.102  9864  9864 E IPCThreadState: Binder transaction failure: 1167035/29201/-1
07-22 18:25:40.102  9864  9864 E IPCThreadState: Binder transaction failure: 1167039/29201/-1
07-22 18:25:40.105  9864  9864 E IPCThreadState: Binder transaction failure: 1167063/29201/-1
07-22 18:25:40.106  9864  9864 E IPCThreadState: Binder transaction failure: 1167067/29201/-1
07-22 18:25:40.106  9864  9864 E IPCThreadState: Binder transaction failure: 1167071/29201/-1
07-22 18:25:40.107  9864  9864 E IPCThreadState: Binder transaction failure: 1167075/29201/-1
07-22 18:25:40.107  9864  9864 E IPCThreadState: Binder transaction failure: 1167079/29201/-1
07-22 18:25:40.108  9864  9864 E IPCThreadState: Binder transaction failure: 1167083/29201/-1
07-22 18:25:40.109  9864  9864 E IPCThreadState: Binder transaction failure: 1167087/29201/-1
07-22 18:25:40.109  9864  9864 E IPCThreadState: Binder transaction failure: 1167091/29201/-1
07-22 18:25:40.109  9864  9864 E IPCThreadState: Binder transaction failure: 1167095/29201/-1
07-22 18:25:40.110  9864  9864 E IPCThreadState: Binder transaction failure: 1167099/29201/-1
07-22 18:25:40.111  9864  9864 E IPCThreadState: Binder transaction failure: 1167103/29201/-1
07-22 18:25:40.111  9864  9864 E IPCThreadState: Binder transaction failure: 1167107/29201/-1
07-22 18:25:40.127  9864  9864 E IPCThreadState: Binder transaction failure: 1167124/29201/-1
07-22 18:25:40.127  9864  9864 E IPCThreadState: Binder transaction failure: 1167128/29201/-1
07-22 18:25:40.129  9864  9864 E IPCThreadState: Binder transaction failure: 1167132/29201/-1
07-22 18:25:40.129  9864  9864 E IPCThreadState: Binder transaction failure: 1167136/29201/-1
07-22 18:25:40.129  9864  9864 E IPCThreadState: Binder transaction failure: 1167140/29201/-1
07-22 18:25:40.130  9864  9864 E IPCThreadState: Binder transaction failure: 1167144/29201/-1
07-22 18:25:40.144  9864  9864 E IPCThreadState: Binder transaction failure: 1167192/29201/-1
07-22 18:25:40.145  9864  9864 E IPCThreadState: Binder transaction failure: 1167196/29201/-1
07-22 18:25:40.153  9864  9864 E IPCThreadState: Binder transaction failure: 1167237/29201/-1
07-22 18:25:40.444  9864  9864 E IPCThreadState: Binder transaction failure: 1168327/29201/-1
07-22 18:25:40.493  9866  9866 E IPCThreadState: Binder transaction failure: 1168437/29201/-1
07-22 18:25:40.494  9866  9866 E IPCThreadState: Binder transaction failure: 1168441/29201/-1
07-22 18:25:40.494  9866  9866 E IPCThreadState: Binder transaction failure: 1168445/29201/-1
07-22 18:25:40.495  9866  9866 E IPCThreadState: Binder transaction failure: 1168449/29201/-1
07-22 18:25:40.496  9866  9866 E IPCThreadState: Binder transaction failure: 1168453/29201/-1
07-22 18:25:40.497  9866  9866 E IPCThreadState: Binder transaction failure: 1168457/29201/-1
07-22 18:25:40.497  9866  9866 E IPCThreadState: Binder transaction failure: 1168461/29201/-1
07-22 18:25:40.502  9866  9866 E IPCThreadState: Binder transaction failure: 1168471/29201/-1
07-22 18:25:40.503  9866  9866 E IPCThreadState: Binder transaction failure: 1168481/29201/-1
07-22 18:25:40.503  9866  9866 E IPCThreadState: Binder transaction failure: 1168485/29201/-1
07-22 18:25:40.504  9866  9866 E IPCThreadState: Binder transaction failure: 1168489/29201/-1
07-22 18:25:40.504  9866  9866 E IPCThreadState: Binder transaction failure: 1168493/29201/-1
07-22 18:25:40.504  9866  9866 E IPCThreadState: Binder transaction failure: 1168497/29201/-1
07-22 18:25:40.511  9866  9866 E IPCThreadState: Binder transaction failure: 1168521/29201/-1
07-22 18:25:40.513  9866  9866 E IPCThreadState: Binder transaction failure: 1168525/29201/-1
07-22 18:25:40.513  9866  9866 E IPCThreadState: Binder transaction failure: 1168529/29201/-1
07-22 18:25:40.513  9866  9866 E IPCThreadState: Binder transaction failure: 1168533/29201/-1
07-22 18:25:40.514  9866  9866 E IPCThreadState: Binder transaction failure: 1168537/29201/-1
07-22 18:25:40.514  9866  9866 E IPCThreadState: Binder transaction failure: 1168541/29201/-1
07-22 18:25:40.515  9866  9866 E IPCThreadState: Binder transaction failure: 1168545/29201/-1
07-22 18:25:40.516  9866  9866 E IPCThreadState: Binder transaction failure: 1168550/29201/-1
07-22 18:25:40.517  9866  9866 E IPCThreadState: Binder transaction failure: 1168554/29201/-1
07-22 18:25:40.518  9866  9866 E IPCThreadState: Binder transaction failure: 1168558/29201/-1
07-22 18:25:40.518  9866  9866 E IPCThreadState: Binder transaction failure: 1168563/29201/-1
07-22 18:25:40.518  9866  9866 E IPCThreadState: Binder transaction failure: 1168567/29201/-1
07-22 18:25:40.537  9866  9866 E IPCThreadState: Binder transaction failure: 1168584/29201/-1
07-22 18:25:40.538  9866  9866 E IPCThreadState: Binder transaction failure: 1168588/29201/-1
07-22 18:25:40.540  9866  9866 E IPCThreadState: Binder transaction failure: 1168592/29201/-1
07-22 18:25:40.541  9866  9866 E IPCThreadState: Binder transaction failure: 1168596/29201/-1
07-22 18:25:40.542  9866  9866 E IPCThreadState: Binder transaction failure: 1168600/29201/-1
07-22 18:25:40.543  9866  9866 E IPCThreadState: Binder transaction failure: 1168604/29201/-1
07-22 18:25:40.559  9866  9866 E IPCThreadState: Binder transaction failure: 1168652/29201/-1
07-22 18:25:40.560  9866  9866 E IPCThreadState: Binder transaction failure: 1168656/29201/-1
07-22 18:25:40.571  9866  9866 E IPCThreadState: Binder transaction failure: 1168697/29201/-1
07-22 18:25:40.870  9866  9866 E IPCThreadState: Binder transaction failure: 1169789/29201/-1
07-22 18:25:42.219   589  1484 E SystemServiceRegistry: android.os.ServiceManager$ServiceNotFoundException: No service published for: persistent_data_block
07-22 18:25:42.869   589   616 E IPCThreadState: Binder transaction failure: 1170361/29189/-22
07-22 18:25:42.884   589   616 W WindowManager: android.os.DeadObjectException
07-22 18:25:42.884   589   616 E IPCThreadState: Binder transaction failure: 1170386/29189/-22
07-22 18:25:42.884   589   616 W WindowManager: android.os.DeadObjectException
07-22 18:25:42.922   589   616 W WindowManager: android.os.DeadObjectException
07-22 18:25:43.197   589  1663 W AppOpService: java.lang.RuntimeException
07-22 18:25:43.341  1383  1391 W System  : A resource failed to call release. 
07-22 18:25:43.343  1383  1391 W System  : A resource failed to call release. 
07-22 18:25:43.343  1383  1391 W System  : A resource failed to call release. 
07-22 18:25:43.374   589  1922 W AppOpService: java.lang.RuntimeException
07-22 18:25:43.396   589  1484 W AppOpService: java.lang.RuntimeException
07-22 18:25:43.476   589   714 W AppOpService: java.lang.RuntimeException
07-22 18:25:43.477   589   616 W WindowManager: android.os.DeadObjectException
07-22 18:25:43.477   589   714 W AppOpService: java.lang.RuntimeException
07-22 18:25:43.491   589  1484 W AppOpService: java.lang.RuntimeException
07-22 18:25:43.719   589  1484 W AppOpService: java.lang.RuntimeException
07-22 18:25:43.741   589  2187 W WindowManager: Exception thrown during dispatchAppVisibility Window{99b8b95 u0 com.frontend/com.frontend.MainActivity EXITING}
07-22 18:25:43.741   589  2187 W WindowManager: android.os.DeadObjectException
07-22 18:25:43.742   589  1955 W AppOpService: java.lang.RuntimeException
07-22 18:25:43.745   589  1933 W AppOpService: java.lang.RuntimeException
07-22 18:25:43.745   589   714 W AppOpService: java.lang.RuntimeException
07-22 18:25:43.746   589  1933 W AppOpService: java.lang.RuntimeException
07-22 18:25:43.750   589  1955 W AppOpService: java.lang.RuntimeException
07-22 18:25:43.765   589  1933 W AppOpService: java.lang.RuntimeException
07-22 18:25:43.776   589   714 W AppOpService: java.lang.RuntimeException
07-22 18:25:43.779   589   714 W AppOpService: java.lang.RuntimeException
07-22 18:25:43.789   589  1933 W AppOpService: java.lang.RuntimeException
07-22 18:25:43.790   589  1484 W AppOpService: java.lang.RuntimeException
07-22 18:25:43.793   589   714 W AppOpService: java.lang.RuntimeException
07-22 18:25:43.906   589   605 W System  : A resource failed to call release. 
07-22 18:25:43.907   589   605 W System  : A resource failed to call close. 
07-22 18:25:43.984  1103  1118 W System  : A resource failed to call release. 
07-22 18:25:43.984  1103  1118 W System  : A resource failed to call release. 
07-22 18:25:43.984  1103  1118 W System  : A resource failed to call release. 
07-22 18:25:43.984  1103  1118 W System  : A resource failed to call release. 
07-22 18:25:43.992  1103  1118 W System  : A resource failed to call release. 
07-22 18:25:43.993  1103  1118 W System  : A resource failed to call release. 
07-22 18:25:48.661  9905  9991 E chromium: [0722/182548.654563:ERROR:variations_seed_loader.cc(37)] Seed missing signature.
07-22 18:25:51.572   431   431 D audioserver: logFgsApiBegin: FGS Logger Transaction failed, -129
07-22 18:25:51.738   431   541 D audioserver: logFgsApiEnd: FGS Logger Transaction failed, -129
07-22 18:25:52.157   431   431 D audioserver: logFgsApiBegin: FGS Logger Transaction failed, -129
07-22 18:25:52.395   431   541 D audioserver: logFgsApiEnd: FGS Logger Transaction failed, -129
07-22 18:25:52.683   431   431 D audioserver: logFgsApiBegin: FGS Logger Transaction failed, -129
07-22 18:25:52.919   431   541 D audioserver: logFgsApiEnd: FGS Logger Transaction failed, -129
07-22 18:25:53.286   431   431 D audioserver: logFgsApiBegin: FGS Logger Transaction failed, -129
07-22 18:25:53.505   431   541 D audioserver: logFgsApiEnd: FGS Logger Transaction failed, -129
07-22 18:26:09.989  9528  9528 W Finsky  : [2] afeh.b(126): STU: Failed to get storage stats for package 'com.google.mainline.primary.libs' (1601: Error getting stats: android.content.pm.PackageManager.NameNotFoundException)
07-22 18:26:10.016  9528  9528 W Finsky  : [2] afeh.b(126): STU: Failed to get storage stats for package 'com.google.android.uwb' (1601: Error getting stats: android.content.pm.PackageManager.NameNotFoundException)
07-22 18:26:10.020  9528  9528 W Finsky  : [2] afeh.b(126): STU: Failed to get storage stats for package 'com.google.android.widevine.nonupdatable' (1601: Error getting stats: android.content.pm.PackageManager.NameNotFoundException)
07-22 18:26:10.023  9528  9528 W Finsky  : [2] afeh.b(126): STU: Failed to get storage stats for package 'com.android.nfcservices' (1601: Error getting stats: android.content.pm.PackageManager.NameNotFoundException)
07-22 18:26:10.027  9528  9528 W Finsky  : [2] afeh.b(126): STU: Failed to get storage stats for package 'com.google.android.tzdata6' (1601: Error getting stats: android.content.pm.PackageManager.NameNotFoundException)
07-22 18:26:10.052  9528  9528 W Finsky  : [2] afeh.b(126): STU: Failed to get storage stats for package 'com.google.android.permission' (1601: Error getting stats: android.content.pm.PackageManager.NameNotFoundException)
07-22 18:26:10.092  9528  9528 W Finsky  : [2] afeh.b(126): STU: Failed to get storage stats for package 'com.google.android.devicelock' (1601: Error getting stats: android.content.pm.PackageManager.NameNotFoundException)
07-22 18:26:10.099  9528  9528 W Finsky  : [2] afeh.b(126): STU: Failed to get storage stats for package 'com.google.android.wifi' (1601: Error getting stats: android.content.pm.PackageManager.NameNotFoundException)
07-22 18:26:10.118  9528  9528 W Finsky  : [2] afeh.b(126): STU: Failed to get storage stats for package 'com.android.hardware.authsecret' (1601: Error getting stats: android.content.pm.PackageManager.NameNotFoundException)
07-22 18:26:10.126  9528  9528 W Finsky  : [2] afeh.b(126): STU: Failed to get storage stats for package 'com.android.apex.cts.shim' (1601: Error getting stats: android.content.pm.PackageManager.NameNotFoundException)
07-22 18:26:10.536  9528  9528 W Finsky  : [2] afeh.b(126): STU: Failed to get storage stats for package 'com.google.android.appsearch' (1601: Error getting stats: android.content.pm.PackageManager.NameNotFoundException)
07-22 18:26:10.537  9528  9528 W Finsky  : [2] afeh.b(126): STU: Failed to get storage stats for package 'com.google.android.media.swcodec' (1601: Error getting stats: android.content.pm.PackageManager.NameNotFoundException)
07-22 18:26:10.540  9528  9528 W Finsky  : [2] afeh.b(126): STU: Failed to get storage stats for package 'com.google.android.art' (1601: Error getting stats: android.content.pm.PackageManager.NameNotFoundException)
07-22 18:26:10.555  9528  9528 W Finsky  : [2] afeh.b(126): STU: Failed to get storage stats for package 'com.google.android.profiling' (1601: Error getting stats: android.content.pm.PackageManager.NameNotFoundException)
07-22 18:26:10.583  9528  9528 W Finsky  : [2] afeh.b(126): STU: Failed to get storage stats for package 'com.google.android.mediaprovider' (1601: Error getting stats: android.content.pm.PackageManager.NameNotFoundException)
07-22 18:26:10.596  9528  9528 W Finsky  : [2] afeh.b(126): STU: Failed to get storage stats for package 'com.google.android.btservices' (1601: Error getting stats: android.content.pm.PackageManager.NameNotFoundException)
07-22 18:26:10.602  9528  9528 W Finsky  : [2] afeh.b(126): STU: Failed to get storage stats for package 'com.android.virt' (1601: Error getting stats: android.content.pm.PackageManager.NameNotFoundException)
07-22 18:26:10.603  9528  9528 W Finsky  : [2] afeh.b(126): STU: Failed to get storage stats for package 'com.android.hardware.neuralnetworks' (1601: Error getting stats: android.content.pm.PackageManager.NameNotFoundException)
07-22 18:26:10.603  9528  9528 W Finsky  : [2] afeh.b(126): STU: Failed to get storage stats for package 'com.google.android.adbd' (1601: Error getting stats: android.content.pm.PackageManager.NameNotFoundException)
07-22 18:26:10.606  9528  9528 W Finsky  : [2] afeh.b(126): STU: Failed to get storage stats for package 'com.google.android.resolv' (1601: Error getting stats: android.content.pm.PackageManager.NameNotFoundException)
07-22 18:26:10.621  9528  9528 W Finsky  : [2] afeh.b(126): STU: Failed to get storage stats for package 'com.android.i18n' (1601: Error getting stats: android.content.pm.PackageManager.NameNotFoundException)
07-22 18:26:10.628  9528  9528 W Finsky  : [2] afeh.b(126): STU: Failed to get storage stats for package 'com.google.android.configinfrastructure' (1601: Error getting stats: android.content.pm.PackageManager.NameNotFoundException)
07-22 18:26:10.629  9528  9528 W Finsky  : [2] afeh.b(126): STU: Failed to get storage stats for package 'com.google.android.media' (1601: Error getting stats: android.content.pm.PackageManager.NameNotFoundException)
07-22 18:26:10.629  9528  9528 W Finsky  : [2] afeh.b(126): STU: Failed to get storage stats for package 'com.google.android.conscrypt' (1601: Error getting stats: android.content.pm.PackageManager.NameNotFoundException)
07-22 18:26:10.636  9528  9528 W Finsky  : [2] afeh.b(126): STU: Failed to get storage stats for package 'com.android.hardware.cas' (1601: Error getting stats: android.content.pm.PackageManager.NameNotFoundException)
07-22 18:26:10.646  9528  9528 W Finsky  : [2] afeh.b(126): STU: Failed to get storage stats for package 'com.google.android.neuralnetworks' (1601: Error getting stats: android.content.pm.PackageManager.NameNotFoundException)
07-22 18:26:10.650  9528  9528 W Finsky  : [2] afeh.b(126): STU: Failed to get storage stats for package 'com.google.android.runtime' (1601: Error getting stats: android.content.pm.PackageManager.NameNotFoundException)
07-22 18:26:10.652  9528  9528 W Finsky  : [2] afeh.b(126): STU: Failed to get storage stats for package 'com.google.android.ipsec' (1601: Error getting stats: android.content.pm.PackageManager.NameNotFoundException)
07-22 18:26:10.666  9528  9528 W Finsky  : [2] afeh.b(126): STU: Failed to get storage stats for package 'com.google.android.ondevicepersonalization' (1601: Error getting stats: android.content.pm.PackageManager.NameNotFoundException)
07-22 18:26:10.677  9528  9528 W Finsky  : [2] afeh.b(126): STU: Failed to get storage stats for package 'com.google.android.sdkext' (1601: Error getting stats: android.content.pm.PackageManager.NameNotFoundException)
07-22 18:26:10.677  9528  9528 W Finsky  : [2] afeh.b(126): STU: Failed to get storage stats for package 'com.google.android.healthfitness' (1601: Error getting stats: android.content.pm.PackageManager.NameNotFoundException)
07-22 18:26:10.715  9528  9528 W Finsky  : [2] afeh.b(126): STU: Failed to get storage stats for package 'com.google.android.adservices' (1601: Error getting stats: android.content.pm.PackageManager.NameNotFoundException)
07-22 18:26:10.715  9528  9528 W Finsky  : [2] afeh.b(126): STU: Failed to get storage stats for package 'com.google.android.tethering' (1601: Error getting stats: android.content.pm.PackageManager.NameNotFoundException)
07-22 18:26:10.728  9528  9528 W Finsky  : [2] afeh.b(126): STU: Failed to get storage stats for package 'com.google.android.extservices' (1601: Error getting stats: android.content.pm.PackageManager.NameNotFoundException)
07-22 18:26:10.800  9528  9528 W Finsky  : [2] afeh.b(126): STU: Failed to get storage stats for package 'com.google.android.os.statsd' (1601: Error getting stats: android.content.pm.PackageManager.NameNotFoundException)
07-22 18:26:10.802  9528  9528 W Finsky  : [2] afeh.b(126): STU: Failed to get storage stats for package 'com.android.hardware.rebootescrow' (1601: Error getting stats: android.content.pm.PackageManager.NameNotFoundException)
07-22 18:26:10.806  9528  9528 W Finsky  : [2] afeh.b(126): STU: Failed to get storage stats for package 'com.google.android.cellbroadcast' (1601: Error getting stats: android.content.pm.PackageManager.NameNotFoundException)
07-22 18:26:10.820  9528  9528 W Finsky  : [2] afeh.b(126): STU: Failed to get storage stats for package 'com.google.android.rkpd' (1601: Error getting stats: android.content.pm.PackageManager.NameNotFoundException)
07-22 18:26:10.858  9528  9528 W Finsky  : [2] afeh.b(126): STU: Failed to get storage stats for package 'com.google.android.scheduling' (1601: Error getting stats: android.content.pm.PackageManager.NameNotFoundException)
07-22 18:32:27.970 10062 10062 E crash_dump64: failed to get the guest state header for thread 10032: Bad address
07-22 18:32:27.971 10062 10062 E crash_dump64: failed to get the guest state header for thread 10033: Bad address
07-22 18:32:27.972 10062 10062 E crash_dump64: failed to get the guest state header for thread 10034: Bad address
07-22 18:32:27.972 10062 10062 E crash_dump64: failed to get the guest state header for thread 10035: Bad address
07-22 18:32:27.972 10062 10062 E crash_dump64: failed to get the guest state header for thread 10036: Bad address
07-22 18:32:27.973 10062 10062 E crash_dump64: failed to get the guest state header for thread 10037: Bad address
07-22 18:32:27.973 10062 10062 E crash_dump64: failed to get the guest state header for thread 10038: Bad address
07-22 18:32:27.974 10062 10062 E crash_dump64: failed to get the guest state header for thread 10039: Bad address
07-22 18:32:27.974 10062 10062 E crash_dump64: failed to get the guest state header for thread 10040: Bad address
07-22 18:32:27.974 10062 10062 E crash_dump64: failed to get the guest state header for thread 10041: Bad address
07-22 18:32:27.975 10062 10062 E crash_dump64: failed to get the guest state header for thread 10042: Bad address
07-22 18:32:27.975 10062 10062 E crash_dump64: failed to get the guest state header for thread 10044: Bad address
07-22 18:32:27.975 10062 10062 E crash_dump64: failed to get the guest state header for thread 10045: Bad address
07-22 18:32:27.976 10062 10062 E crash_dump64: failed to get the guest state header for thread 10046: Bad address
07-22 18:32:27.977 10062 10062 E crash_dump64: failed to get the guest state header for thread 10050: Bad address
07-22 18:32:27.977 10062 10062 E crash_dump64: failed to get the guest state header for thread 10051: Bad address
07-22 18:32:27.977 10062 10062 E crash_dump64: failed to get the guest state header for thread 10052: Bad address
07-22 18:32:27.978 10062 10062 E crash_dump64: failed to get the guest state header for thread 10053: Bad address
07-22 18:32:27.978 10062 10062 E crash_dump64: failed to get the guest state header for thread 10054: Bad address
07-22 18:32:27.979 10062 10062 E crash_dump64: failed to get the guest state header for thread 10055: Bad address
07-22 18:32:27.979 10062 10062 E crash_dump64: failed to get the guest state header for thread 10056: Bad address
07-22 18:32:27.979 10062 10062 E crash_dump64: failed to get the guest state header for thread 10057: Bad address
07-22 18:32:27.980 10062 10062 E crash_dump64: failed to get the guest state header for thread 10058: Bad address
07-22 18:32:27.980 10062 10062 E crash_dump64: failed to get the guest state header for thread 10061: Bad address
07-22 18:32:28.003 10062 10062 E DEBUG   : failed to read process info: failed to open /proc/10032: No such file or directory
07-22 18:34:43.270 10086 10086 E IPCThreadState: Binder transaction failure: 1251004/29201/-1
07-22 18:34:43.275 10086 10086 E IPCThreadState: Binder transaction failure: 1251009/29201/-1
07-22 18:34:43.287 10086 10086 E IPCThreadState: Binder transaction failure: 1251028/29201/-1
07-22 18:34:43.294 10086 10086 E IPCThreadState: Binder transaction failure: 1251048/29201/-1
07-22 18:34:43.302 10086 10086 E IPCThreadState: Binder transaction failure: 1251052/29201/-1
07-22 18:34:43.302 10086 10086 E IPCThreadState: Binder transaction failure: 1251062/29201/-1
07-22 18:34:43.303 10086 10086 E IPCThreadState: Binder transaction failure: 1251066/29201/-1
07-22 18:34:43.305 10086 10086 E IPCThreadState: Binder transaction failure: 1251077/29201/-1
07-22 18:34:43.307 10086 10086 E IPCThreadState: Binder transaction failure: 1251087/29201/-1
07-22 18:34:43.312 10086 10086 E IPCThreadState: Binder transaction failure: 1251091/29201/-1
07-22 18:34:43.313 10086 10086 E IPCThreadState: Binder transaction failure: 1251095/29201/-1
07-22 18:34:43.314 10086 10086 E IPCThreadState: Binder transaction failure: 1251099/29201/-1
07-22 18:34:43.314 10086 10086 E IPCThreadState: Binder transaction failure: 1251103/29201/-1
07-22 18:34:43.324 10086 10086 E IPCThreadState: Binder transaction failure: 1251132/29201/-1
07-22 18:34:43.325 10086 10086 E IPCThreadState: Binder transaction failure: 1251137/29201/-1
07-22 18:34:43.325 10086 10086 E IPCThreadState: Binder transaction failure: 1251142/29201/-1
07-22 18:34:43.331 10086 10086 E IPCThreadState: Binder transaction failure: 1251147/29201/-1
07-22 18:34:43.332 10086 10086 E IPCThreadState: Binder transaction failure: 1251152/29201/-1
07-22 18:34:43.333 10086 10086 E IPCThreadState: Binder transaction failure: 1251156/29201/-1
07-22 18:34:43.333 10086 10086 E IPCThreadState: Binder transaction failure: 1251160/29201/-1
07-22 18:34:43.333 10086 10086 E IPCThreadState: Binder transaction failure: 1251164/29201/-1
07-22 18:34:43.334 10086 10086 E IPCThreadState: Binder transaction failure: 1251169/29201/-1
07-22 18:34:43.334 10086 10086 E IPCThreadState: Binder transaction failure: 1251173/29201/-1
07-22 18:34:43.336 10086 10086 E IPCThreadState: Binder transaction failure: 1251177/29201/-1
07-22 18:34:43.337 10086 10086 E IPCThreadState: Binder transaction failure: 1251181/29201/-1
07-22 18:34:43.356 10086 10086 E IPCThreadState: Binder transaction failure: 1251198/29201/-1
07-22 18:34:43.357 10086 10086 E IPCThreadState: Binder transaction failure: 1251202/29201/-1
07-22 18:34:43.358 10086 10086 E IPCThreadState: Binder transaction failure: 1251206/29201/-1
07-22 18:34:43.360 10086 10086 E IPCThreadState: Binder transaction failure: 1251210/29201/-1
07-22 18:34:43.360 10086 10086 E IPCThreadState: Binder transaction failure: 1251214/29201/-1
07-22 18:34:43.362 10086 10086 E IPCThreadState: Binder transaction failure: 1251218/29201/-1
07-22 18:34:43.380 10086 10086 E IPCThreadState: Binder transaction failure: 1251266/29201/-1
07-22 18:34:43.381 10086 10086 E IPCThreadState: Binder transaction failure: 1251270/29201/-1
07-22 18:34:43.397 10086 10086 E IPCThreadState: Binder transaction failure: 1251312/29201/-1
07-22 18:34:43.781 10086 10086 E IPCThreadState: Binder transaction failure: 1252415/29201/-1
07-22 18:34:43.875 10088 10088 E IPCThreadState: Binder transaction failure: 1252530/29201/-1
07-22 18:34:43.875 10088 10088 E IPCThreadState: Binder transaction failure: 1252534/29201/-1
07-22 18:34:43.877 10088 10088 E IPCThreadState: Binder transaction failure: 1252538/29201/-1
07-22 18:34:43.877 10088 10088 E IPCThreadState: Binder transaction failure: 1252542/29201/-1
07-22 18:34:43.877 10088 10088 E IPCThreadState: Binder transaction failure: 1252546/29201/-1
07-22 18:34:43.878 10088 10088 E IPCThreadState: Binder transaction failure: 1252550/29201/-1
07-22 18:34:43.878 10088 10088 E IPCThreadState: Binder transaction failure: 1252554/29201/-1
07-22 18:34:43.881 10088 10088 E IPCThreadState: Binder transaction failure: 1252563/29201/-1
07-22 18:34:43.884 10088 10088 E IPCThreadState: Binder transaction failure: 1252574/29201/-1
07-22 18:34:43.885 10088 10088 E IPCThreadState: Binder transaction failure: 1252578/29201/-1
07-22 18:34:43.887 10088 10088 E IPCThreadState: Binder transaction failure: 1252582/29201/-1
07-22 18:34:43.889 10088 10088 E IPCThreadState: Binder transaction failure: 1252586/29201/-1
07-22 18:34:43.891 10088 10088 E IPCThreadState: Binder transaction failure: 1252590/29201/-1
07-22 18:34:43.897 10088 10088 E IPCThreadState: Binder transaction failure: 1252614/29201/-1
07-22 18:34:43.899 10088 10088 E IPCThreadState: Binder transaction failure: 1252619/29201/-1
07-22 18:34:43.899 10088 10088 E IPCThreadState: Binder transaction failure: 1252623/29201/-1
07-22 18:34:43.900 10088 10088 E IPCThreadState: Binder transaction failure: 1252627/29201/-1
07-22 18:34:43.902 10088 10088 E IPCThreadState: Binder transaction failure: 1252632/29201/-1
07-22 18:34:43.902 10088 10088 E IPCThreadState: Binder transaction failure: 1252636/29201/-1
07-22 18:34:43.903 10088 10088 E IPCThreadState: Binder transaction failure: 1252640/29201/-1
07-22 18:34:43.905 10088 10088 E IPCThreadState: Binder transaction failure: 1252644/29201/-1
07-22 18:34:43.906 10088 10088 E IPCThreadState: Binder transaction failure: 1252648/29201/-1
07-22 18:34:43.906 10088 10088 E IPCThreadState: Binder transaction failure: 1252652/29201/-1
07-22 18:34:43.907 10088 10088 E IPCThreadState: Binder transaction failure: 1252656/29201/-1
07-22 18:34:43.909 10088 10088 E IPCThreadState: Binder transaction failure: 1252660/29201/-1
07-22 18:34:43.927 10088 10088 E IPCThreadState: Binder transaction failure: 1252677/29201/-1
07-22 18:34:43.928 10088 10088 E IPCThreadState: Binder transaction failure: 1252681/29201/-1
07-22 18:34:43.929 10088 10088 E IPCThreadState: Binder transaction failure: 1252685/29201/-1
07-22 18:34:43.930 10088 10088 E IPCThreadState: Binder transaction failure: 1252689/29201/-1
07-22 18:34:43.931 10088 10088 E IPCThreadState: Binder transaction failure: 1252693/29201/-1
07-22 18:34:43.932 10088 10088 E IPCThreadState: Binder transaction failure: 1252698/29201/-1
07-22 18:34:43.947 10088 10088 E IPCThreadState: Binder transaction failure: 1252745/29201/-1
07-22 18:34:43.947 10088 10088 E IPCThreadState: Binder transaction failure: 1252749/29201/-1
07-22 18:34:43.959 10088 10088 E IPCThreadState: Binder transaction failure: 1252790/29201/-1
07-22 18:34:44.247 10088 10088 E IPCThreadState: Binder transaction failure: 1253880/29201/-1
07-22 18:34:44.341 10090 10090 E IPCThreadState: Binder transaction failure: 1253996/29201/-1
07-22 18:34:44.344 10090 10090 E IPCThreadState: Binder transaction failure: 1254000/29201/-1
07-22 18:34:44.344 10090 10090 E IPCThreadState: Binder transaction failure: 1254004/29201/-1
07-22 18:34:44.345 10090 10090 E IPCThreadState: Binder transaction failure: 1254008/29201/-1
07-22 18:34:44.345 10090 10090 E IPCThreadState: Binder transaction failure: 1254012/29201/-1
07-22 18:34:44.349 10090 10090 E IPCThreadState: Binder transaction failure: 1254016/29201/-1
07-22 18:34:44.349 10090 10090 E IPCThreadState: Binder transaction failure: 1254021/29201/-1
07-22 18:34:44.350 10090 10090 E IPCThreadState: Binder transaction failure: 1254030/29201/-1
07-22 18:34:44.351 10090 10090 E IPCThreadState: Binder transaction failure: 1254039/29201/-1
07-22 18:34:44.351 10090 10090 E IPCThreadState: Binder transaction failure: 1254043/29201/-1
07-22 18:34:44.352 10090 10090 E IPCThreadState: Binder transaction failure: 1254047/29201/-1
07-22 18:34:44.353 10090 10090 E IPCThreadState: Binder transaction failure: 1254052/29201/-1
07-22 18:34:44.353 10090 10090 E IPCThreadState: Binder transaction failure: 1254056/29201/-1
07-22 18:34:44.356 10090 10090 E IPCThreadState: Binder transaction failure: 1254080/29201/-1
07-22 18:34:44.356 10090 10090 E IPCThreadState: Binder transaction failure: 1254084/29201/-1
07-22 18:34:44.357 10090 10090 E IPCThreadState: Binder transaction failure: 1254088/29201/-1
07-22 18:34:44.357 10090 10090 E IPCThreadState: Binder transaction failure: 1254092/29201/-1
07-22 18:34:44.357 10090 10090 E IPCThreadState: Binder transaction failure: 1254096/29201/-1
07-22 18:34:44.358 10090 10090 E IPCThreadState: Binder transaction failure: 1254100/29201/-1
07-22 18:34:44.358 10090 10090 E IPCThreadState: Binder transaction failure: 1254104/29201/-1
07-22 18:34:44.358 10090 10090 E IPCThreadState: Binder transaction failure: 1254108/29201/-1
07-22 18:34:44.359 10090 10090 E IPCThreadState: Binder transaction failure: 1254112/29201/-1
07-22 18:34:44.359 10090 10090 E IPCThreadState: Binder transaction failure: 1254116/29201/-1
07-22 18:34:44.359 10090 10090 E IPCThreadState: Binder transaction failure: 1254120/29201/-1
07-22 18:34:44.360 10090 10090 E IPCThreadState: Binder transaction failure: 1254124/29201/-1
07-22 18:34:44.372 10090 10090 E IPCThreadState: Binder transaction failure: 1254141/29201/-1
07-22 18:34:44.373 10090 10090 E IPCThreadState: Binder transaction failure: 1254145/29201/-1
07-22 18:34:44.373 10090 10090 E IPCThreadState: Binder transaction failure: 1254149/29201/-1
07-22 18:34:44.374 10090 10090 E IPCThreadState: Binder transaction failure: 1254153/29201/-1
07-22 18:34:44.374 10090 10090 E IPCThreadState: Binder transaction failure: 1254157/29201/-1
07-22 18:34:44.375 10090 10090 E IPCThreadState: Binder transaction failure: 1254161/29201/-1
07-22 18:34:44.385 10090 10090 E IPCThreadState: Binder transaction failure: 1254209/29201/-1
07-22 18:34:44.386 10090 10090 E IPCThreadState: Binder transaction failure: 1254213/29201/-1
07-22 18:34:44.393 10090 10090 E IPCThreadState: Binder transaction failure: 1254252/29201/-1
07-22 18:34:44.654 10090 10090 E IPCThreadState: Binder transaction failure: 1255340/29201/-1
07-22 18:34:45.628   589  1169 E SystemServiceRegistry: android.os.ServiceManager$ServiceNotFoundException: No service published for: persistent_data_block
07-22 18:34:46.479   589   616 E IPCThreadState: Binder transaction failure: 1255873/29189/-22
07-22 18:34:46.484   589   616 W WindowManager: android.os.DeadObjectException
07-22 18:34:46.484   589   616 E IPCThreadState: Binder transaction failure: 1255881/29189/-22
07-22 18:34:46.485   589   616 W WindowManager: android.os.DeadObjectException
07-22 18:34:46.602   589   616 W WindowManager: android.os.DeadObjectException
07-22 18:34:46.804  1383  1391 W System  : A resource failed to call release. 
07-22 18:34:46.806  1383  1391 W System  : A resource failed to call release. 
07-22 18:34:46.807  1383  1391 W System  : A resource failed to call release. 
07-22 18:34:46.937  1383  2087 D OneSearchSuggestProvider: java.util.concurrent.CompletionException: java.util.NoSuchElementException: No value present
07-22 18:34:46.937  1383  2087 D OneSearchSuggestProvider: 	at java.util.concurrent.CompletableFuture.completeExceptionally(CompletableFuture.java:2138)
07-22 18:34:46.937  1383  2087 D OneSearchSuggestProvider: Caused by: java.util.NoSuchElementException: No value present
07-22 18:34:47.046   589   616 W WindowManager: android.os.DeadObjectException
07-22 18:34:47.054   589  1940 W AppOpService: java.lang.RuntimeException
07-22 18:34:47.135   589   605 W System  : A resource failed to call release. 
07-22 18:34:47.152   589   605 W System  : A resource failed to call close. 
07-22 18:34:47.159   589  1202 W AppOpService: java.lang.RuntimeException
07-22 18:34:47.163   589  1202 W AppOpService: java.lang.RuntimeException
07-22 18:34:47.163   589  1169 W AppOpService: java.lang.RuntimeException
07-22 18:34:47.166   589  1940 W AppOpService: java.lang.RuntimeException
07-22 18:34:47.170   589  2085 W AppOpService: java.lang.RuntimeException
07-22 18:34:47.193  1103  1118 W System  : A resource failed to call release. 
07-22 18:34:47.193  1103  1118 W System  : A resource failed to call release. 
07-22 18:34:47.193  1103  1118 W System  : A resource failed to call release. 
07-22 18:34:47.193  1103  1118 W System  : A resource failed to call release. 
07-22 18:34:47.198  1103  1118 W System  : A resource failed to call release. 
07-22 18:34:47.198  1103  1118 W System  : A resource failed to call release. 
07-22 18:34:47.242   589  2192 W AppOpService: java.lang.RuntimeException
07-22 18:34:47.257   589  1169 W AppOpService: java.lang.RuntimeException
07-22 18:34:47.265   589  1948 W AppOpService: java.lang.RuntimeException
07-22 18:34:47.265   589  1948 W AppOpService: java.lang.RuntimeException
07-22 18:34:47.266   589  1948 W AppOpService: java.lang.RuntimeException
07-22 18:34:47.268   589  1948 W AppOpService: java.lang.RuntimeException
07-22 18:34:47.283   589  2192 W WindowManager: Exception thrown during dispatchAppVisibility Window{537ada9 u0 com.frontend/com.frontend.MainActivity EXITING}
07-22 18:34:47.283   589  2192 W WindowManager: android.os.DeadObjectException
07-22 18:34:47.289   589  1202 W AppOpService: java.lang.RuntimeException
07-22 18:34:47.294   589  1202 W AppOpService: java.lang.RuntimeException
07-22 18:34:47.297   589  1922 W AppOpService: java.lang.RuntimeException
07-22 18:34:47.297   589  1922 W AppOpService: java.lang.RuntimeException
07-22 18:34:47.297   589  1922 W AppOpService: java.lang.RuntimeException
07-22 18:34:47.298   589  1922 W AppOpService: java.lang.RuntimeException
07-22 18:34:49.995  9459  9585 W A       : CompleteServer request has failed and can't show offline suggestions.
07-22 18:34:49.998  1383 10146 E OneSearchSuggestProvider: io.grpc.StatusRuntimeException: CANCELLED
07-22 18:34:53.677 10185 10249 E chromium: [0722/183453.673945:ERROR:variations_seed_loader.cc(37)] Seed missing signature.
07-22 18:35:12.784   431  7041 D audioserver: logFgsApiBegin: FGS Logger Transaction failed, -129
07-22 18:35:12.953   431   541 D audioserver: logFgsApiEnd: FGS Logger Transaction failed, -129
07-22 18:35:13.564  9528  9528 W Finsky  : [2] afeh.b(126): STU: Failed to get storage stats for package 'com.google.mainline.primary.libs' (1601: Error getting stats: android.content.pm.PackageManager.NameNotFoundException)
07-22 18:35:13.617  9528  9528 W Finsky  : [2] afeh.b(126): STU: Failed to get storage stats for package 'com.google.android.uwb' (1601: Error getting stats: android.content.pm.PackageManager.NameNotFoundException)
07-22 18:35:13.625  9528  9528 W Finsky  : [2] afeh.b(126): STU: Failed to get storage stats for package 'com.google.android.widevine.nonupdatable' (1601: Error getting stats: android.content.pm.PackageManager.NameNotFoundException)
07-22 18:35:13.628  9528  9528 W Finsky  : [2] afeh.b(126): STU: Failed to get storage stats for package 'com.android.nfcservices' (1601: Error getting stats: android.content.pm.PackageManager.NameNotFoundException)
07-22 18:35:13.629  9528  9528 W Finsky  : [2] afeh.b(126): STU: Failed to get storage stats for package 'com.google.android.tzdata6' (1601: Error getting stats: android.content.pm.PackageManager.NameNotFoundException)
07-22 18:35:13.663  9528  9528 W Finsky  : [2] afeh.b(126): STU: Failed to get storage stats for package 'com.google.android.permission' (1601: Error getting stats: android.content.pm.PackageManager.NameNotFoundException)
07-22 18:35:13.703  9528  9528 W Finsky  : [2] afeh.b(126): STU: Failed to get storage stats for package 'com.google.android.devicelock' (1601: Error getting stats: android.content.pm.PackageManager.NameNotFoundException)
07-22 18:35:13.712  9528  9528 W Finsky  : [2] afeh.b(126): STU: Failed to get storage stats for package 'com.google.android.wifi' (1601: Error getting stats: android.content.pm.PackageManager.NameNotFoundException)
07-22 18:35:13.735  9528  9528 W Finsky  : [2] afeh.b(126): STU: Failed to get storage stats for package 'com.android.hardware.authsecret' (1601: Error getting stats: android.content.pm.PackageManager.NameNotFoundException)
07-22 18:35:13.744  9528  9528 W Finsky  : [2] afeh.b(126): STU: Failed to get storage stats for package 'com.android.apex.cts.shim' (1601: Error getting stats: android.content.pm.PackageManager.NameNotFoundException)
07-22 18:35:14.114  9528  9528 W Finsky  : [2] afeh.b(126): STU: Failed to get storage stats for package 'com.google.android.appsearch' (1601: Error getting stats: android.content.pm.PackageManager.NameNotFoundException)
07-22 18:35:14.115  9528  9528 W Finsky  : [2] afeh.b(126): STU: Failed to get storage stats for package 'com.google.android.media.swcodec' (1601: Error getting stats: android.content.pm.PackageManager.NameNotFoundException)
07-22 18:35:14.117  9528  9528 W Finsky  : [2] afeh.b(126): STU: Failed to get storage stats for package 'com.google.android.art' (1601: Error getting stats: android.content.pm.PackageManager.NameNotFoundException)
07-22 18:35:14.131  9528  9528 W Finsky  : [2] afeh.b(126): STU: Failed to get storage stats for package 'com.google.android.profiling' (1601: Error getting stats: android.content.pm.PackageManager.NameNotFoundException)
07-22 18:35:14.158  9528  9528 W Finsky  : [2] afeh.b(126): STU: Failed to get storage stats for package 'com.google.android.mediaprovider' (1601: Error getting stats: android.content.pm.PackageManager.NameNotFoundException)
07-22 18:35:14.171  9528  9528 W Finsky  : [2] afeh.b(126): STU: Failed to get storage stats for package 'com.google.android.btservices' (1601: Error getting stats: android.content.pm.PackageManager.NameNotFoundException)
07-22 18:35:14.177  9528  9528 W Finsky  : [2] afeh.b(126): STU: Failed to get storage stats for package 'com.android.virt' (1601: Error getting stats: android.content.pm.PackageManager.NameNotFoundException)
07-22 18:35:14.178  9528  9528 W Finsky  : [2] afeh.b(126): STU: Failed to get storage stats for package 'com.android.hardware.neuralnetworks' (1601: Error getting stats: android.content.pm.PackageManager.NameNotFoundException)
07-22 18:35:14.178  9528  9528 W Finsky  : [2] afeh.b(126): STU: Failed to get storage stats for package 'com.google.android.adbd' (1601: Error getting stats: android.content.pm.PackageManager.NameNotFoundException)
07-22 18:35:14.181  9528  9528 W Finsky  : [2] afeh.b(126): STU: Failed to get storage stats for package 'com.google.android.resolv' (1601: Error getting stats: android.content.pm.PackageManager.NameNotFoundException)
07-22 18:35:14.196  9528  9528 W Finsky  : [2] afeh.b(126): STU: Failed to get storage stats for package 'com.android.i18n' (1601: Error getting stats: android.content.pm.PackageManager.NameNotFoundException)
07-22 18:35:14.204  9528  9528 W Finsky  : [2] afeh.b(126): STU: Failed to get storage stats for package 'com.google.android.configinfrastructure' (1601: Error getting stats: android.content.pm.PackageManager.NameNotFoundException)
07-22 18:35:14.204  9528  9528 W Finsky  : [2] afeh.b(126): STU: Failed to get storage stats for package 'com.google.android.media' (1601: Error getting stats: android.content.pm.PackageManager.NameNotFoundException)
07-22 18:35:14.205  9528  9528 W Finsky  : [2] afeh.b(126): STU: Failed to get storage stats for package 'com.google.android.conscrypt' (1601: Error getting stats: android.content.pm.PackageManager.NameNotFoundException)
07-22 18:35:14.211  9528  9528 W Finsky  : [2] afeh.b(126): STU: Failed to get storage stats for package 'com.android.hardware.cas' (1601: Error getting stats: android.content.pm.PackageManager.NameNotFoundException)
07-22 18:35:14.222  9528  9528 W Finsky  : [2] afeh.b(126): STU: Failed to get storage stats for package 'com.google.android.neuralnetworks' (1601: Error getting stats: android.content.pm.PackageManager.NameNotFoundException)
07-22 18:35:14.226  9528  9528 W Finsky  : [2] afeh.b(126): STU: Failed to get storage stats for package 'com.google.android.runtime' (1601: Error getting stats: android.content.pm.PackageManager.NameNotFoundException)
07-22 18:35:14.228  9528  9528 W Finsky  : [2] afeh.b(126): STU: Failed to get storage stats for package 'com.google.android.ipsec' (1601: Error getting stats: android.content.pm.PackageManager.NameNotFoundException)
07-22 18:35:14.243  9528  9528 W Finsky  : [2] afeh.b(126): STU: Failed to get storage stats for package 'com.google.android.ondevicepersonalization' (1601: Error getting stats: android.content.pm.PackageManager.NameNotFoundException)
07-22 18:35:14.256  9528  9528 W Finsky  : [2] afeh.b(126): STU: Failed to get storage stats for package 'com.google.android.sdkext' (1601: Error getting stats: android.content.pm.PackageManager.NameNotFoundException)
07-22 18:35:14.257  9528  9528 W Finsky  : [2] afeh.b(126): STU: Failed to get storage stats for package 'com.google.android.healthfitness' (1601: Error getting stats: android.content.pm.PackageManager.NameNotFoundException)
07-22 18:35:14.299  9528  9528 W Finsky  : [2] afeh.b(126): STU: Failed to get storage stats for package 'com.google.android.adservices' (1601: Error getting stats: android.content.pm.PackageManager.NameNotFoundException)
07-22 18:35:14.300  9528  9528 W Finsky  : [2] afeh.b(126): STU: Failed to get storage stats for package 'com.google.android.tethering' (1601: Error getting stats: android.content.pm.PackageManager.NameNotFoundException)
07-22 18:35:14.311  9528  9528 W Finsky  : [2] afeh.b(126): STU: Failed to get storage stats for package 'com.google.android.extservices' (1601: Error getting stats: android.content.pm.PackageManager.NameNotFoundException)
07-22 18:35:14.395  9528  9528 W Finsky  : [2] afeh.b(126): STU: Failed to get storage stats for package 'com.google.android.os.statsd' (1601: Error getting stats: android.content.pm.PackageManager.NameNotFoundException)
07-22 18:35:14.397  9528  9528 W Finsky  : [2] afeh.b(126): STU: Failed to get storage stats for package 'com.android.hardware.rebootescrow' (1601: Error getting stats: android.content.pm.PackageManager.NameNotFoundException)
